Archive member included to satisfy reference by file (symbol)

/usr/local/Cellar/arm-none-eabi-gcc/9-2019-q4-major/gcc/bin/../lib/gcc/arm-none-eabi/9.2.1/../../../../arm-none-eabi/lib/thumb/v7e-m+fp/softfp/libc_nano.a(lib_a-exit.o)
                              /usr/local/Cellar/arm-none-eabi-gcc/9-2019-q4-major/gcc/bin/../lib/gcc/arm-none-eabi/9.2.1/../../../../arm-none-eabi/lib/thumb/v7e-m+fp/softfp/crt0.o (exit)
/usr/local/Cellar/arm-none-eabi-gcc/9-2019-q4-major/gcc/bin/../lib/gcc/arm-none-eabi/9.2.1/../../../../arm-none-eabi/lib/thumb/v7e-m+fp/softfp/libc_nano.a(lib_a-impure.o)
                              /usr/local/Cellar/arm-none-eabi-gcc/9-2019-q4-major/gcc/bin/../lib/gcc/arm-none-eabi/9.2.1/../../../../arm-none-eabi/lib/thumb/v7e-m+fp/softfp/libc_nano.a(lib_a-exit.o) (_global_impure_ptr)
/usr/local/Cellar/arm-none-eabi-gcc/9-2019-q4-major/gcc/bin/../lib/gcc/arm-none-eabi/9.2.1/../../../../arm-none-eabi/lib/thumb/v7e-m+fp/softfp/libc_nano.a(lib_a-init.o)
                              /usr/local/Cellar/arm-none-eabi-gcc/9-2019-q4-major/gcc/bin/../lib/gcc/arm-none-eabi/9.2.1/../../../../arm-none-eabi/lib/thumb/v7e-m+fp/softfp/crt0.o (__libc_init_array)
/usr/local/Cellar/arm-none-eabi-gcc/9-2019-q4-major/gcc/bin/../lib/gcc/arm-none-eabi/9.2.1/../../../../arm-none-eabi/lib/thumb/v7e-m+fp/softfp/libc_nano.a(lib_a-malloc.o)
                              build/main.o (malloc)
/usr/local/Cellar/arm-none-eabi-gcc/9-2019-q4-major/gcc/bin/../lib/gcc/arm-none-eabi/9.2.1/../../../../arm-none-eabi/lib/thumb/v7e-m+fp/softfp/libc_nano.a(lib_a-memset.o)
                              /usr/local/Cellar/arm-none-eabi-gcc/9-2019-q4-major/gcc/bin/../lib/gcc/arm-none-eabi/9.2.1/../../../../arm-none-eabi/lib/thumb/v7e-m+fp/softfp/crt0.o (memset)
/usr/local/Cellar/arm-none-eabi-gcc/9-2019-q4-major/gcc/bin/../lib/gcc/arm-none-eabi/9.2.1/../../../../arm-none-eabi/lib/thumb/v7e-m+fp/softfp/libc_nano.a(lib_a-nano-freer.o)
                              /usr/local/Cellar/arm-none-eabi-gcc/9-2019-q4-major/gcc/bin/../lib/gcc/arm-none-eabi/9.2.1/../../../../arm-none-eabi/lib/thumb/v7e-m+fp/softfp/libc_nano.a(lib_a-malloc.o) (_free_r)
/usr/local/Cellar/arm-none-eabi-gcc/9-2019-q4-major/gcc/bin/../lib/gcc/arm-none-eabi/9.2.1/../../../../arm-none-eabi/lib/thumb/v7e-m+fp/softfp/libc_nano.a(lib_a-nano-mallocr.o)
                              /usr/local/Cellar/arm-none-eabi-gcc/9-2019-q4-major/gcc/bin/../lib/gcc/arm-none-eabi/9.2.1/../../../../arm-none-eabi/lib/thumb/v7e-m+fp/softfp/libc_nano.a(lib_a-malloc.o) (_malloc_r)
/usr/local/Cellar/arm-none-eabi-gcc/9-2019-q4-major/gcc/bin/../lib/gcc/arm-none-eabi/9.2.1/../../../../arm-none-eabi/lib/thumb/v7e-m+fp/softfp/libc_nano.a(lib_a-sbrkr.o)
                              /usr/local/Cellar/arm-none-eabi-gcc/9-2019-q4-major/gcc/bin/../lib/gcc/arm-none-eabi/9.2.1/../../../../arm-none-eabi/lib/thumb/v7e-m+fp/softfp/libc_nano.a(lib_a-nano-mallocr.o) (_sbrk_r)
/usr/local/Cellar/arm-none-eabi-gcc/9-2019-q4-major/gcc/bin/../lib/gcc/arm-none-eabi/9.2.1/../../../../arm-none-eabi/lib/thumb/v7e-m+fp/softfp/libc_nano.a(lib_a-sprintf.o)
                              build/main.o (sprintf)
/usr/local/Cellar/arm-none-eabi-gcc/9-2019-q4-major/gcc/bin/../lib/gcc/arm-none-eabi/9.2.1/../../../../arm-none-eabi/lib/thumb/v7e-m+fp/softfp/libc_nano.a(lib_a-mlock.o)
                              /usr/local/Cellar/arm-none-eabi-gcc/9-2019-q4-major/gcc/bin/../lib/gcc/arm-none-eabi/9.2.1/../../../../arm-none-eabi/lib/thumb/v7e-m+fp/softfp/libc_nano.a(lib_a-nano-freer.o) (__malloc_lock)
/usr/local/Cellar/arm-none-eabi-gcc/9-2019-q4-major/gcc/bin/../lib/gcc/arm-none-eabi/9.2.1/../../../../arm-none-eabi/lib/thumb/v7e-m+fp/softfp/libc_nano.a(lib_a-nano-svfprintf.o)
                              /usr/local/Cellar/arm-none-eabi-gcc/9-2019-q4-major/gcc/bin/../lib/gcc/arm-none-eabi/9.2.1/../../../../arm-none-eabi/lib/thumb/v7e-m+fp/softfp/libc_nano.a(lib_a-sprintf.o) (_svfprintf_r)
/usr/local/Cellar/arm-none-eabi-gcc/9-2019-q4-major/gcc/bin/../lib/gcc/arm-none-eabi/9.2.1/../../../../arm-none-eabi/lib/thumb/v7e-m+fp/softfp/libc_nano.a(lib_a-nano-vfprintf_i.o)
                              /usr/local/Cellar/arm-none-eabi-gcc/9-2019-q4-major/gcc/bin/../lib/gcc/arm-none-eabi/9.2.1/../../../../arm-none-eabi/lib/thumb/v7e-m+fp/softfp/libc_nano.a(lib_a-nano-svfprintf.o) (_printf_i)
/usr/local/Cellar/arm-none-eabi-gcc/9-2019-q4-major/gcc/bin/../lib/gcc/arm-none-eabi/9.2.1/../../../../arm-none-eabi/lib/thumb/v7e-m+fp/softfp/libc_nano.a(lib_a-reent.o)
                              /usr/local/Cellar/arm-none-eabi-gcc/9-2019-q4-major/gcc/bin/../lib/gcc/arm-none-eabi/9.2.1/../../../../arm-none-eabi/lib/thumb/v7e-m+fp/softfp/libc_nano.a(lib_a-sbrkr.o) (errno)
/usr/local/Cellar/arm-none-eabi-gcc/9-2019-q4-major/gcc/bin/../lib/gcc/arm-none-eabi/9.2.1/../../../../arm-none-eabi/lib/thumb/v7e-m+fp/softfp/libc_nano.a(lib_a-lock.o)
[...]
Memory Configuration

Name             Origin             Length             Attributes
RAM              0x0000000020000000 0x0000000000020000 xrw
CCMRAM           0x0000000010000000 0x0000000000010000 xrw
FLASH            0x0000000008000000 0x0000000000100000 xr
*default*        0x0000000000000000 0xffffffffffffffff

Linker script and memory map

LOAD /usr/local/Cellar/arm-none-eabi-gcc/9-2019-q4-major/gcc/bin/../lib/gcc/arm-none-eabi/9.2.1/thumb/v7e-m+fp/softfp/crti.o
LOAD /usr/local/Cellar/arm-none-eabi-gcc/9-2019-q4-major/gcc/bin/../lib/gcc/arm-none-eabi/9.2.1/thumb/v7e-m+fp/softfp/crtbegin.o
LOAD /usr/local/Cellar/arm-none-eabi-gcc/9-2019-q4-major/gcc/bin/../lib/gcc/arm-none-eabi/9.2.1/../../../../arm-none-eabi/lib/thumb/v7e-m+fp/softfp/crt0.o
LOAD build/main.o
LOAD build/stm32f4xx_it.o
LOAD build/stm32f4xx_hal_msp.o
LOAD build/usb_device.o
LOAD build/usbd_desc.o
LOAD build/usbd_cdc_if.o
LOAD build/usbd_conf.o
LOAD build/stm32f4xx_hal_pcd.o
LOAD build/stm32f4xx_hal_pcd_ex.o
LOAD build/stm32f4xx_ll_usb.o
LOAD build/stm32f4xx_hal_rcc.o
LOAD build/stm32f4xx_hal_rcc_ex.o
LOAD build/stm32f4xx_hal_flash.o
LOAD build/stm32f4xx_hal_flash_ex.o
LOAD build/stm32f4xx_hal_flash_ramfunc.o
LOAD build/stm32f4xx_hal_gpio.o
LOAD build/stm32f4xx_hal_dma_ex.o
LOAD build/stm32f4xx_hal_dma.o
LOAD build/stm32f4xx_hal_pwr.o
LOAD build/stm32f4xx_hal_pwr_ex.o
LOAD build/stm32f4xx_hal_cortex.o
LOAD build/stm32f4xx_hal.o
LOAD build/stm32f4xx_hal_exti.o
LOAD build/stm32f4xx_hal_tim.o
LOAD build/stm32f4xx_hal_tim_ex.o
LOAD build/system_stm32f4xx.o
LOAD build/usbd_core.o
LOAD build/usbd_ctlreq.o
LOAD build/usbd_ioreq.o
LOAD build/usbd_cdc.o
LOAD build/startup_stm32f407xx.o
LOAD /usr/local/Cellar/arm-none-eabi-gcc/9-2019-q4-major/gcc/bin/../lib/gcc/arm-none-eabi/9.2.1/../../../../arm-none-eabi/lib/thumb/v7e-m+fp/softfp/libc_nano.a
LOAD /usr/local/Cellar/arm-none-eabi-gcc/9-2019-q4-major/gcc/bin/../lib/gcc/arm-none-eabi/9.2.1/../../../../arm-none-eabi/lib/thumb/v7e-m+fp/softfp/libm.a
LOAD /usr/local/Cellar/arm-none-eabi-gcc/9-2019-q4-major/gcc/bin/../lib/gcc/arm-none-eabi/9.2.1/../../../../arm-none-eabi/lib/thumb/v7e-m+fp/softfp/libnosys.a
LOAD Middlewares/ST/STM32_Cryptographic/Lib/libSTM32CryptographicV3.0.0_CM4_GCC.a
START GROUP
LOAD /usr/local/Cellar/arm-none-eabi-gcc/9-2019-q4-major/gcc/bin/../lib/gcc/arm-none-eabi/9.2.1/thumb/v7e-m+fp/softfp/libgcc.a
LOAD /usr/local/Cellar/arm-none-eabi-gcc/9-2019-q4-major/gcc/bin/../lib/gcc/arm-none-eabi/9.2.1/../../../../arm-none-eabi/lib/thumb/v7e-m+fp/softfp/libc_nano.a
END GROUP
START GROUP
LOAD /usr/local/Cellar/arm-none-eabi-gcc/9-2019-q4-major/gcc/bin/../lib/gcc/arm-none-eabi/9.2.1/thumb/v7e-m+fp/softfp/libgcc.a
LOAD /usr/local/Cellar/arm-none-eabi-gcc/9-2019-q4-major/gcc/bin/../lib/gcc/arm-none-eabi/9.2.1/../../../../arm-none-eabi/lib/thumb/v7e-m+fp/softfp/libc_nano.a
END GROUP
LOAD /usr/local/Cellar/arm-none-eabi-gcc/9-2019-q4-major/gcc/bin/../lib/gcc/arm-none-eabi/9.2.1/thumb/v7e-m+fp/softfp/crtend.o
LOAD /usr/local/Cellar/arm-none-eabi-gcc/9-2019-q4-major/gcc/bin/../lib/gcc/arm-none-eabi/9.2.1/thumb/v7e-m+fp/softfp/crtn.o
                0x0000000020020000                _estack = 0x20020000
                0x0000000000000200                _Min_Heap_Size = 0x200
                0x0000000000000400                _Min_Stack_Size = 0x400

.isr_vector     0x0000000008000000      0x188
                0x0000000008000000                . = ALIGN (0x4)
 *(.isr_vector)
 .isr_vector    0x0000000008000000      0x188 build/startup_stm32f407xx.o
                0x0000000008000000                g_pfnVectors
                0x0000000008000188                . = ALIGN (0x4)

.text           0x0000000008000190     0x7354
                0x0000000008000190                . = ALIGN (0x4)
 *(.text)
 .text          0x0000000008000190       0x40 /usr/local/Cellar/arm-none-eabi-gcc/9-2019-q4-major/gcc/bin/../lib/gcc/arm-none-eabi/9.2.1/thumb/v7e-m+fp/softfp/crtbegin.o
 .text          0x00000000080001d0       0xa0 /usr/local/Cellar/arm-none-eabi-gcc/9-2019-q4-major/gcc/bin/../lib/gcc/arm-none-eabi/9.2.1/../../../../arm-none-eabi/lib/thumb/v7e-m+fp/softfp/libc_nano.a(lib_a-memchr.o)
                0x00000000080001d0                memchr
 .text          0x0000000008000270       0x30 /usr/local/Cellar/arm-none-eabi-gcc/9-2019-q4-major/gcc/bin/../lib/gcc/arm-none-eabi/9.2.1/thumb/v7e-m+fp/softfp/libgcc.a(_aeabi_uldivmod.o)
                0x0000000008000270                __aeabi_uldivmod
 .text          0x00000000080002a0      0x2c4 /usr/local/Cellar/arm-none-eabi-gcc/9-2019-q4-major/gcc/bin/../lib/gcc/arm-none-eabi/9.2.1/thumb/v7e-m+fp/softfp/libgcc.a(_udivmoddi4.o)
                0x00000000080002a0                __udivmoddi4
 .text          0x0000000008000564        0x4 /usr/local/Cellar/arm-none-eabi-gcc/9-2019-q4-major/gcc/bin/../lib/gcc/arm-none-eabi/9.2.1/thumb/v7e-m+fp/softfp/libgcc.a(_dvmd_tls.o)
                0x0000000008000564                __aeabi_ldiv0
                0x0000000008000564                __aeabi_idiv0
 *(.text*)
 .text.main     0x0000000008000568      0x11c build/main.o
                0x0000000008000568                main
 .text.SystemClock_Config
                0x0000000008000684       0xd4 build/main.o
                0x0000000008000684                SystemClock_Config
 .text.MX_GPIO_Init
                0x0000000008000758       0x6c build/main.o
 .text.Error_Handler
                0x00000000080007c4        0xa build/main.o
                0x00000000080007c4                Error_Handler
 .text.NMI_Handler
                0x00000000080007ce        0x6 build/stm32f4xx_it.o
                0x00000000080007ce                NMI_Handler
 .text.HardFault_Handler
                0x00000000080007d4        0x6 build/stm32f4xx_it.o
                0x00000000080007d4                HardFault_Handler
 .text.MemManage_Handler
                0x00000000080007da        0x6 build/stm32f4xx_it.o
                0x00000000080007da                MemManage_Handler
 .text.BusFault_Handler
                0x00000000080007e0        0x6 build/stm32f4xx_it.o
                0x00000000080007e0                BusFault_Handler
 .text.UsageFault_Handler
                0x00000000080007e6        0x6 build/stm32f4xx_it.o
                0x00000000080007e6                UsageFault_Handler
 .text.SVC_Handler
                0x00000000080007ec        0xe build/stm32f4xx_it.o
                0x00000000080007ec                SVC_Handler
 .text.DebugMon_Handler
                0x00000000080007fa        0xe build/stm32f4xx_it.o
                0x00000000080007fa                DebugMon_Handler
 .text.PendSV_Handler
                0x0000000008000808        0xe build/stm32f4xx_it.o
                0x0000000008000808                PendSV_Handler
 .text.SysTick_Handler
                0x0000000008000816        0xc build/stm32f4xx_it.o
                0x0000000008000816                SysTick_Handler
 *fill*         0x0000000008000822        0x2 
 .text.OTG_FS_IRQHandler
                0x0000000008000824       0x14 build/stm32f4xx_it.o
                0x0000000008000824                OTG_FS_IRQHandler
 .text.HAL_MspInit
                0x0000000008000838       0x50 build/stm32f4xx_hal_msp.o
                0x0000000008000838                HAL_MspInit
 .text.MX_USB_DEVICE_Init
                0x0000000008000888       0x60 build/usb_device.o
                0x0000000008000888                MX_USB_DEVICE_Init
 .text.USBD_FS_DeviceDescriptor
                0x00000000080008e8       0x24 build/usbd_desc.o
                0x00000000080008e8                USBD_FS_DeviceDescriptor
 .text.USBD_FS_LangIDStrDescriptor
                0x000000000800090c       0x24 build/usbd_desc.o
                0x000000000800090c                USBD_FS_LangIDStrDescriptor
 .text.USBD_FS_ProductStrDescriptor
                0x0000000008000930       0x3c build/usbd_desc.o
                0x0000000008000930                USBD_FS_ProductStrDescriptor
 .text.USBD_FS_ManufacturerStrDescriptor
                0x000000000800096c       0x28 build/usbd_desc.o
                0x000000000800096c                USBD_FS_ManufacturerStrDescriptor
 .text.USBD_FS_SerialStrDescriptor
                0x0000000008000994       0x24 build/usbd_desc.o
                0x0000000008000994                USBD_FS_SerialStrDescriptor
 .text.USBD_FS_ConfigStrDescriptor
                0x00000000080009b8       0x3c build/usbd_desc.o
                0x00000000080009b8                USBD_FS_ConfigStrDescriptor
 .text.USBD_FS_InterfaceStrDescriptor
                0x00000000080009f4       0x3c build/usbd_desc.o
                0x00000000080009f4                USBD_FS_InterfaceStrDescriptor
 .text.Get_SerialNum
                0x0000000008000a30       0x58 build/usbd_desc.o
 .text.IntToUnicode
                0x0000000008000a88       0x7e build/usbd_desc.o
 *fill*         0x0000000008000b06        0x2 
 .text.CDC_Init_FS
                0x0000000008000b08       0x28 build/usbd_cdc_if.o
 .text.CDC_DeInit_FS
                0x0000000008000b30       0x10 build/usbd_cdc_if.o
 .text.CDC_Control_FS
                0x0000000008000b40       0xbc build/usbd_cdc_if.o
 .text.CDC_Receive_FS
                0x0000000008000bfc       0x28 build/usbd_cdc_if.o
 .text.CDC_TransmitCplt_FS
                0x0000000008000c24       0x22 build/usbd_cdc_if.o
 *fill*         0x0000000008000c46        0x2 
 .text.HAL_PCD_MspInit
                0x0000000008000c48       0xa8 build/usbd_conf.o
                0x0000000008000c48                HAL_PCD_MspInit
 .text.HAL_PCD_SetupStageCallback
                0x0000000008000cf0       0x24 build/usbd_conf.o
                0x0000000008000cf0                HAL_PCD_SetupStageCallback
 .text.HAL_PCD_DataOutStageCallback
                0x0000000008000d14       0x36 build/usbd_conf.o
                0x0000000008000d14                HAL_PCD_DataOutStageCallback
 .text.HAL_PCD_DataInStageCallback
                0x0000000008000d4a       0x34 build/usbd_conf.o
                0x0000000008000d4a                HAL_PCD_DataInStageCallback
 .text.HAL_PCD_SOFCallback
                0x0000000008000d7e       0x1c build/usbd_conf.o
                0x0000000008000d7e                HAL_PCD_SOFCallback
 .text.HAL_PCD_ResetCallback
                0x0000000008000d9a       0x50 build/usbd_conf.o
                0x0000000008000d9a                HAL_PCD_ResetCallback
 *fill*         0x0000000008000dea        0x2 
 .text.HAL_PCD_SuspendCallback
                0x0000000008000dec       0x4c build/usbd_conf.o
                0x0000000008000dec                HAL_PCD_SuspendCallback
 .text.HAL_PCD_ResumeCallback
                0x0000000008000e38       0x1c build/usbd_conf.o
                0x0000000008000e38                HAL_PCD_ResumeCallback
 .text.HAL_PCD_ISOOUTIncompleteCallback
                0x0000000008000e54       0x24 build/usbd_conf.o
                0x0000000008000e54                HAL_PCD_ISOOUTIncompleteCallback
 .text.HAL_PCD_ISOINIncompleteCallback
                0x0000000008000e78       0x24 build/usbd_conf.o
                0x0000000008000e78                HAL_PCD_ISOINIncompleteCallback
 .text.HAL_PCD_ConnectCallback
                0x0000000008000e9c       0x1c build/usbd_conf.o
                0x0000000008000e9c                HAL_PCD_ConnectCallback
 .text.HAL_PCD_DisconnectCallback
                0x0000000008000eb8       0x1c build/usbd_conf.o
                0x0000000008000eb8                HAL_PCD_DisconnectCallback
 .text.USBD_LL_Init
                0x0000000008000ed4       0x98 build/usbd_conf.o
                0x0000000008000ed4                USBD_LL_Init
 .text.USBD_LL_Start
                0x0000000008000f6c       0x36 build/usbd_conf.o
                0x0000000008000f6c                USBD_LL_Start
 .text.USBD_LL_OpenEP
                0x0000000008000fa2       0x4c build/usbd_conf.o
                0x0000000008000fa2                USBD_LL_OpenEP
 .text.USBD_LL_CloseEP
                0x0000000008000fee       0x3e build/usbd_conf.o
                0x0000000008000fee                USBD_LL_CloseEP
 .text.USBD_LL_StallEP
                0x000000000800102c       0x3e build/usbd_conf.o
                0x000000000800102c                USBD_LL_StallEP
 .text.USBD_LL_ClearStallEP
                0x000000000800106a       0x3e build/usbd_conf.o
                0x000000000800106a                USBD_LL_ClearStallEP
 .text.USBD_LL_IsStallEP
                0x00000000080010a8       0x58 build/usbd_conf.o
                0x00000000080010a8                USBD_LL_IsStallEP
 .text.USBD_LL_SetUSBAddress
                0x0000000008001100       0x3e build/usbd_conf.o
                0x0000000008001100                USBD_LL_SetUSBAddress
 .text.USBD_LL_Transmit
                0x000000000800113e       0x42 build/usbd_conf.o
                0x000000000800113e                USBD_LL_Transmit
 .text.USBD_LL_PrepareReceive
                0x0000000008001180       0x42 build/usbd_conf.o
                0x0000000008001180                USBD_LL_PrepareReceive
 .text.USBD_LL_GetRxDataSize
                0x00000000080011c2       0x26 build/usbd_conf.o
                0x00000000080011c2                USBD_LL_GetRxDataSize
 .text.USBD_static_malloc
                0x00000000080011e8       0x1c build/usbd_conf.o
                0x00000000080011e8                USBD_static_malloc
 .text.USBD_static_free
                0x0000000008001204       0x14 build/usbd_conf.o
                0x0000000008001204                USBD_static_free
 .text.USBD_Get_USB_Status
                0x0000000008001218       0x58 build/usbd_conf.o
                0x0000000008001218                USBD_Get_USB_Status
 .text.HAL_PCD_Init
                0x0000000008001270      0x23a build/stm32f4xx_hal_pcd.o
                0x0000000008001270                HAL_PCD_Init
 .text.HAL_PCD_Start
                0x00000000080014aa       0x66 build/stm32f4xx_hal_pcd.o
                0x00000000080014aa                HAL_PCD_Start
 .text.HAL_PCD_IRQHandler
                0x0000000008001510      0x764 build/stm32f4xx_hal_pcd.o
                0x0000000008001510                HAL_PCD_IRQHandler
 .text.HAL_PCD_SetAddress
                0x0000000008001c74       0x4a build/stm32f4xx_hal_pcd.o
                0x0000000008001c74                HAL_PCD_SetAddress
 .text.HAL_PCD_EP_Open
                0x0000000008001cbe       0xd0 build/stm32f4xx_hal_pcd.o
                0x0000000008001cbe                HAL_PCD_EP_Open
 .text.HAL_PCD_EP_Close
                0x0000000008001d8e       0x94 build/stm32f4xx_hal_pcd.o
                0x0000000008001d8e                HAL_PCD_EP_Close
 .text.HAL_PCD_EP_Receive
                0x0000000008001e22       0x96 build/stm32f4xx_hal_pcd.o
                0x0000000008001e22                HAL_PCD_EP_Receive
 .text.HAL_PCD_EP_GetRxCount
                0x0000000008001eb8       0x30 build/stm32f4xx_hal_pcd.o
                0x0000000008001eb8                HAL_PCD_EP_GetRxCount
 .text.HAL_PCD_EP_Transmit
                0x0000000008001ee8       0x94 build/stm32f4xx_hal_pcd.o
                0x0000000008001ee8                HAL_PCD_EP_Transmit
 .text.HAL_PCD_EP_SetStall
                0x0000000008001f7c       0xc8 build/stm32f4xx_hal_pcd.o
                0x0000000008001f7c                HAL_PCD_EP_SetStall
 .text.HAL_PCD_EP_ClrStall
                0x0000000008002044       0xac build/stm32f4xx_hal_pcd.o
                0x0000000008002044                HAL_PCD_EP_ClrStall
 .text.PCD_WriteEmptyTxFifo
                0x00000000080020f0      0x11a build/stm32f4xx_hal_pcd.o
 *fill*         0x000000000800220a        0x2 
 .text.PCD_EP_OutXfrComplete_int
                0x000000000800220c      0x218 build/stm32f4xx_hal_pcd.o
 .text.PCD_EP_OutSetupPacket_int
                0x0000000008002424       0x8c build/stm32f4xx_hal_pcd.o
 .text.HAL_PCDEx_SetTxFiFo
                0x00000000080024b0       0x8e build/stm32f4xx_hal_pcd_ex.o
                0x00000000080024b0                HAL_PCDEx_SetTxFiFo
 .text.HAL_PCDEx_SetRxFiFo
                0x000000000800253e       0x22 build/stm32f4xx_hal_pcd_ex.o
                0x000000000800253e                HAL_PCDEx_SetRxFiFo
 .text.HAL_PCDEx_LPM_Callback
                0x0000000008002560       0x18 build/stm32f4xx_hal_pcd_ex.o
                0x0000000008002560                HAL_PCDEx_LPM_Callback
 .text.USB_CoreInit
                0x0000000008002578       0xc2 build/stm32f4xx_ll_usb.o
                0x0000000008002578                USB_CoreInit
 *fill*         0x000000000800263a        0x2 
 .text.USB_SetTurnaroundTime
                0x000000000800263c      0x144 build/stm32f4xx_ll_usb.o
                0x000000000800263c                USB_SetTurnaroundTime
 .text.USB_EnableGlobalInt
                0x0000000008002780       0x22 build/stm32f4xx_ll_usb.o
                0x0000000008002780                USB_EnableGlobalInt
 .text.USB_DisableGlobalInt
                0x00000000080027a2       0x22 build/stm32f4xx_ll_usb.o
                0x00000000080027a2                USB_DisableGlobalInt
 .text.USB_SetCurrentMode
                0x00000000080027c4       0x54 build/stm32f4xx_ll_usb.o
                0x00000000080027c4                USB_SetCurrentMode
 .text.USB_DevInit
                0x0000000008002818      0x2c8 build/stm32f4xx_ll_usb.o
                0x0000000008002818                USB_DevInit
 .text.USB_FlushTxFifo
                0x0000000008002ae0       0x4c build/stm32f4xx_ll_usb.o
                0x0000000008002ae0                USB_FlushTxFifo
 .text.USB_FlushRxFifo
                0x0000000008002b2c       0x44 build/stm32f4xx_ll_usb.o
                0x0000000008002b2c                USB_FlushRxFifo
 .text.USB_SetDevSpeed
                0x0000000008002b70       0x32 build/stm32f4xx_ll_usb.o
                0x0000000008002b70                USB_SetDevSpeed
 .text.USB_GetDevSpeed
                0x0000000008002ba2       0x4a build/stm32f4xx_ll_usb.o
                0x0000000008002ba2                USB_GetDevSpeed
 .text.USB_ActivateEndpoint
                0x0000000008002bec      0x10e build/stm32f4xx_ll_usb.o
                0x0000000008002bec                USB_ActivateEndpoint
 *fill*         0x0000000008002cfa        0x2 
 .text.USB_DeactivateEndpoint
                0x0000000008002cfc      0x1b8 build/stm32f4xx_ll_usb.o
                0x0000000008002cfc                USB_DeactivateEndpoint
 .text.USB_EPStartXfer
                0x0000000008002eb4      0x488 build/stm32f4xx_ll_usb.o
                0x0000000008002eb4                USB_EPStartXfer
 .text.USB_EP0StartXfer
                0x000000000800333c      0x2a6 build/stm32f4xx_ll_usb.o
                0x000000000800333c                USB_EP0StartXfer
 .text.USB_WritePacket
                0x00000000080035e2       0x6a build/stm32f4xx_ll_usb.o
                0x00000000080035e2                USB_WritePacket
 .text.USB_ReadPacket
                0x000000000800364c       0x52 build/stm32f4xx_ll_usb.o
                0x000000000800364c                USB_ReadPacket
 .text.USB_EPSetStall
                0x000000000800369e       0xdc build/stm32f4xx_ll_usb.o
                0x000000000800369e                USB_EPSetStall
 .text.USB_EPClearStall
                0x000000000800377a       0xcc build/stm32f4xx_ll_usb.o
                0x000000000800377a                USB_EPClearStall
 .text.USB_SetDevAddress
                0x0000000008003846       0x4c build/stm32f4xx_ll_usb.o
                0x0000000008003846                USB_SetDevAddress
 .text.USB_DevConnect
                0x0000000008003892       0x42 build/stm32f4xx_ll_usb.o
                0x0000000008003892                USB_DevConnect
 .text.USB_DevDisconnect
                0x00000000080038d4       0x42 build/stm32f4xx_ll_usb.o
                0x00000000080038d4                USB_DevDisconnect
 .text.USB_ReadInterrupts
                0x0000000008003916       0x26 build/stm32f4xx_ll_usb.o
                0x0000000008003916                USB_ReadInterrupts
 .text.USB_ReadDevAllOutEpInterrupt
                0x000000000800393c       0x34 build/stm32f4xx_ll_usb.o
                0x000000000800393c                USB_ReadDevAllOutEpInterrupt
 .text.USB_ReadDevAllInEpInterrupt
                0x0000000008003970       0x34 build/stm32f4xx_ll_usb.o
                0x0000000008003970                USB_ReadDevAllInEpInterrupt
 .text.USB_ReadDevOutEPInterrupt
                0x00000000080039a4       0x3c build/stm32f4xx_ll_usb.o
                0x00000000080039a4                USB_ReadDevOutEPInterrupt
 .text.USB_ReadDevInEPInterrupt
                0x00000000080039e0       0x5c build/stm32f4xx_ll_usb.o
                0x00000000080039e0                USB_ReadDevInEPInterrupt
 .text.USB_GetMode
                0x0000000008003a3c       0x1c build/stm32f4xx_ll_usb.o
                0x0000000008003a3c                USB_GetMode
 .text.USB_ActivateSetup
                0x0000000008003a58       0x46 build/stm32f4xx_ll_usb.o
                0x0000000008003a58                USB_ActivateSetup
 *fill*         0x0000000008003a9e        0x2 
 .text.USB_EP0_OutStart
                0x0000000008003aa0       0xbc build/stm32f4xx_ll_usb.o
                0x0000000008003aa0                USB_EP0_OutStart
 .text.USB_CoreReset
                0x0000000008003b5c       0x68 build/stm32f4xx_ll_usb.o
 .text.HAL_RCC_OscConfig
                0x0000000008003bc4      0x4f0 build/stm32f4xx_hal_rcc.o
                0x0000000008003bc4                HAL_RCC_OscConfig
 .text.HAL_RCC_ClockConfig
                0x00000000080040b4      0x1cc build/stm32f4xx_hal_rcc.o
                0x00000000080040b4                HAL_RCC_ClockConfig
 .text.HAL_RCC_GetSysClockFreq
                0x0000000008004280      0x1c4 build/stm32f4xx_hal_rcc.o
                0x0000000008004280                HAL_RCC_GetSysClockFreq
 .text.HAL_RCC_GetHCLKFreq
                0x0000000008004444       0x18 build/stm32f4xx_hal_rcc.o
                0x0000000008004444                HAL_RCC_GetHCLKFreq
 .text.HAL_GPIO_Init
                0x000000000800445c      0x338 build/stm32f4xx_hal_gpio.o
                0x000000000800445c                HAL_GPIO_Init
 .text.__NVIC_SetPriorityGrouping
                0x0000000008004794       0x48 build/stm32f4xx_hal_cortex.o
 .text.__NVIC_GetPriorityGrouping
                0x00000000080047dc       0x1c build/stm32f4xx_hal_cortex.o
 .text.__NVIC_EnableIRQ
                0x00000000080047f8       0x3c build/stm32f4xx_hal_cortex.o
 .text.__NVIC_SetPriority
                0x0000000008004834       0x54 build/stm32f4xx_hal_cortex.o
 .text.NVIC_EncodePriority
                0x0000000008004888       0x66 build/stm32f4xx_hal_cortex.o
 *fill*         0x00000000080048ee        0x2 
 .text.SysTick_Config
                0x00000000080048f0       0x44 build/stm32f4xx_hal_cortex.o
 .text.HAL_NVIC_SetPriorityGrouping
                0x0000000008004934       0x16 build/stm32f4xx_hal_cortex.o
                0x0000000008004934                HAL_NVIC_SetPriorityGrouping
 .text.HAL_NVIC_SetPriority
                0x000000000800494a       0x38 build/stm32f4xx_hal_cortex.o
                0x000000000800494a                HAL_NVIC_SetPriority
 .text.HAL_NVIC_EnableIRQ
                0x0000000008004982       0x1c build/stm32f4xx_hal_cortex.o
                0x0000000008004982                HAL_NVIC_EnableIRQ
 .text.HAL_SYSTICK_Config
                0x000000000800499e       0x18 build/stm32f4xx_hal_cortex.o
                0x000000000800499e                HAL_SYSTICK_Config
 *fill*         0x00000000080049b6        0x2 
 .text.HAL_Init
                0x00000000080049b8       0x44 build/stm32f4xx_hal.o
                0x00000000080049b8                HAL_Init
 .text.HAL_InitTick
                0x00000000080049fc       0x60 build/stm32f4xx_hal.o
                0x00000000080049fc                HAL_InitTick
 .text.HAL_IncTick
                0x0000000008004a5c       0x28 build/stm32f4xx_hal.o
                0x0000000008004a5c                HAL_IncTick
 .text.HAL_GetTick
                0x0000000008004a84       0x18 build/stm32f4xx_hal.o
                0x0000000008004a84                HAL_GetTick
 .text.HAL_Delay
                0x0000000008004a9c       0x48 build/stm32f4xx_hal.o
                0x0000000008004a9c                HAL_Delay
 .text.SystemInit
                0x0000000008004ae4       0x24 build/system_stm32f4xx.o
                0x0000000008004ae4                SystemInit
 .text.USBD_Init
                0x0000000008004b08       0x60 build/usbd_core.o
                0x0000000008004b08                USBD_Init
 .text.USBD_RegisterClass
                0x0000000008004b68       0x4e build/usbd_core.o
                0x0000000008004b68                USBD_RegisterClass
 .text.USBD_Start
                0x0000000008004bb6       0x18 build/usbd_core.o
                0x0000000008004bb6                USBD_Start
 .text.USBD_RunTestMode
                0x0000000008004bce       0x16 build/usbd_core.o
                0x0000000008004bce                USBD_RunTestMode
 .text.USBD_SetClassConfig
                0x0000000008004be4       0x38 build/usbd_core.o
                0x0000000008004be4                USBD_SetClassConfig
 .text.USBD_ClrClassConfig
                0x0000000008004c1c       0x30 build/usbd_core.o
                0x0000000008004c1c                USBD_ClrClassConfig
 .text.USBD_LL_SetupStage
                0x0000000008004c4c       0xaa build/usbd_core.o
                0x0000000008004c4c                USBD_LL_SetupStage
 .text.USBD_LL_DataOutStage
                0x0000000008004cf6       0xc6 build/usbd_core.o
                0x0000000008004cf6                USBD_LL_DataOutStage
 .text.USBD_LL_DataInStage
                0x0000000008004dbc      0x12c build/usbd_core.o
                0x0000000008004dbc                USBD_LL_DataInStage
 .text.USBD_LL_Reset
                0x0000000008004ee8       0x9c build/usbd_core.o
                0x0000000008004ee8                USBD_LL_Reset
 .text.USBD_LL_SetSpeed
                0x0000000008004f84       0x20 build/usbd_core.o
                0x0000000008004f84                USBD_LL_SetSpeed
 .text.USBD_LL_Suspend
                0x0000000008004fa4       0x2c build/usbd_core.o
                0x0000000008004fa4                USBD_LL_Suspend
 .text.USBD_LL_Resume
                0x0000000008004fd0       0x30 build/usbd_core.o
                0x0000000008004fd0                USBD_LL_Resume
 .text.USBD_LL_SOF
                0x0000000008005000       0x44 build/usbd_core.o
                0x0000000008005000                USBD_LL_SOF
 .text.USBD_LL_IsoINIncomplete
                0x0000000008005044       0x4c build/usbd_core.o
                0x0000000008005044                USBD_LL_IsoINIncomplete
 .text.USBD_LL_IsoOUTIncomplete
                0x0000000008005090       0x4c build/usbd_core.o
                0x0000000008005090                USBD_LL_IsoOUTIncomplete
 .text.USBD_LL_DevConnected
                0x00000000080050dc       0x16 build/usbd_core.o
                0x00000000080050dc                USBD_LL_DevConnected
 .text.USBD_LL_DevDisconnected
                0x00000000080050f2       0x38 build/usbd_core.o
                0x00000000080050f2                USBD_LL_DevDisconnected
 .text.SWAPBYTE
                0x000000000800512a       0x3c build/usbd_ctlreq.o
 *fill*         0x0000000008005166        0x2 
 .text.USBD_StdDevReq
                0x0000000008005168       0xdc build/usbd_ctlreq.o
                0x0000000008005168                USBD_StdDevReq
 .text.USBD_StdItfReq
                0x0000000008005244       0x92 build/usbd_ctlreq.o
                0x0000000008005244                USBD_StdItfReq
 .text.USBD_StdEPReq
                0x00000000080052d6      0x2c4 build/usbd_ctlreq.o
                0x00000000080052d6                USBD_StdEPReq
 *fill*         0x000000000800559a        0x2 
 .text.USBD_GetDescriptor
                0x000000000800559c      0x2d4 build/usbd_ctlreq.o
 .text.USBD_SetAddress
                0x0000000008005870       0x88 build/usbd_ctlreq.o
 .text.USBD_SetConfig
                0x00000000080058f8      0x14c build/usbd_ctlreq.o
 .text.USBD_GetConfig
                0x0000000008005a44       0x6c build/usbd_ctlreq.o
 .text.USBD_GetStatus
                0x0000000008005ab0       0x68 build/usbd_ctlreq.o
 .text.USBD_SetFeature
                0x0000000008005b18       0x28 build/usbd_ctlreq.o
 .text.USBD_ClrFeature
                0x0000000008005b40       0x44 build/usbd_ctlreq.o
 .text.USBD_ParseSetupRequest
                0x0000000008005b84       0x74 build/usbd_ctlreq.o
                0x0000000008005b84                USBD_ParseSetupRequest
 .text.USBD_CtlError
                0x0000000008005bf8       0x22 build/usbd_ctlreq.o
                0x0000000008005bf8                USBD_CtlError
 .text.USBD_GetString
                0x0000000008005c1a       0x8c build/usbd_ctlreq.o
                0x0000000008005c1a                USBD_GetString
 .text.USBD_GetLen
                0x0000000008005ca6       0x34 build/usbd_ctlreq.o
 .text.USBD_CtlSendData
                0x0000000008005cda       0x36 build/usbd_ioreq.o
                0x0000000008005cda                USBD_CtlSendData
 .text.USBD_CtlContinueSendData
                0x0000000008005d10       0x22 build/usbd_ioreq.o
                0x0000000008005d10                USBD_CtlContinueSendData
 .text.USBD_CtlPrepareRx
                0x0000000008005d32       0x3a build/usbd_ioreq.o
                0x0000000008005d32                USBD_CtlPrepareRx
 .text.USBD_CtlContinueRx
                0x0000000008005d6c       0x22 build/usbd_ioreq.o
                0x0000000008005d6c                USBD_CtlContinueRx
 .text.USBD_CtlSendStatus
                0x0000000008005d8e       0x26 build/usbd_ioreq.o
                0x0000000008005d8e                USBD_CtlSendStatus
 .text.USBD_CtlReceiveStatus
                0x0000000008005db4       0x26 build/usbd_ioreq.o
                0x0000000008005db4                USBD_CtlReceiveStatus
 .text.USBD_CDC_Init
                0x0000000008005dda       0xfe build/usbd_cdc.o
 .text.USBD_CDC_DeInit
                0x0000000008005ed8       0x74 build/usbd_cdc.o
 .text.USBD_CDC_Setup
                0x0000000008005f4c      0x18c build/usbd_cdc.o
 .text.USBD_CDC_DataIn
                0x00000000080060d8       0xca build/usbd_cdc.o
 .text.USBD_CDC_DataOut
                0x00000000080061a2       0x56 build/usbd_cdc.o
 .text.USBD_CDC_EP0_RxReady
                0x00000000080061f8       0x5a build/usbd_cdc.o
 *fill*         0x0000000008006252        0x2 
 .text.USBD_CDC_GetFSCfgDesc
                0x0000000008006254       0x20 build/usbd_cdc.o
 .text.USBD_CDC_GetHSCfgDesc
                0x0000000008006274       0x20 build/usbd_cdc.o
 .text.USBD_CDC_GetOtherSpeedCfgDesc
                0x0000000008006294       0x20 build/usbd_cdc.o
 .text.USBD_CDC_GetDeviceQualifierDescriptor
                0x00000000080062b4       0x20 build/usbd_cdc.o
                0x00000000080062b4                USBD_CDC_GetDeviceQualifierDescriptor
 .text.USBD_CDC_RegisterInterface
                0x00000000080062d4       0x2a build/usbd_cdc.o
                0x00000000080062d4                USBD_CDC_RegisterInterface
 .text.USBD_CDC_SetTxBuffer
                0x00000000080062fe       0x3c build/usbd_cdc.o
                0x00000000080062fe                USBD_CDC_SetTxBuffer
 .text.USBD_CDC_SetRxBuffer
                0x000000000800633a       0x32 build/usbd_cdc.o
                0x000000000800633a                USBD_CDC_SetRxBuffer
 .text.USBD_CDC_ReceivePacket
                0x000000000800636c       0x54 build/usbd_cdc.o
                0x000000000800636c                USBD_CDC_ReceivePacket
 .text.Reset_Handler
                0x00000000080063c0       0x50 build/startup_stm32f407xx.o
                0x00000000080063c0                Reset_Handler
 .text.Default_Handler
                0x0000000008006410        0x2 build/startup_stm32f407xx.o
                0x0000000008006410                DMA1_Stream3_IRQHandler
                0x0000000008006410                HASH_RNG_IRQHandler
                0x0000000008006410                EXTI2_IRQHandler
                0x0000000008006410                TIM8_CC_IRQHandler
                0x0000000008006410                TIM1_CC_IRQHandler
                0x0000000008006410                DMA2_Stream5_IRQHandler
                0x0000000008006410                DMA1_Stream5_IRQHandler
                0x0000000008006410                PVD_IRQHandler
                0x0000000008006410                SDIO_IRQHandler
                0x0000000008006410                TAMP_STAMP_IRQHandler
                0x0000000008006410                CAN2_RX1_IRQHandler
                0x0000000008006410                EXTI3_IRQHandler
                0x0000000008006410                TIM8_TRG_COM_TIM14_IRQHandler
                0x0000000008006410                TIM1_UP_TIM10_IRQHandler
                0x0000000008006410                TIM8_UP_TIM13_IRQHandler
                0x0000000008006410                I2C3_ER_IRQHandler
                0x0000000008006410                EXTI0_IRQHandler
                0x0000000008006410                I2C2_EV_IRQHandler
                0x0000000008006410                DMA1_Stream2_IRQHandler
                0x0000000008006410                CAN1_RX0_IRQHandler
                0x0000000008006410                FPU_IRQHandler
                0x0000000008006410                OTG_HS_WKUP_IRQHandler
                0x0000000008006410                CAN2_SCE_IRQHandler
                0x0000000008006410                DMA2_Stream2_IRQHandler
                0x0000000008006410                SPI1_IRQHandler
                0x0000000008006410                TIM6_DAC_IRQHandler
                0x0000000008006410                TIM1_BRK_TIM9_IRQHandler
                0x0000000008006410                DCMI_IRQHandler
                0x0000000008006410                CAN2_RX0_IRQHandler
                0x0000000008006410                DMA2_Stream3_IRQHandler
                0x0000000008006410                USART6_IRQHandler
                0x0000000008006410                USART3_IRQHandler
                0x0000000008006410                CAN1_RX1_IRQHandler
                0x0000000008006410                UART5_IRQHandler
                0x0000000008006410                DMA2_Stream0_IRQHandler
                0x0000000008006410                TIM4_IRQHandler
                0x0000000008006410                I2C1_EV_IRQHandler
                0x0000000008006410                DMA1_Stream6_IRQHandler
                0x0000000008006410                DMA1_Stream1_IRQHandler
                0x0000000008006410                UART4_IRQHandler
                0x0000000008006410                TIM3_IRQHandler
                0x0000000008006410                RCC_IRQHandler
                0x0000000008006410                TIM8_BRK_TIM12_IRQHandler
                0x0000000008006410                Default_Handler
                0x0000000008006410                EXTI15_10_IRQHandler
                0x0000000008006410                ADC_IRQHandler
                0x0000000008006410                DMA1_Stream7_IRQHandler
                0x0000000008006410                TIM7_IRQHandler
                0x0000000008006410                CAN2_TX_IRQHandler
                0x0000000008006410                TIM5_IRQHandler
                0x0000000008006410                DMA2_Stream7_IRQHandler
                0x0000000008006410                I2C3_EV_IRQHandler
                0x0000000008006410                EXTI9_5_IRQHandler
                0x0000000008006410                RTC_WKUP_IRQHandler
                0x0000000008006410                ETH_WKUP_IRQHandler
                0x0000000008006410                SPI2_IRQHandler
                0x0000000008006410                OTG_HS_EP1_IN_IRQHandler
                0x0000000008006410                DMA1_Stream0_IRQHandler
                0x0000000008006410                CAN1_TX_IRQHandler
                0x0000000008006410                EXTI4_IRQHandler
                0x0000000008006410                FSMC_IRQHandler
                0x0000000008006410                ETH_IRQHandler
                0x0000000008006410                OTG_HS_EP1_OUT_IRQHandler
                0x0000000008006410                WWDG_IRQHandler
                0x0000000008006410                TIM2_IRQHandler
                0x0000000008006410                OTG_FS_WKUP_IRQHandler
                0x0000000008006410                TIM1_TRG_COM_TIM11_IRQHandler
                0x0000000008006410                OTG_HS_IRQHandler
                0x0000000008006410                EXTI1_IRQHandler
                0x0000000008006410                USART2_IRQHandler
                0x0000000008006410                I2C2_ER_IRQHandler
                0x0000000008006410                DMA2_Stream1_IRQHandler
                0x0000000008006410                CAN1_SCE_IRQHandler
                0x0000000008006410                FLASH_IRQHandler
                0x0000000008006410                DMA2_Stream4_IRQHandler
                0x0000000008006410                USART1_IRQHandler
                0x0000000008006410                SPI3_IRQHandler
                0x0000000008006410                DMA1_Stream4_IRQHandler
                0x0000000008006410                I2C1_ER_IRQHandler
                0x0000000008006410                DMA2_Stream6_IRQHandler
                0x0000000008006410                RTC_Alarm_IRQHandler
 *fill*         0x0000000008006412        0x2 
 .text.__libc_init_array
                0x0000000008006414       0x48 /usr/local/Cellar/arm-none-eabi-gcc/9-2019-q4-major/gcc/bin/../lib/gcc/arm-none-eabi/9.2.1/../../../../arm-none-eabi/lib/thumb/v7e-m+fp/softfp/libc_nano.a(lib_a-init.o)
                0x0000000008006414                __libc_init_array
 .text.malloc   0x000000000800645c       0x10 /usr/local/Cellar/arm-none-eabi-gcc/9-2019-q4-major/gcc/bin/../lib/gcc/arm-none-eabi/9.2.1/../../../../arm-none-eabi/lib/thumb/v7e-m+fp/softfp/libc_nano.a(lib_a-malloc.o)
                0x000000000800645c                malloc
 .text.memset   0x000000000800646c       0x10 /usr/local/Cellar/arm-none-eabi-gcc/9-2019-q4-major/gcc/bin/../lib/gcc/arm-none-eabi/9.2.1/../../../../arm-none-eabi/lib/thumb/v7e-m+fp/softfp/libc_nano.a(lib_a-memset.o)
                0x000000000800646c                memset
 .text._free_r  0x000000000800647c       0xa0 /usr/local/Cellar/arm-none-eabi-gcc/9-2019-q4-major/gcc/bin/../lib/gcc/arm-none-eabi/9.2.1/../../../../arm-none-eabi/lib/thumb/v7e-m+fp/softfp/libc_nano.a(lib_a-nano-freer.o)
                0x000000000800647c                _free_r
 .text._malloc_r
                0x000000000800651c       0xb4 /usr/local/Cellar/arm-none-eabi-gcc/9-2019-q4-major/gcc/bin/../lib/gcc/arm-none-eabi/9.2.1/../../../../arm-none-eabi/lib/thumb/v7e-m+fp/softfp/libc_nano.a(lib_a-nano-mallocr.o)
                0x000000000800651c                _malloc_r
 .text._sbrk_r  0x00000000080065d0       0x20 /usr/local/Cellar/arm-none-eabi-gcc/9-2019-q4-major/gcc/bin/../lib/gcc/arm-none-eabi/9.2.1/../../../../arm-none-eabi/lib/thumb/v7e-m+fp/softfp/libc_nano.a(lib_a-sbrkr.o)
                0x00000000080065d0                _sbrk_r
 .text.sprintf  0x00000000080065f0       0x40 /usr/local/Cellar/arm-none-eabi-gcc/9-2019-q4-major/gcc/bin/../lib/gcc/arm-none-eabi/9.2.1/../../../../arm-none-eabi/lib/thumb/v7e-m+fp/softfp/libc_nano.a(lib_a-sprintf.o)
                0x00000000080065f0                sprintf
                0x00000000080065f0                siprintf
 .text.__malloc_lock
                0x0000000008006630        0xc /usr/local/Cellar/arm-none-eabi-gcc/9-2019-q4-major/gcc/bin/../lib/gcc/arm-none-eabi/9.2.1/../../../../arm-none-eabi/lib/thumb/v7e-m+fp/softfp/libc_nano.a(lib_a-mlock.o)
                0x0000000008006630                __malloc_lock
 .text.__malloc_unlock
                0x000000000800663c        0xc /usr/local/Cellar/arm-none-eabi-gcc/9-2019-q4-major/gcc/bin/../lib/gcc/arm-none-eabi/9.2.1/../../../../arm-none-eabi/lib/thumb/v7e-m+fp/softfp/libc_nano.a(lib_a-mlock.o)
                0x000000000800663c                __malloc_unlock
 .text.__ssputs_r
                0x0000000008006648       0xb6 /usr/local/Cellar/arm-none-eabi-gcc/9-2019-q4-major/gcc/bin/../lib/gcc/arm-none-eabi/9.2.1/../../../../arm-none-eabi/lib/thumb/v7e-m+fp/softfp/libc_nano.a(lib_a-nano-svfprintf.o)
                0x0000000008006648                __ssputs_r
 *fill*         0x00000000080066fe        0x2 
 .text._svfprintf_r
                0x0000000008006700      0x200 /usr/local/Cellar/arm-none-eabi-gcc/9-2019-q4-major/gcc/bin/../lib/gcc/arm-none-eabi/9.2.1/../../../../arm-none-eabi/lib/thumb/v7e-m+fp/softfp/libc_nano.a(lib_a-nano-svfprintf.o)
                0x0000000008006700                _svfprintf_r
                0x0000000008006700                _svfiprintf_r
 .text._printf_common
                0x0000000008006900       0xda /usr/local/Cellar/arm-none-eabi-gcc/9-2019-q4-major/gcc/bin/../lib/gcc/arm-none-eabi/9.2.1/../../../../arm-none-eabi/lib/thumb/v7e-m+fp/softfp/libc_nano.a(lib_a-nano-vfprintf_i.o)
                0x0000000008006900                _printf_common
 *fill*         0x00000000080069da        0x2 
 .text._printf_i
                0x00000000080069dc      0x24c /usr/local/Cellar/arm-none-eabi-gcc/9-2019-q4-major/gcc/bin/../lib/gcc/arm-none-eabi/9.2.1/../../../../arm-none-eabi/lib/thumb/v7e-m+fp/softfp/libc_nano.a(lib_a-nano-vfprintf_i.o)
                0x00000000080069dc                _printf_i
 .text.__retarget_lock_acquire_recursive
                0x0000000008006c28        0x2 /usr/local/Cellar/arm-none-eabi-gcc/9-2019-q4-major/gcc/bin/../lib/gcc/arm-none-eabi/9.2.1/../../../../arm-none-eabi/lib/thumb/v7e-m+fp/softfp/libc_nano.a(lib_a-lock.o)
                0x0000000008006c28                __retarget_lock_acquire_recursive
 .text.__retarget_lock_release_recursive
                0x0000000008006c2a        0x2 /usr/local/Cellar/arm-none-eabi-gcc/9-2019-q4-major/gcc/bin/../lib/gcc/arm-none-eabi/9.2.1/../../../../arm-none-eabi/lib/thumb/v7e-m+fp/softfp/libc_nano.a(lib_a-lock.o)
                0x0000000008006c2a                __retarget_lock_release_recursive
 .text.memcpy   0x0000000008006c2c       0x1c /usr/local/Cellar/arm-none-eabi-gcc/9-2019-q4-major/gcc/bin/../lib/gcc/arm-none-eabi/9.2.1/../../../../arm-none-eabi/lib/thumb/v7e-m+fp/softfp/libc_nano.a(lib_a-memcpy-stub.o)
                0x0000000008006c2c                memcpy
 .text.memmove  0x0000000008006c48       0x34 /usr/local/Cellar/arm-none-eabi-gcc/9-2019-q4-major/gcc/bin/../lib/gcc/arm-none-eabi/9.2.1/../../../../arm-none-eabi/lib/thumb/v7e-m+fp/softfp/libc_nano.a(lib_a-memmove.o)
                0x0000000008006c48                memmove
 .text._realloc_r
                0x0000000008006c7c       0x4c /usr/local/Cellar/arm-none-eabi-gcc/9-2019-q4-major/gcc/bin/../lib/gcc/arm-none-eabi/9.2.1/../../../../arm-none-eabi/lib/thumb/v7e-m+fp/softfp/libc_nano.a(lib_a-nano-reallocr.o)
                0x0000000008006c7c                _realloc_r
 .text._malloc_usable_size_r
                0x0000000008006cc8       0x10 /usr/local/Cellar/arm-none-eabi-gcc/9-2019-q4-major/gcc/bin/../lib/gcc/arm-none-eabi/9.2.1/../../../../arm-none-eabi/lib/thumb/v7e-m+fp/softfp/libc_nano.a(lib_a-nano-msizer.o)
                0x0000000008006cc8                _malloc_usable_size_r
 .text._sbrk    0x0000000008006cd8       0x1c /usr/local/Cellar/arm-none-eabi-gcc/9-2019-q4-major/gcc/bin/../lib/gcc/arm-none-eabi/9.2.1/../../../../arm-none-eabi/lib/thumb/v7e-m+fp/softfp/libnosys.a(sbrk.o)
                0x0000000008006cd8                _sbrk
 .text.AES_keyschedule_enc_LL
                0x0000000008006cf4      0x174 Middlewares/ST/STM32_Cryptographic/Lib/libSTM32CryptographicV3.0.0_CM4_GCC.a(crypto.o)
 .text.AES_keyschedule_enc
                0x0000000008006e68       0x22 Middlewares/ST/STM32_Cryptographic/Lib/libSTM32CryptographicV3.0.0_CM4_GCC.a(crypto.o)
                0x0000000008006e68                AES_keyschedule_enc
 *fill*         0x0000000008006e8a        0x2 
 .text.AES_general_SW_enc
                0x0000000008006e8c      0x2b4 Middlewares/ST/STM32_Cryptographic/Lib/libSTM32CryptographicV3.0.0_CM4_GCC.a(crypto.o)
                0x0000000008006e8c                AES_general_SW_enc
 .text.AES_keyschedule_dec
                0x0000000008007140       0xfc Middlewares/ST/STM32_Cryptographic/Lib/libSTM32CryptographicV3.0.0_CM4_GCC.a(crypto.o)
                0x0000000008007140                AES_keyschedule_dec
 .text.AESstdInit
                0x000000000800723c       0xd8 Middlewares/ST/STM32_Cryptographic/Lib/libSTM32CryptographicV3.0.0_CM4_GCC.a(crypto.o)
 .text.AES_CBC_Encrypt_Init
                0x0000000008007314        0x6 Middlewares/ST/STM32_Cryptographic/Lib/libSTM32CryptographicV3.0.0_CM4_GCC.a(crypto.o)
                0x0000000008007314                AES_CBC_Encrypt_Init
 .text.AES_CBC_Encrypt_Append
                0x000000000800731a      0x19a Middlewares/ST/STM32_Cryptographic/Lib/libSTM32CryptographicV3.0.0_CM4_GCC.a(crypto.o)
                0x000000000800731a                AES_CBC_Encrypt_Append
 .text.AES_CBC_Encrypt_Finish
                0x00000000080074b4       0x18 Middlewares/ST/STM32_Cryptographic/Lib/libSTM32CryptographicV3.0.0_CM4_GCC.a(crypto.o)
                0x00000000080074b4                AES_CBC_Encrypt_Finish
 *(.glue_7)
 .glue_7        0x00000000080074cc        0x0 linker stubs
 *(.glue_7t)
 .glue_7t       0x00000000080074cc        0x0 linker stubs
 *(.eh_frame)
 .eh_frame      0x00000000080074cc        0x0 /usr/local/Cellar/arm-none-eabi-gcc/9-2019-q4-major/gcc/bin/../lib/gcc/arm-none-eabi/9.2.1/thumb/v7e-m+fp/softfp/crtbegin.o
 *(.init)
 .init          0x00000000080074cc        0x4 /usr/local/Cellar/arm-none-eabi-gcc/9-2019-q4-major/gcc/bin/../lib/gcc/arm-none-eabi/9.2.1/thumb/v7e-m+fp/softfp/crti.o
                0x00000000080074cc                _init
 .init          0x00000000080074d0        0x8 /usr/local/Cellar/arm-none-eabi-gcc/9-2019-q4-major/gcc/bin/../lib/gcc/arm-none-eabi/9.2.1/thumb/v7e-m+fp/softfp/crtn.o
 *(.fini)
 .fini          0x00000000080074d8        0x4 /usr/local/Cellar/arm-none-eabi-gcc/9-2019-q4-major/gcc/bin/../lib/gcc/arm-none-eabi/9.2.1/thumb/v7e-m+fp/softfp/crti.o
                0x00000000080074d8                _fini
 .fini          0x00000000080074dc        0x8 /usr/local/Cellar/arm-none-eabi-gcc/9-2019-q4-major/gcc/bin/../lib/gcc/arm-none-eabi/9.2.1/thumb/v7e-m+fp/softfp/crtn.o
                0x00000000080074e4                . = ALIGN (0x4)
                0x00000000080074e4                _etext = .

.vfp11_veneer   0x00000000080074e4        0x0
 .vfp11_veneer  0x00000000080074e4        0x0 linker stubs

.v4_bx          0x00000000080074e4        0x0
 .v4_bx         0x00000000080074e4        0x0 linker stubs

.iplt           0x00000000080074e4        0x0
 .iplt          0x00000000080074e4        0x0 /usr/local/Cellar/arm-none-eabi-gcc/9-2019-q4-major/gcc/bin/../lib/gcc/arm-none-eabi/9.2.1/thumb/v7e-m+fp/softfp/crtbegin.o

.rodata         0x00000000080074e4      0x9c8
                0x00000000080074e4                . = ALIGN (0x4)
 *(.rodata)
 .rodata        0x00000000080074e4        0xb build/main.o
 *fill*         0x00000000080074ef        0x1 
 .rodata        0x00000000080074f0       0x46 build/usbd_desc.o
 *(.rodata*)
 *fill*         0x0000000008007536        0x2 
 .rodata.Plaintext
                0x0000000008007538        0x6 build/main.o
                0x0000000008007538                Plaintext
 *fill*         0x000000000800753e        0x2 
 .rodata.AHBPrescTable
                0x0000000008007540       0x10 build/system_stm32f4xx.o
                0x0000000008007540                AHBPrescTable
 .rodata._svfprintf_r.str1.1
                0x0000000008007550       0x11 /usr/local/Cellar/arm-none-eabi-gcc/9-2019-q4-major/gcc/bin/../lib/gcc/arm-none-eabi/9.2.1/../../../../arm-none-eabi/lib/thumb/v7e-m+fp/softfp/libc_nano.a(lib_a-nano-svfprintf.o)
 .rodata._printf_i.str1.1
                0x0000000008007561       0x22 /usr/local/Cellar/arm-none-eabi-gcc/9-2019-q4-major/gcc/bin/../lib/gcc/arm-none-eabi/9.2.1/../../../../arm-none-eabi/lib/thumb/v7e-m+fp/softfp/libc_nano.a(lib_a-nano-vfprintf_i.o)
 *fill*         0x0000000008007583        0x1 
 .rodata.rcon   0x0000000008007584       0x28 Middlewares/ST/STM32_Cryptographic/Lib/libSTM32CryptographicV3.0.0_CM4_GCC.a(crypto.o)
                0x0000000008007584                rcon
 .rodata.dec_table
                0x00000000080075ac      0x400 Middlewares/ST/STM32_Cryptographic/Lib/libSTM32CryptographicV3.0.0_CM4_GCC.a(crypto.o)
                0x00000000080075ac                dec_table
 .rodata.enc_table
                0x00000000080079ac      0x400 Middlewares/ST/STM32_Cryptographic/Lib/libSTM32CryptographicV3.0.0_CM4_GCC.a(crypto.o)
                0x00000000080079ac                enc_table
 .rodata.Sbox   0x0000000008007dac      0x100 Middlewares/ST/STM32_Cryptographic/Lib/libSTM32CryptographicV3.0.0_CM4_GCC.a(crypto.o)
                0x0000000008007dac                Sbox
                0x0000000008007eac                . = ALIGN (0x4)

.ARM.extab
 *(.ARM.extab* .gnu.linkonce.armextab.*)

.ARM            0x0000000008007eac        0x8
                0x0000000008007eac                __exidx_start = .
 *(.ARM.exidx*)
 .ARM.exidx     0x0000000008007eac        0x8 /usr/local/Cellar/arm-none-eabi-gcc/9-2019-q4-major/gcc/bin/../lib/gcc/arm-none-eabi/9.2.1/thumb/v7e-m+fp/softfp/libgcc.a(_udivmoddi4.o)
                0x0000000008007eb4                __exidx_end = .

.rel.dyn        0x0000000008007eb4        0x0
 .rel.iplt      0x0000000008007eb4        0x0 /usr/local/Cellar/arm-none-eabi-gcc/9-2019-q4-major/gcc/bin/../lib/gcc/arm-none-eabi/9.2.1/thumb/v7e-m+fp/softfp/crtbegin.o

.preinit_array  0x0000000008007eb4        0x0
                0x0000000008007eb4                PROVIDE (__preinit_array_start = .)
 *(.preinit_array*)
                0x0000000008007eb4                PROVIDE (__preinit_array_end = .)

.init_array     0x0000000008007eb4        0x4
                0x0000000008007eb4                PROVIDE (__init_array_start = .)
 *(SORT_BY_NAME(.init_array.*))
 *(.init_array*)
 .init_array    0x0000000008007eb4        0x4 /usr/local/Cellar/arm-none-eabi-gcc/9-2019-q4-major/gcc/bin/../lib/gcc/arm-none-eabi/9.2.1/thumb/v7e-m+fp/softfp/crtbegin.o
                0x0000000008007eb8                PROVIDE (__init_array_end = .)

.fini_array     0x0000000008007eb8        0x4
                [!provide]                        PROVIDE (__fini_array_start = .)
 *(SORT_BY_NAME(.fini_array.*))
 *(.fini_array*)
 .fini_array    0x0000000008007eb8        0x4 /usr/local/Cellar/arm-none-eabi-gcc/9-2019-q4-major/gcc/bin/../lib/gcc/arm-none-eabi/9.2.1/thumb/v7e-m+fp/softfp/crtbegin.o
                [!provide]                        PROVIDE (__fini_array_end = .)
                0x0000000008007ebc                _sidata = LOADADDR (.data)

.data           0x0000000020000000      0x20c load address 0x0000000008007ebc
                0x0000000020000000                . = ALIGN (0x4)
                0x0000000020000000                _sdata = .
 *(.data)
 *(.data*)
 .data.Key      0x0000000020000000       0x18 build/main.o
                0x0000000020000000                Key
 .data.IV       0x0000000020000018       0x10 build/main.o
                0x0000000020000018                IV
 .data.FS_Desc  0x0000000020000028       0x1c build/usbd_desc.o
                0x0000000020000028                FS_Desc
 .data.USBD_FS_DeviceDesc
                0x0000000020000044       0x12 build/usbd_desc.o
                0x0000000020000044                USBD_FS_DeviceDesc
 *fill*         0x0000000020000056        0x2 
 .data.USBD_LangIDDesc
                0x0000000020000058        0x4 build/usbd_desc.o
                0x0000000020000058                USBD_LangIDDesc
 .data.USBD_StringSerial
                0x000000002000005c       0x1a build/usbd_desc.o
                0x000000002000005c                USBD_StringSerial
 *fill*         0x0000000020000076        0x2 
 .data.USBD_Interface_fops_FS
                0x0000000020000078       0x14 build/usbd_cdc_if.o
                0x0000000020000078                USBD_Interface_fops_FS
 .data.uwTickPrio
                0x000000002000008c        0x4 build/stm32f4xx_hal.o
                0x000000002000008c                uwTickPrio
 .data.uwTickFreq
                0x0000000020000090        0x1 build/stm32f4xx_hal.o
                0x0000000020000090                uwTickFreq
 *fill*         0x0000000020000091        0x3 
 .data.SystemCoreClock
                0x0000000020000094        0x4 build/system_stm32f4xx.o
                0x0000000020000094                SystemCoreClock
 .data.USBD_CDC_DeviceQualifierDesc
                0x0000000020000098        0xa build/usbd_cdc.o
 *fill*         0x00000000200000a2        0x2 
 .data.USBD_CDC
                0x00000000200000a4       0x38 build/usbd_cdc.o
                0x00000000200000a4                USBD_CDC
 .data.USBD_CDC_CfgHSDesc
                0x00000000200000dc       0x43 build/usbd_cdc.o
 *fill*         0x000000002000011f        0x1 
 .data.USBD_CDC_CfgFSDesc
                0x0000000020000120       0x43 build/usbd_cdc.o
 *fill*         0x0000000020000163        0x1 
 .data.USBD_CDC_OtherSpeedCfgDesc
                0x0000000020000164       0x43 build/usbd_cdc.o
 *fill*         0x00000000200001a7        0x1 
 .data._impure_ptr
                0x00000000200001a8        0x4 /usr/local/Cellar/arm-none-eabi-gcc/9-2019-q4-major/gcc/bin/../lib/gcc/arm-none-eabi/9.2.1/../../../../arm-none-eabi/lib/thumb/v7e-m+fp/softfp/libc_nano.a(lib_a-impure.o)
                0x00000000200001a8                _impure_ptr
 .data.impure_data
                0x00000000200001ac       0x60 /usr/local/Cellar/arm-none-eabi-gcc/9-2019-q4-major/gcc/bin/../lib/gcc/arm-none-eabi/9.2.1/../../../../arm-none-eabi/lib/thumb/v7e-m+fp/softfp/libc_nano.a(lib_a-impure.o)
                0x000000002000020c                . = ALIGN (0x4)
                0x000000002000020c                _edata = .
                0x00000000080080c8                _siccmram = LOADADDR (.ccmram)

.igot.plt       0x000000002000020c        0x0 load address 0x00000000080080c8
 .igot.plt      0x000000002000020c        0x0 /usr/local/Cellar/arm-none-eabi-gcc/9-2019-q4-major/gcc/bin/../lib/gcc/arm-none-eabi/9.2.1/thumb/v7e-m+fp/softfp/crtbegin.o

.ccmram         0x0000000010000000        0x0 load address 0x00000000080080c8
                0x0000000010000000                . = ALIGN (0x4)
                0x0000000010000000                _sccmram = .
 *(.ccmram)
 *(.ccmram*)
                0x0000000010000000                . = ALIGN (0x4)
                0x0000000010000000                _eccmram = .
                0x0000000010000000                . = ALIGN (0x4)

.bss            0x000000002000020c     0x1b44
                0x000000002000020c                _sbss = .
                0x000000002000020c                __bss_start__ = _sbss
 *(.bss)
 .bss           0x000000002000020c       0x1c /usr/local/Cellar/arm-none-eabi-gcc/9-2019-q4-major/gcc/bin/../lib/gcc/arm-none-eabi/9.2.1/thumb/v7e-m+fp/softfp/crtbegin.o
 *(.bss*)
 .bss.OutputMessageLength
                0x0000000020000228        0x4 build/main.o
                0x0000000020000228                OutputMessageLength
 .bss.mem.9970  0x000000002000022c      0x220 build/usbd_conf.o
 .bss.cfgidx.9901
                0x000000002000044c        0x1 build/usbd_ctlreq.o
 *fill*         0x000000002000044d        0x3 
 .bss.__malloc_free_list
                0x0000000020000450        0x4 /usr/local/Cellar/arm-none-eabi-gcc/9-2019-q4-major/gcc/bin/../lib/gcc/arm-none-eabi/9.2.1/../../../../arm-none-eabi/lib/thumb/v7e-m+fp/softfp/libc_nano.a(lib_a-nano-mallocr.o)
                0x0000000020000450                __malloc_free_list
 .bss.__malloc_sbrk_start
                0x0000000020000454        0x4 /usr/local/Cellar/arm-none-eabi-gcc/9-2019-q4-major/gcc/bin/../lib/gcc/arm-none-eabi/9.2.1/../../../../arm-none-eabi/lib/thumb/v7e-m+fp/softfp/libc_nano.a(lib_a-nano-mallocr.o)
                0x0000000020000454                __malloc_sbrk_start
 .bss.heap_end.5507
                0x0000000020000458        0x4 /usr/local/Cellar/arm-none-eabi-gcc/9-2019-q4-major/gcc/bin/../lib/gcc/arm-none-eabi/9.2.1/../../../../arm-none-eabi/lib/thumb/v7e-m+fp/softfp/libnosys.a(sbrk.o)
 *(COMMON)
 COMMON         0x000000002000045c        0x6 build/main.o
                0x000000002000045c                OutputMessage
 *fill*         0x0000000020000462        0x2 
 COMMON         0x0000000020000464      0x2d0 build/usb_device.o
                0x0000000020000464                hUsbDeviceFS
 COMMON         0x0000000020000734      0x200 build/usbd_desc.o
                0x0000000020000734                USBD_StrDesc
 COMMON         0x0000000020000934     0x1000 build/usbd_cdc_if.o
                0x0000000020000934                UserRxBufferFS
                0x0000000020001134                UserTxBufferFS
 COMMON         0x0000000020001934      0x408 build/usbd_conf.o
                0x0000000020001934                hpcd_USB_OTG_FS
 COMMON         0x0000000020001d3c        0x4 build/stm32f4xx_hal.o
                0x0000000020001d3c                uwTick
 COMMON         0x0000000020001d40        0x4 /usr/local/Cellar/arm-none-eabi-gcc/9-2019-q4-major/gcc/bin/../lib/gcc/arm-none-eabi/9.2.1/../../../../arm-none-eabi/lib/thumb/v7e-m+fp/softfp/libc_nano.a(lib_a-reent.o)
                0x0000000020001d40                errno
 COMMON         0x0000000020001d44        0x9 /usr/local/Cellar/arm-none-eabi-gcc/9-2019-q4-major/gcc/bin/../lib/gcc/arm-none-eabi/9.2.1/../../../../arm-none-eabi/lib/thumb/v7e-m+fp/softfp/libc_nano.a(lib_a-lock.o)
                0x0000000020001d44                __lock___atexit_recursive_mutex
                0x0000000020001d45                __lock___arc4random_mutex
                0x0000000020001d46                __lock___env_recursive_mutex
                0x0000000020001d47                __lock___sinit_recursive_mutex
                0x0000000020001d48                __lock___malloc_recursive_mutex
                0x0000000020001d49                __lock___at_quick_exit_mutex
                0x0000000020001d4a                __lock___dd_hash_mutex
                0x0000000020001d4b                __lock___tz_mutex
                0x0000000020001d4c                __lock___sfp_recursive_mutex
                0x0000000020001d50                . = ALIGN (0x4)
 *fill*         0x0000000020001d4d        0x3 
                0x0000000020001d50                _ebss = .
                0x0000000020001d50                __bss_end__ = _ebss

._user_heap_stack
                0x0000000020001d50      0x600
                0x0000000020001d50                . = ALIGN (0x8)
                0x0000000020001d50                PROVIDE (end = .)
                [!provide]                        PROVIDE (_end = .)
                0x0000000020001f50                . = (. + _Min_Heap_Size)
 *fill*         0x0000000020001d50      0x200 
                0x0000000020002350                . = (. + _Min_Stack_Size)
 *fill*         0x0000000020001f50      0x400 
                0x0000000020002350                . = ALIGN (0x8)

/DISCARD/
 libc.a(*)
 libm.a(*)
 libgcc.a(*)

.ARM.attributes
                0x0000000000000000       0x2e
 *(.ARM.attributes)
 .ARM.attributes
                0x0000000000000000       0x1e /usr/local/Cellar/arm-none-eabi-gcc/9-2019-q4-major/gcc/bin/../lib/gcc/arm-none-eabi/9.2.1/thumb/v7e-m+fp/softfp/crti.o
 .ARM.attributes
                0x000000000000001e       0x32 /usr/local/Cellar/arm-none-eabi-gcc/9-2019-q4-major/gcc/bin/../lib/gcc/arm-none-eabi/9.2.1/thumb/v7e-m+fp/softfp/crtbegin.o
 .ARM.attributes
                0x0000000000000050       0x32 build/main.o
 .ARM.attributes
                0x0000000000000082       0x32 build/stm32f4xx_it.o
 .ARM.attributes
                0x00000000000000b4       0x32 build/stm32f4xx_hal_msp.o
 .ARM.attributes
                0x00000000000000e6       0x32 build/usb_device.o
 .ARM.attributes
                0x0000000000000118       0x32 build/usbd_desc.o
 .ARM.attributes
                0x000000000000014a       0x32 build/usbd_cdc_if.o
 .ARM.attributes
                0x000000000000017c       0x32 build/usbd_conf.o
 .ARM.attributes
                0x00000000000001ae       0x32 build/stm32f4xx_hal_pcd.o
 .ARM.attributes
                0x00000000000001e0       0x32 build/stm32f4xx_hal_pcd_ex.o
 .ARM.attributes
                0x0000000000000212       0x32 build/stm32f4xx_ll_usb.o
 .ARM.attributes
                0x0000000000000244       0x32 build/stm32f4xx_hal_rcc.o
 .ARM.attributes
                0x0000000000000276       0x32 build/stm32f4xx_hal_gpio.o
 .ARM.attributes
                0x00000000000002a8       0x32 build/stm32f4xx_hal_cortex.o
 .ARM.attributes
                0x00000000000002da       0x32 build/stm32f4xx_hal.o
 .ARM.attributes
                0x000000000000030c       0x32 build/system_stm32f4xx.o
 .ARM.attributes
                0x000000000000033e       0x32 build/usbd_core.o
 .ARM.attributes
                0x0000000000000370       0x32 build/usbd_ctlreq.o
 .ARM.attributes
                0x00000000000003a2       0x32 build/usbd_ioreq.o
 .ARM.attributes
                0x00000000000003d4       0x32 build/usbd_cdc.o
 .ARM.attributes
                0x0000000000000406       0x21 build/startup_stm32f407xx.o
 .ARM.attributes
                0x0000000000000427       0x30 /usr/local/Cellar/arm-none-eabi-gcc/9-2019-q4-major/gcc/bin/../lib/gcc/arm-none-eabi/9.2.1/../../../../arm-none-eabi/lib/thumb/v7e-m+fp/softfp/libc_nano.a(lib_a-impure.o)
 .ARM.attributes
                0x0000000000000457       0x32 /usr/local/Cellar/arm-none-eabi-gcc/9-2019-q4-major/gcc/bin/../lib/gcc/arm-none-eabi/9.2.1/../../../../arm-none-eabi/lib/thumb/v7e-m+fp/softfp/libc_nano.a(lib_a-init.o)
 .ARM.attributes
                0x0000000000000489       0x32 /usr/local/Cellar/arm-none-eabi-gcc/9-2019-q4-major/gcc/bin/../lib/gcc/arm-none-eabi/9.2.1/../../../../arm-none-eabi/lib/thumb/v7e-m+fp/softfp/libc_nano.a(lib_a-malloc.o)
 .ARM.attributes
                0x00000000000004bb       0x32 /usr/local/Cellar/arm-none-eabi-gcc/9-2019-q4-major/gcc/bin/../lib/gcc/arm-none-eabi/9.2.1/../../../../arm-none-eabi/lib/thumb/v7e-m+fp/softfp/libc_nano.a(lib_a-memset.o)
 .ARM.attributes
                0x00000000000004ed       0x32 /usr/local/Cellar/arm-none-eabi-gcc/9-2019-q4-major/gcc/bin/../lib/gcc/arm-none-eabi/9.2.1/../../../../arm-none-eabi/lib/thumb/v7e-m+fp/softfp/libc_nano.a(lib_a-nano-freer.o)
 .ARM.attributes
                0x000000000000051f       0x32 /usr/local/Cellar/arm-none-eabi-gcc/9-2019-q4-major/gcc/bin/../lib/gcc/arm-none-eabi/9.2.1/../../../../arm-none-eabi/lib/thumb/v7e-m+fp/softfp/libc_nano.a(lib_a-nano-mallocr.o)
 .ARM.attributes
                0x0000000000000551       0x32 /usr/local/Cellar/arm-none-eabi-gcc/9-2019-q4-major/gcc/bin/../lib/gcc/arm-none-eabi/9.2.1/../../../../arm-none-eabi/lib/thumb/v7e-m+fp/softfp/libc_nano.a(lib_a-sbrkr.o)
 .ARM.attributes
                0x0000000000000583       0x32 /usr/local/Cellar/arm-none-eabi-gcc/9-2019-q4-major/gcc/bin/../lib/gcc/arm-none-eabi/9.2.1/../../../../arm-none-eabi/lib/thumb/v7e-m+fp/softfp/libc_nano.a(lib_a-sprintf.o)
 .ARM.attributes
                0x00000000000005b5       0x32 /usr/local/Cellar/arm-none-eabi-gcc/9-2019-q4-major/gcc/bin/../lib/gcc/arm-none-eabi/9.2.1/../../../../arm-none-eabi/lib/thumb/v7e-m+fp/softfp/libc_nano.a(lib_a-mlock.o)
 .ARM.attributes
                0x00000000000005e7       0x32 /usr/local/Cellar/arm-none-eabi-gcc/9-2019-q4-major/gcc/bin/../lib/gcc/arm-none-eabi/9.2.1/../../../../arm-none-eabi/lib/thumb/v7e-m+fp/softfp/libc_nano.a(lib_a-nano-svfprintf.o)
 .ARM.attributes
                0x0000000000000619       0x32 /usr/local/Cellar/arm-none-eabi-gcc/9-2019-q4-major/gcc/bin/../lib/gcc/arm-none-eabi/9.2.1/../../../../arm-none-eabi/lib/thumb/v7e-m+fp/softfp/libc_nano.a(lib_a-nano-vfprintf_i.o)
 .ARM.attributes
                0x000000000000064b       0x32 /usr/local/Cellar/arm-none-eabi-gcc/9-2019-q4-major/gcc/bin/../lib/gcc/arm-none-eabi/9.2.1/../../../../arm-none-eabi/lib/thumb/v7e-m+fp/softfp/libc_nano.a(lib_a-reent.o)
 .ARM.attributes
                0x000000000000067d       0x32 /usr/local/Cellar/arm-none-eabi-gcc/9-2019-q4-major/gcc/bin/../lib/gcc/arm-none-eabi/9.2.1/../../../../arm-none-eabi/lib/thumb/v7e-m+fp/softfp/libc_nano.a(lib_a-lock.o)
 .ARM.attributes
                0x00000000000006af       0x1c /usr/local/Cellar/arm-none-eabi-gcc/9-2019-q4-major/gcc/bin/../lib/gcc/arm-none-eabi/9.2.1/../../../../arm-none-eabi/lib/thumb/v7e-m+fp/softfp/libc_nano.a(lib_a-memchr.o)
 .ARM.attributes
                0x00000000000006cb       0x32 /usr/local/Cellar/arm-none-eabi-gcc/9-2019-q4-major/gcc/bin/../lib/gcc/arm-none-eabi/9.2.1/../../../../arm-none-eabi/lib/thumb/v7e-m+fp/softfp/libc_nano.a(lib_a-memcpy-stub.o)
 .ARM.attributes
                0x00000000000006fd       0x32 /usr/local/Cellar/arm-none-eabi-gcc/9-2019-q4-major/gcc/bin/../lib/gcc/arm-none-eabi/9.2.1/../../../../arm-none-eabi/lib/thumb/v7e-m+fp/softfp/libc_nano.a(lib_a-memmove.o)
 .ARM.attributes
                0x000000000000072f       0x32 /usr/local/Cellar/arm-none-eabi-gcc/9-2019-q4-major/gcc/bin/../lib/gcc/arm-none-eabi/9.2.1/../../../../arm-none-eabi/lib/thumb/v7e-m+fp/softfp/libc_nano.a(lib_a-nano-reallocr.o)
 .ARM.attributes
                0x0000000000000761       0x32 /usr/local/Cellar/arm-none-eabi-gcc/9-2019-q4-major/gcc/bin/../lib/gcc/arm-none-eabi/9.2.1/../../../../arm-none-eabi/lib/thumb/v7e-m+fp/softfp/libc_nano.a(lib_a-nano-msizer.o)
 .ARM.attributes
                0x0000000000000793       0x32 /usr/local/Cellar/arm-none-eabi-gcc/9-2019-q4-major/gcc/bin/../lib/gcc/arm-none-eabi/9.2.1/../../../../arm-none-eabi/lib/thumb/v7e-m+fp/softfp/libnosys.a(sbrk.o)
 .ARM.attributes
                0x00000000000007c5       0x33 Middlewares/ST/STM32_Cryptographic/Lib/libSTM32CryptographicV3.0.0_CM4_GCC.a(crypto.o)
 .ARM.attributes
                0x00000000000007f8       0x1e /usr/local/Cellar/arm-none-eabi-gcc/9-2019-q4-major/gcc/bin/../lib/gcc/arm-none-eabi/9.2.1/thumb/v7e-m+fp/softfp/libgcc.a(_aeabi_uldivmod.o)
 .ARM.attributes
                0x0000000000000816       0x32 /usr/local/Cellar/arm-none-eabi-gcc/9-2019-q4-major/gcc/bin/../lib/gcc/arm-none-eabi/9.2.1/thumb/v7e-m+fp/softfp/libgcc.a(_udivmoddi4.o)
 .ARM.attributes
                0x0000000000000848       0x1e /usr/local/Cellar/arm-none-eabi-gcc/9-2019-q4-major/gcc/bin/../lib/gcc/arm-none-eabi/9.2.1/thumb/v7e-m+fp/softfp/libgcc.a(_dvmd_tls.o)
 .ARM.attributes
                0x0000000000000866       0x1e /usr/local/Cellar/arm-none-eabi-gcc/9-2019-q4-major/gcc/bin/../lib/gcc/arm-none-eabi/9.2.1/thumb/v7e-m+fp/softfp/crtn.o
OUTPUT(build/VulnerableFirmwareF4.elf elf32-littlearm)

.debug_info     0x0000000000000000    0x144b8
 .debug_info    0x0000000000000000     0x18ae build/main.o
 .debug_info    0x00000000000018ae      0x78f build/stm32f4xx_it.o
 .debug_info    0x000000000000203d      0x3e5 build/stm32f4xx_hal_msp.o
 .debug_info    0x0000000000002422     0x117d build/usb_device.o
 .debug_info    0x000000000000359f      0xf2a build/usbd_desc.o
 .debug_info    0x00000000000044c9     0x13d5 build/usbd_cdc_if.o
 .debug_info    0x000000000000589e     0x259b build/usbd_conf.o
 .debug_info    0x0000000000007e39     0x1461 build/stm32f4xx_hal_pcd.o
 .debug_info    0x000000000000929a      0x857 build/stm32f4xx_hal_pcd_ex.o
 .debug_info    0x0000000000009af1     0x1c6e build/stm32f4xx_ll_usb.o
 .debug_info    0x000000000000b75f      0xa7a build/stm32f4xx_hal_rcc.o
 .debug_info    0x000000000000c1d9      0x8e4 build/stm32f4xx_hal_gpio.o
 .debug_info    0x000000000000cabd      0xff6 build/stm32f4xx_hal_cortex.o
 .debug_info    0x000000000000dab3      0xaa3 build/stm32f4xx_hal.o
 .debug_info    0x000000000000e556      0x625 build/system_stm32f4xx.o
 .debug_info    0x000000000000eb7b     0x1570 build/usbd_core.o
 .debug_info    0x00000000000100eb     0x151a build/usbd_ctlreq.o
 .debug_info    0x0000000000011605     0x121d build/usbd_ioreq.o
 .debug_info    0x0000000000012822     0x1c74 build/usbd_cdc.o
 .debug_info    0x0000000000014496       0x22 build/startup_stm32f407xx.o

.debug_abbrev   0x0000000000000000     0x2c9f
 .debug_abbrev  0x0000000000000000      0x2cf build/main.o
 .debug_abbrev  0x00000000000002cf      0x161 build/stm32f4xx_it.o
 .debug_abbrev  0x0000000000000430      0x11c build/stm32f4xx_hal_msp.o
 .debug_abbrev  0x000000000000054c      0x1ff build/usb_device.o
 .debug_abbrev  0x000000000000074b      0x2b6 build/usbd_desc.o
 .debug_abbrev  0x0000000000000a01      0x307 build/usbd_cdc_if.o
 .debug_abbrev  0x0000000000000d08      0x327 build/usbd_conf.o
 .debug_abbrev  0x000000000000102f      0x27d build/stm32f4xx_hal_pcd.o
 .debug_abbrev  0x00000000000012ac      0x1d8 build/stm32f4xx_hal_pcd_ex.o
 .debug_abbrev  0x0000000000001484      0x295 build/stm32f4xx_ll_usb.o
 .debug_abbrev  0x0000000000001719      0x274 build/stm32f4xx_hal_rcc.o
 .debug_abbrev  0x000000000000198d      0x1f0 build/stm32f4xx_hal_gpio.o
 .debug_abbrev  0x0000000000001b7d      0x319 build/stm32f4xx_hal_cortex.o
 .debug_abbrev  0x0000000000001e96      0x1ec build/stm32f4xx_hal.o
 .debug_abbrev  0x0000000000002082      0x144 build/system_stm32f4xx.o
 .debug_abbrev  0x00000000000021c6      0x2b2 build/usbd_core.o
 .debug_abbrev  0x0000000000002478      0x2f7 build/usbd_ctlreq.o
 .debug_abbrev  0x000000000000276f      0x225 build/usbd_ioreq.o
 .debug_abbrev  0x0000000000002994      0x2f9 build/usbd_cdc.o
 .debug_abbrev  0x0000000000002c8d       0x12 build/startup_stm32f407xx.o

.debug_loc      0x0000000000000000     0x5bad
 .debug_loc     0x0000000000000000      0x112 build/main.o
 .debug_loc     0x0000000000000112      0x200 build/stm32f4xx_it.o
 .debug_loc     0x0000000000000312       0x5c build/stm32f4xx_hal_msp.o
 .debug_loc     0x000000000000036e       0x2c build/usb_device.o
 .debug_loc     0x000000000000039a      0x2f4 build/usbd_desc.o
 .debug_loc     0x000000000000068e      0x1c8 build/usbd_cdc_if.o
 .debug_loc     0x0000000000000856      0x9e0 build/usbd_conf.o
 .debug_loc     0x0000000000001236      0xc03 build/stm32f4xx_hal_pcd.o
 .debug_loc     0x0000000000001e39      0x170 build/stm32f4xx_hal_pcd_ex.o
 .debug_loc     0x0000000000001fa9     0x1134 build/stm32f4xx_ll_usb.o
 .debug_loc     0x00000000000030dd      0x3d0 build/stm32f4xx_hal_rcc.o
 .debug_loc     0x00000000000034ad      0x2d4 build/stm32f4xx_hal_gpio.o
 .debug_loc     0x0000000000003781      0x9f4 build/stm32f4xx_hal_cortex.o
 .debug_loc     0x0000000000004175      0x720 build/stm32f4xx_hal.o
 .debug_loc     0x0000000000004895       0xa0 build/system_stm32f4xx.o
 .debug_loc     0x0000000000004935      0x67c build/usbd_core.o
 .debug_loc     0x0000000000004fb1      0x4c8 build/usbd_ctlreq.o
 .debug_loc     0x0000000000005479      0x230 build/usbd_ioreq.o
 .debug_loc     0x00000000000056a9      0x504 build/usbd_cdc.o

.debug_aranges  0x0000000000000000      0xb00
 .debug_aranges
                0x0000000000000000       0x38 build/main.o
 .debug_aranges
                0x0000000000000038       0x68 build/stm32f4xx_it.o
 .debug_aranges
                0x00000000000000a0       0x20 build/stm32f4xx_hal_msp.o
 .debug_aranges
                0x00000000000000c0       0x20 build/usb_device.o
 .debug_aranges
                0x00000000000000e0       0x60 build/usbd_desc.o
 .debug_aranges
                0x0000000000000140       0x48 build/usbd_cdc_if.o
 .debug_aranges
                0x0000000000000188      0x110 build/usbd_conf.o
 .debug_aranges
                0x0000000000000298      0x138 build/stm32f4xx_hal_pcd.o
 .debug_aranges
                0x00000000000003d0       0x38 build/stm32f4xx_hal_pcd_ex.o
 .debug_aranges
                0x0000000000000408      0x198 build/stm32f4xx_ll_usb.o
 .debug_aranges
                0x00000000000005a0       0x88 build/stm32f4xx_hal_rcc.o
 .debug_aranges
                0x0000000000000628       0x58 build/stm32f4xx_hal_gpio.o
 .debug_aranges
                0x0000000000000680      0x118 build/stm32f4xx_hal_cortex.o
 .debug_aranges
                0x0000000000000798       0xf0 build/stm32f4xx_hal.o
 .debug_aranges
                0x0000000000000888       0x28 build/system_stm32f4xx.o
 .debug_aranges
                0x00000000000008b0       0xb8 build/usbd_core.o
 .debug_aranges
                0x0000000000000968       0x90 build/usbd_ctlreq.o
 .debug_aranges
                0x00000000000009f8       0x50 build/usbd_ioreq.o
 .debug_aranges
                0x0000000000000a48       0x90 build/usbd_cdc.o
 .debug_aranges
                0x0000000000000ad8       0x28 build/startup_stm32f407xx.o

.debug_ranges   0x0000000000000000      0x9c8
 .debug_ranges  0x0000000000000000       0x28 build/main.o
 .debug_ranges  0x0000000000000028       0x58 build/stm32f4xx_it.o
 .debug_ranges  0x0000000000000080       0x10 build/stm32f4xx_hal_msp.o
 .debug_ranges  0x0000000000000090       0x10 build/usb_device.o
 .debug_ranges  0x00000000000000a0       0x50 build/usbd_desc.o
 .debug_ranges  0x00000000000000f0       0x38 build/usbd_cdc_if.o
 .debug_ranges  0x0000000000000128      0x100 build/usbd_conf.o
 .debug_ranges  0x0000000000000228      0x128 build/stm32f4xx_hal_pcd.o
 .debug_ranges  0x0000000000000350       0x28 build/stm32f4xx_hal_pcd_ex.o
 .debug_ranges  0x0000000000000378      0x188 build/stm32f4xx_ll_usb.o
 .debug_ranges  0x0000000000000500       0x78 build/stm32f4xx_hal_rcc.o
 .debug_ranges  0x0000000000000578       0x48 build/stm32f4xx_hal_gpio.o
 .debug_ranges  0x00000000000005c0      0x108 build/stm32f4xx_hal_cortex.o
 .debug_ranges  0x00000000000006c8       0xe0 build/stm32f4xx_hal.o
 .debug_ranges  0x00000000000007a8       0x18 build/system_stm32f4xx.o
 .debug_ranges  0x00000000000007c0       0xa8 build/usbd_core.o
 .debug_ranges  0x0000000000000868       0x80 build/usbd_ctlreq.o
 .debug_ranges  0x00000000000008e8       0x40 build/usbd_ioreq.o
 .debug_ranges  0x0000000000000928       0x80 build/usbd_cdc.o
 .debug_ranges  0x00000000000009a8       0x20 build/startup_stm32f407xx.o

.debug_line     0x0000000000000000     0x7c26
 .debug_line    0x0000000000000000      0x4ef build/main.o
 .debug_line    0x00000000000004ef      0x2d4 build/stm32f4xx_it.o
 .debug_line    0x00000000000007c3      0x1c8 build/stm32f4xx_hal_msp.o
 .debug_line    0x000000000000098b      0x35c build/usb_device.o
 .debug_line    0x0000000000000ce7      0x438 build/usbd_desc.o
 .debug_line    0x000000000000111f      0x3cf build/usbd_cdc_if.o
 .debug_line    0x00000000000014ee      0x7e3 build/usbd_conf.o
 .debug_line    0x0000000000001cd1      0xe48 build/stm32f4xx_hal_pcd.o
 .debug_line    0x0000000000002b19      0x2e0 build/stm32f4xx_hal_pcd_ex.o
 .debug_line    0x0000000000002df9     0x13c6 build/stm32f4xx_ll_usb.o
 .debug_line    0x00000000000041bf      0x8a4 build/stm32f4xx_hal_rcc.o
 .debug_line    0x0000000000004a63      0x66f build/stm32f4xx_hal_gpio.o
 .debug_line    0x00000000000050d2      0x7a0 build/stm32f4xx_hal_cortex.o
 .debug_line    0x0000000000005872      0x4df build/stm32f4xx_hal.o
 .debug_line    0x0000000000005d51      0x253 build/system_stm32f4xx.o
 .debug_line    0x0000000000005fa4      0x75c build/usbd_core.o
 .debug_line    0x0000000000006700      0x9dc build/usbd_ctlreq.o
 .debug_line    0x00000000000070dc      0x3b3 build/usbd_ioreq.o
 .debug_line    0x000000000000748f      0x721 build/usbd_cdc.o
 .debug_line    0x0000000000007bb0       0x76 build/startup_stm32f407xx.o

.debug_str      0x0000000000000000     0x3a53
 .debug_str     0x0000000000000000      0xe49 build/main.o
                                        0xf51 (size before relaxing)
 .debug_str     0x0000000000000e49      0x417 build/stm32f4xx_it.o
                                        0x781 (size before relaxing)
 .debug_str     0x0000000000001260       0x29 build/stm32f4xx_hal_msp.o
                                        0x450 (size before relaxing)
 .debug_str     0x0000000000001289       0x6a build/usb_device.o
                                        0xba7 (size before relaxing)
 .debug_str     0x00000000000012f3      0x172 build/usbd_desc.o
                                        0x9b8 (size before relaxing)
 .debug_str     0x0000000000001465       0xef build/usbd_cdc_if.o
                                        0xc89 (size before relaxing)
 .debug_str     0x0000000000001554      0x888 build/usbd_conf.o
                                       0x1875 (size before relaxing)
 .debug_str     0x0000000000001ddc      0x40c build/stm32f4xx_hal_pcd.o
                                        0xc68 (size before relaxing)
 .debug_str     0x00000000000021e8      0x164 build/stm32f4xx_hal_pcd_ex.o
                                        0x881 (size before relaxing)
 .debug_str     0x000000000000234c      0x684 build/stm32f4xx_ll_usb.o
                                        0xdd7 (size before relaxing)
 .debug_str     0x00000000000029d0      0x1f4 build/stm32f4xx_hal_rcc.o
                                        0x81a (size before relaxing)
 .debug_str     0x0000000000002bc4      0x14f build/stm32f4xx_hal_gpio.o
                                        0x663 (size before relaxing)
 .debug_str     0x0000000000002d13      0x4bf build/stm32f4xx_hal_cortex.o
                                        0xd9d (size before relaxing)
 .debug_str     0x00000000000031d2      0x257 build/stm32f4xx_hal.o
                                        0xc19 (size before relaxing)
 .debug_str     0x0000000000003429       0x47 build/system_stm32f4xx.o
                                        0x4cc (size before relaxing)
 .debug_str     0x0000000000003470      0x1b2 build/usbd_core.o
                                        0xcd1 (size before relaxing)
 .debug_str     0x0000000000003622      0x14a build/usbd_ctlreq.o
                                        0xc8f (size before relaxing)
 .debug_str     0x000000000000376c       0xc6 build/usbd_ioreq.o
                                        0xbdf (size before relaxing)
 .debug_str     0x0000000000003832      0x1fd build/usbd_cdc.o
                                       0x117f (size before relaxing)
 .debug_str     0x0000000000003a2f       0x24 build/startup_stm32f407xx.o
                                         0xfd (size before relaxing)

.comment        0x0000000000000000       0xfb
 .comment       0x0000000000000000       0x79 build/main.o
                                         0x7a (size before relaxing)
 .comment       0x0000000000000079       0x7a build/stm32f4xx_it.o
 .comment       0x0000000000000079       0x7a build/stm32f4xx_hal_msp.o
 .comment       0x0000000000000079       0x7a build/usb_device.o
 .comment       0x0000000000000079       0x7a build/usbd_desc.o
 .comment       0x0000000000000079       0x7a build/usbd_cdc_if.o
 .comment       0x0000000000000079       0x7a build/usbd_conf.o
 .comment       0x0000000000000079       0x7a build/stm32f4xx_hal_pcd.o
 .comment       0x0000000000000079       0x7a build/stm32f4xx_hal_pcd_ex.o
 .comment       0x0000000000000079       0x7a build/stm32f4xx_ll_usb.o
 .comment       0x0000000000000079       0x7a build/stm32f4xx_hal_rcc.o
 .comment       0x0000000000000079       0x7a build/stm32f4xx_hal_gpio.o
 .comment       0x0000000000000079       0x7a build/stm32f4xx_hal_cortex.o
 .comment       0x0000000000000079       0x7a build/stm32f4xx_hal.o
 .comment       0x0000000000000079       0x7a build/system_stm32f4xx.o
 .comment       0x0000000000000079       0x7a build/usbd_core.o
 .comment       0x0000000000000079       0x7a build/usbd_ctlreq.o
 .comment       0x0000000000000079       0x7a build/usbd_ioreq.o
 .comment       0x0000000000000079       0x7a build/usbd_cdc.o
 .comment       0x0000000000000079       0x82 Middlewares/ST/STM32_Cryptographic/Lib/libSTM32CryptographicV3.0.0_CM4_GCC.a(crypto.o)
                                         0x83 (size before relaxing)

.debug_frame    0x0000000000000000     0x3228
 .debug_frame   0x0000000000000000       0x9c build/main.o
 .debug_frame   0x000000000000009c      0x140 build/stm32f4xx_it.o
 .debug_frame   0x00000000000001dc       0x38 build/stm32f4xx_hal_msp.o
 .debug_frame   0x0000000000000214       0x2c build/usb_device.o
 .debug_frame   0x0000000000000240      0x178 build/usbd_desc.o
 .debug_frame   0x00000000000003b8       0xf0 build/usbd_cdc_if.o
 .debug_frame   0x00000000000004a8      0x4e8 build/usbd_conf.o
 .debug_frame   0x0000000000000990      0x5c0 build/stm32f4xx_hal_pcd.o
 .debug_frame   0x0000000000000f50       0xb0 build/stm32f4xx_hal_pcd_ex.o
 .debug_frame   0x0000000000001000      0x7bc build/stm32f4xx_ll_usb.o
 .debug_frame   0x00000000000017bc      0x214 build/stm32f4xx_hal_rcc.o
 .debug_frame   0x00000000000019d0      0x154 build/stm32f4xx_hal_gpio.o
 .debug_frame   0x0000000000001b24      0x4d4 build/stm32f4xx_hal_cortex.o
 .debug_frame   0x0000000000001ff8      0x3d8 build/stm32f4xx_hal.o
 .debug_frame   0x00000000000023d0       0x5c build/system_stm32f4xx.o
 .debug_frame   0x000000000000242c      0x330 build/usbd_core.o
 .debug_frame   0x000000000000275c      0x268 build/usbd_ctlreq.o
 .debug_frame   0x00000000000029c4      0x128 build/usbd_ioreq.o
 .debug_frame   0x0000000000002aec      0x268 build/usbd_cdc.o
 .debug_frame   0x0000000000002d54       0x2c /usr/local/Cellar/arm-none-eabi-gcc/9-2019-q4-major/gcc/bin/../lib/gcc/arm-none-eabi/9.2.1/../../../../arm-none-eabi/lib/thumb/v7e-m+fp/softfp/libc_nano.a(lib_a-init.o)
 .debug_frame   0x0000000000002d80       0x30 /usr/local/Cellar/arm-none-eabi-gcc/9-2019-q4-major/gcc/bin/../lib/gcc/arm-none-eabi/9.2.1/../../../../arm-none-eabi/lib/thumb/v7e-m+fp/softfp/libc_nano.a(lib_a-malloc.o)
 .debug_frame   0x0000000000002db0       0x20 /usr/local/Cellar/arm-none-eabi-gcc/9-2019-q4-major/gcc/bin/../lib/gcc/arm-none-eabi/9.2.1/../../../../arm-none-eabi/lib/thumb/v7e-m+fp/softfp/libc_nano.a(lib_a-memset.o)
 .debug_frame   0x0000000000002dd0       0x38 /usr/local/Cellar/arm-none-eabi-gcc/9-2019-q4-major/gcc/bin/../lib/gcc/arm-none-eabi/9.2.1/../../../../arm-none-eabi/lib/thumb/v7e-m+fp/softfp/libc_nano.a(lib_a-nano-freer.o)
 .debug_frame   0x0000000000002e08       0x30 /usr/local/Cellar/arm-none-eabi-gcc/9-2019-q4-major/gcc/bin/../lib/gcc/arm-none-eabi/9.2.1/../../../../arm-none-eabi/lib/thumb/v7e-m+fp/softfp/libc_nano.a(lib_a-nano-mallocr.o)
 .debug_frame   0x0000000000002e38       0x2c /usr/local/Cellar/arm-none-eabi-gcc/9-2019-q4-major/gcc/bin/../lib/gcc/arm-none-eabi/9.2.1/../../../../arm-none-eabi/lib/thumb/v7e-m+fp/softfp/libc_nano.a(lib_a-sbrkr.o)
 .debug_frame   0x0000000000002e64       0x6c /usr/local/Cellar/arm-none-eabi-gcc/9-2019-q4-major/gcc/bin/../lib/gcc/arm-none-eabi/9.2.1/../../../../arm-none-eabi/lib/thumb/v7e-m+fp/softfp/libc_nano.a(lib_a-sprintf.o)
 .debug_frame   0x0000000000002ed0       0x30 /usr/local/Cellar/arm-none-eabi-gcc/9-2019-q4-major/gcc/bin/../lib/gcc/arm-none-eabi/9.2.1/../../../../arm-none-eabi/lib/thumb/v7e-m+fp/softfp/libc_nano.a(lib_a-mlock.o)
 .debug_frame   0x0000000000002f00       0x90 /usr/local/Cellar/arm-none-eabi-gcc/9-2019-q4-major/gcc/bin/../lib/gcc/arm-none-eabi/9.2.1/../../../../arm-none-eabi/lib/thumb/v7e-m+fp/softfp/libc_nano.a(lib_a-nano-svfprintf.o)
 .debug_frame   0x0000000000002f90       0x60 /usr/local/Cellar/arm-none-eabi-gcc/9-2019-q4-major/gcc/bin/../lib/gcc/arm-none-eabi/9.2.1/../../../../arm-none-eabi/lib/thumb/v7e-m+fp/softfp/libc_nano.a(lib_a-nano-vfprintf_i.o)
 .debug_frame   0x0000000000002ff0       0x5c /usr/local/Cellar/arm-none-eabi-gcc/9-2019-q4-major/gcc/bin/../lib/gcc/arm-none-eabi/9.2.1/../../../../arm-none-eabi/lib/thumb/v7e-m+fp/softfp/libc_nano.a(lib_a-reent.o)
 .debug_frame   0x000000000000304c       0xb0 /usr/local/Cellar/arm-none-eabi-gcc/9-2019-q4-major/gcc/bin/../lib/gcc/arm-none-eabi/9.2.1/../../../../arm-none-eabi/lib/thumb/v7e-m+fp/softfp/libc_nano.a(lib_a-lock.o)
 .debug_frame   0x00000000000030fc       0x28 /usr/local/Cellar/arm-none-eabi-gcc/9-2019-q4-major/gcc/bin/../lib/gcc/arm-none-eabi/9.2.1/../../../../arm-none-eabi/lib/thumb/v7e-m+fp/softfp/libc_nano.a(lib_a-memcpy-stub.o)
 .debug_frame   0x0000000000003124       0x28 /usr/local/Cellar/arm-none-eabi-gcc/9-2019-q4-major/gcc/bin/../lib/gcc/arm-none-eabi/9.2.1/../../../../arm-none-eabi/lib/thumb/v7e-m+fp/softfp/libc_nano.a(lib_a-memmove.o)
 .debug_frame   0x000000000000314c       0x3c /usr/local/Cellar/arm-none-eabi-gcc/9-2019-q4-major/gcc/bin/../lib/gcc/arm-none-eabi/9.2.1/../../../../arm-none-eabi/lib/thumb/v7e-m+fp/softfp/libc_nano.a(lib_a-nano-reallocr.o)
 .debug_frame   0x0000000000003188       0x20 /usr/local/Cellar/arm-none-eabi-gcc/9-2019-q4-major/gcc/bin/../lib/gcc/arm-none-eabi/9.2.1/../../../../arm-none-eabi/lib/thumb/v7e-m+fp/softfp/libc_nano.a(lib_a-nano-msizer.o)
 .debug_frame   0x00000000000031a8       0x20 /usr/local/Cellar/arm-none-eabi-gcc/9-2019-q4-major/gcc/bin/../lib/gcc/arm-none-eabi/9.2.1/../../../../arm-none-eabi/lib/thumb/v7e-m+fp/softfp/libnosys.a(sbrk.o)
 .debug_frame   0x00000000000031c8       0x2c /usr/local/Cellar/arm-none-eabi-gcc/9-2019-q4-major/gcc/bin/../lib/gcc/arm-none-eabi/9.2.1/thumb/v7e-m+fp/softfp/libgcc.a(_aeabi_uldivmod.o)
 .debug_frame   0x00000000000031f4       0x34 /usr/local/Cellar/arm-none-eabi-gcc/9-2019-q4-major/gcc/bin/../lib/gcc/arm-none-eabi/9.2.1/thumb/v7e-m+fp/softfp/libgcc.a(_udivmoddi4.o)

Cross Reference Table

Symbol                                            File
ADC_IRQHandler                                    build/startup_stm32f407xx.o
AES_CBC_Decrypt_Append                            Middlewares/ST/STM32_Cryptographic/Lib/libSTM32CryptographicV3.0.0_CM4_GCC.a(crypto.o)
AES_CBC_Decrypt_Finish                            Middlewares/ST/STM32_Cryptographic/Lib/libSTM32CryptographicV3.0.0_CM4_GCC.a(crypto.o)
AES_CBC_Decrypt_Init                              Middlewares/ST/STM32_Cryptographic/Lib/libSTM32CryptographicV3.0.0_CM4_GCC.a(crypto.o)
AES_CBC_Encrypt_Append                            Middlewares/ST/STM32_Cryptographic/Lib/libSTM32CryptographicV3.0.0_CM4_GCC.a(crypto.o)
                                                  build/main.o
AES_CBC_Encrypt_Finish                            Middlewares/ST/STM32_Cryptographic/Lib/libSTM32CryptographicV3.0.0_CM4_GCC.a(crypto.o)
                                                  build/main.o
AES_CBC_Encrypt_Init                              Middlewares/ST/STM32_Cryptographic/Lib/libSTM32CryptographicV3.0.0_CM4_GCC.a(crypto.o)
                                                  build/main.o
AES_CCM_Decrypt_Append                            Middlewares/ST/STM32_Cryptographic/Lib/libSTM32CryptographicV3.0.0_CM4_GCC.a(crypto.o)
AES_CCM_Decrypt_Finish                            Middlewares/ST/STM32_Cryptographic/Lib/libSTM32CryptographicV3.0.0_CM4_GCC.a(crypto.o)
AES_CCM_Decrypt_Init                              Middlewares/ST/STM32_Cryptographic/Lib/libSTM32CryptographicV3.0.0_CM4_GCC.a(crypto.o)
AES_CCM_Encrypt_Append                            Middlewares/ST/STM32_Cryptographic/Lib/libSTM32CryptographicV3.0.0_CM4_GCC.a(crypto.o)
AES_CCM_Encrypt_Finish                            Middlewares/ST/STM32_Cryptographic/Lib/libSTM32CryptographicV3.0.0_CM4_GCC.a(crypto.o)
AES_CCM_Encrypt_Init                              Middlewares/ST/STM32_Cryptographic/Lib/libSTM32CryptographicV3.0.0_CM4_GCC.a(crypto.o)
AES_CCM_Header_Append                             Middlewares/ST/STM32_Cryptographic/Lib/libSTM32CryptographicV3.0.0_CM4_GCC.a(crypto.o)
AES_CFB_Decrypt_Append                            Middlewares/ST/STM32_Cryptographic/Lib/libSTM32CryptographicV3.0.0_CM4_GCC.a(crypto.o)
AES_CFB_Decrypt_Finish                            Middlewares/ST/STM32_Cryptographic/Lib/libSTM32CryptographicV3.0.0_CM4_GCC.a(crypto.o)
AES_CFB_Decrypt_Init                              Middlewares/ST/STM32_Cryptographic/Lib/libSTM32CryptographicV3.0.0_CM4_GCC.a(crypto.o)
AES_CFB_Encrypt_Append                            Middlewares/ST/STM32_Cryptographic/Lib/libSTM32CryptographicV3.0.0_CM4_GCC.a(crypto.o)
AES_CFB_Encrypt_Finish                            Middlewares/ST/STM32_Cryptographic/Lib/libSTM32CryptographicV3.0.0_CM4_GCC.a(crypto.o)
AES_CFB_Encrypt_Init                              Middlewares/ST/STM32_Cryptographic/Lib/libSTM32CryptographicV3.0.0_CM4_GCC.a(crypto.o)
AES_CMAC_Decrypt_Append                           Middlewares/ST/STM32_Cryptographic/Lib/libSTM32CryptographicV3.0.0_CM4_GCC.a(crypto.o)
AES_CMAC_Decrypt_Finish                           Middlewares/ST/STM32_Cryptographic/Lib/libSTM32CryptographicV3.0.0_CM4_GCC.a(crypto.o)
AES_CMAC_Decrypt_Init                             Middlewares/ST/STM32_Cryptographic/Lib/libSTM32CryptographicV3.0.0_CM4_GCC.a(crypto.o)
AES_CMAC_Encrypt_Append                           Middlewares/ST/STM32_Cryptographic/Lib/libSTM32CryptographicV3.0.0_CM4_GCC.a(crypto.o)
AES_CMAC_Encrypt_Finish                           Middlewares/ST/STM32_Cryptographic/Lib/libSTM32CryptographicV3.0.0_CM4_GCC.a(crypto.o)
AES_CMAC_Encrypt_Init                             Middlewares/ST/STM32_Cryptographic/Lib/libSTM32CryptographicV3.0.0_CM4_GCC.a(crypto.o)
AES_CONF                                          Middlewares/ST/STM32_Cryptographic/Lib/libSTM32CryptographicV3.0.0_CM4_GCC.a(crypto.o)
AES_CTR_Decrypt_Append                            Middlewares/ST/STM32_Cryptographic/Lib/libSTM32CryptographicV3.0.0_CM4_GCC.a(crypto.o)
AES_CTR_Decrypt_Finish                            Middlewares/ST/STM32_Cryptographic/Lib/libSTM32CryptographicV3.0.0_CM4_GCC.a(crypto.o)
AES_CTR_Decrypt_Init                              Middlewares/ST/STM32_Cryptographic/Lib/libSTM32CryptographicV3.0.0_CM4_GCC.a(crypto.o)
AES_CTR_Encrypt_Append                            Middlewares/ST/STM32_Cryptographic/Lib/libSTM32CryptographicV3.0.0_CM4_GCC.a(crypto.o)
AES_CTR_Encrypt_Finish                            Middlewares/ST/STM32_Cryptographic/Lib/libSTM32CryptographicV3.0.0_CM4_GCC.a(crypto.o)
AES_CTR_Encrypt_Init                              Middlewares/ST/STM32_Cryptographic/Lib/libSTM32CryptographicV3.0.0_CM4_GCC.a(crypto.o)
AES_ECB_Decrypt_Append                            Middlewares/ST/STM32_Cryptographic/Lib/libSTM32CryptographicV3.0.0_CM4_GCC.a(crypto.o)
AES_ECB_Decrypt_Finish                            Middlewares/ST/STM32_Cryptographic/Lib/libSTM32CryptographicV3.0.0_CM4_GCC.a(crypto.o)
AES_ECB_Decrypt_Init                              Middlewares/ST/STM32_Cryptographic/Lib/libSTM32CryptographicV3.0.0_CM4_GCC.a(crypto.o)
AES_ECB_Encrypt_Append                            Middlewares/ST/STM32_Cryptographic/Lib/libSTM32CryptographicV3.0.0_CM4_GCC.a(crypto.o)
AES_ECB_Encrypt_Finish                            Middlewares/ST/STM32_Cryptographic/Lib/libSTM32CryptographicV3.0.0_CM4_GCC.a(crypto.o)
AES_ECB_Encrypt_Init                              Middlewares/ST/STM32_Cryptographic/Lib/libSTM32CryptographicV3.0.0_CM4_GCC.a(crypto.o)
AES_GCM_Decrypt_Append                            Middlewares/ST/STM32_Cryptographic/Lib/libSTM32CryptographicV3.0.0_CM4_GCC.a(crypto.o)
AES_GCM_Decrypt_Finish                            Middlewares/ST/STM32_Cryptographic/Lib/libSTM32CryptographicV3.0.0_CM4_GCC.a(crypto.o)
AES_GCM_Decrypt_Init                              Middlewares/ST/STM32_Cryptographic/Lib/libSTM32CryptographicV3.0.0_CM4_GCC.a(crypto.o)
AES_GCM_Encrypt_Append                            Middlewares/ST/STM32_Cryptographic/Lib/libSTM32CryptographicV3.0.0_CM4_GCC.a(crypto.o)
AES_GCM_Encrypt_Finish                            Middlewares/ST/STM32_Cryptographic/Lib/libSTM32CryptographicV3.0.0_CM4_GCC.a(crypto.o)
AES_GCM_Encrypt_Init                              Middlewares/ST/STM32_Cryptographic/Lib/libSTM32CryptographicV3.0.0_CM4_GCC.a(crypto.o)
AES_GCM_Header_Append                             Middlewares/ST/STM32_Cryptographic/Lib/libSTM32CryptographicV3.0.0_CM4_GCC.a(crypto.o)
AES_KeyWrap_Decrypt_Append                        Middlewares/ST/STM32_Cryptographic/Lib/libSTM32CryptographicV3.0.0_CM4_GCC.a(crypto.o)
AES_KeyWrap_Decrypt_Finish                        Middlewares/ST/STM32_Cryptographic/Lib/libSTM32CryptographicV3.0.0_CM4_GCC.a(crypto.o)
AES_KeyWrap_Decrypt_Init                          Middlewares/ST/STM32_Cryptographic/Lib/libSTM32CryptographicV3.0.0_CM4_GCC.a(crypto.o)
AES_KeyWrap_Encrypt_Append                        Middlewares/ST/STM32_Cryptographic/Lib/libSTM32CryptographicV3.0.0_CM4_GCC.a(crypto.o)
AES_KeyWrap_Encrypt_Finish                        Middlewares/ST/STM32_Cryptographic/Lib/libSTM32CryptographicV3.0.0_CM4_GCC.a(crypto.o)
AES_KeyWrap_Encrypt_Init                          Middlewares/ST/STM32_Cryptographic/Lib/libSTM32CryptographicV3.0.0_CM4_GCC.a(crypto.o)
AES_OFB_Decrypt_Append                            Middlewares/ST/STM32_Cryptographic/Lib/libSTM32CryptographicV3.0.0_CM4_GCC.a(crypto.o)
AES_OFB_Decrypt_Finish                            Middlewares/ST/STM32_Cryptographic/Lib/libSTM32CryptographicV3.0.0_CM4_GCC.a(crypto.o)
AES_OFB_Decrypt_Init                              Middlewares/ST/STM32_Cryptographic/Lib/libSTM32CryptographicV3.0.0_CM4_GCC.a(crypto.o)
AES_OFB_Encrypt_Append                            Middlewares/ST/STM32_Cryptographic/Lib/libSTM32CryptographicV3.0.0_CM4_GCC.a(crypto.o)
AES_OFB_Encrypt_Finish                            Middlewares/ST/STM32_Cryptographic/Lib/libSTM32CryptographicV3.0.0_CM4_GCC.a(crypto.o)
AES_OFB_Encrypt_Init                              Middlewares/ST/STM32_Cryptographic/Lib/libSTM32CryptographicV3.0.0_CM4_GCC.a(crypto.o)
AES_XTS_Decrypt_Append                            Middlewares/ST/STM32_Cryptographic/Lib/libSTM32CryptographicV3.0.0_CM4_GCC.a(crypto.o)
AES_XTS_Decrypt_Finish                            Middlewares/ST/STM32_Cryptographic/Lib/libSTM32CryptographicV3.0.0_CM4_GCC.a(crypto.o)
AES_XTS_Decrypt_Init                              Middlewares/ST/STM32_Cryptographic/Lib/libSTM32CryptographicV3.0.0_CM4_GCC.a(crypto.o)
AES_XTS_Encrypt_Append                            Middlewares/ST/STM32_Cryptographic/Lib/libSTM32CryptographicV3.0.0_CM4_GCC.a(crypto.o)
AES_XTS_Encrypt_Finish                            Middlewares/ST/STM32_Cryptographic/Lib/libSTM32CryptographicV3.0.0_CM4_GCC.a(crypto.o)