Archive member included to satisfy reference by file (symbol)

/usr/local/Cellar/arm-none-eabi-gcc/9-2019-q4-major/gcc/bin/../lib/gcc/arm-none-eabi/9.2.1/../../../../arm-none-eabi/lib/thumb/v7e-m+fp/hard/libc_nano.a(lib_a-exit.o)
                              /usr/local/Cellar/arm-none-eabi-gcc/9-2019-q4-major/gcc/bin/../lib/gcc/arm-none-eabi/9.2.1/../../../../arm-none-eabi/lib/thumb/v7e-m+fp/hard/crt0.o (exit)
/usr/local/Cellar/arm-none-eabi-gcc/9-2019-q4-major/gcc/bin/../lib/gcc/arm-none-eabi/9.2.1/../../../../arm-none-eabi/lib/thumb/v7e-m+fp/hard/libc_nano.a(lib_a-impure.o)
                              /usr/local/Cellar/arm-none-eabi-gcc/9-2019-q4-major/gcc/bin/../lib/gcc/arm-none-eabi/9.2.1/../../../../arm-none-eabi/lib/thumb/v7e-m+fp/hard/libc_nano.a(lib_a-exit.o) (_global_impure_ptr)
/usr/local/Cellar/arm-none-eabi-gcc/9-2019-q4-major/gcc/bin/../lib/gcc/arm-none-eabi/9.2.1/../../../../arm-none-eabi/lib/thumb/v7e-m+fp/hard/libc_nano.a(lib_a-init.o)
                              /usr/local/Cellar/arm-none-eabi-gcc/9-2019-q4-major/gcc/bin/../lib/gcc/arm-none-eabi/9.2.1/../../../../arm-none-eabi/lib/thumb/v7e-m+fp/hard/crt0.o (__libc_init_array)
/usr/local/Cellar/arm-none-eabi-gcc/9-2019-q4-major/gcc/bin/../lib/gcc/arm-none-eabi/9.2.1/../../../../arm-none-eabi/lib/thumb/v7e-m+fp/hard/libc_nano.a(lib_a-malloc.o)
                              build/main.o (malloc)
/usr/local/Cellar/arm-none-eabi-gcc/9-2019-q4-major/gcc/bin/../lib/gcc/arm-none-eabi/9.2.1/../../../../arm-none-eabi/lib/thumb/v7e-m+fp/hard/libc_nano.a(lib_a-memset.o)
                              /usr/local/Cellar/arm-none-eabi-gcc/9-2019-q4-major/gcc/bin/../lib/gcc/arm-none-eabi/9.2.1/../../../../arm-none-eabi/lib/thumb/v7e-m+fp/hard/crt0.o (memset)
/usr/local/Cellar/arm-none-eabi-gcc/9-2019-q4-major/gcc/bin/../lib/gcc/arm-none-eabi/9.2.1/../../../../arm-none-eabi/lib/thumb/v7e-m+fp/hard/libc_nano.a(lib_a-nano-freer.o)
                              /usr/local/Cellar/arm-none-eabi-gcc/9-2019-q4-major/gcc/bin/../lib/gcc/arm-none-eabi/9.2.1/../../../../arm-none-eabi/lib/thumb/v7e-m+fp/hard/libc_nano.a(lib_a-malloc.o) (_free_r)
/usr/local/Cellar/arm-none-eabi-gcc/9-2019-q4-major/gcc/bin/../lib/gcc/arm-none-eabi/9.2.1/../../../../arm-none-eabi/lib/thumb/v7e-m+fp/hard/libc_nano.a(lib_a-nano-mallocr.o)
                              /usr/local/Cellar/arm-none-eabi-gcc/9-2019-q4-major/gcc/bin/../lib/gcc/arm-none-eabi/9.2.1/../../../../arm-none-eabi/lib/thumb/v7e-m+fp/hard/libc_nano.a(lib_a-malloc.o) (_malloc_r)
/usr/local/Cellar/arm-none-eabi-gcc/9-2019-q4-major/gcc/bin/../lib/gcc/arm-none-eabi/9.2.1/../../../../arm-none-eabi/lib/thumb/v7e-m+fp/hard/libc_nano.a(lib_a-sbrkr.o)
                              /usr/local/Cellar/arm-none-eabi-gcc/9-2019-q4-major/gcc/bin/../lib/gcc/arm-none-eabi/9.2.1/../../../../arm-none-eabi/lib/thumb/v7e-m+fp/hard/libc_nano.a(lib_a-nano-mallocr.o) (_sbrk_r)
/usr/local/Cellar/arm-none-eabi-gcc/9-2019-q4-major/gcc/bin/../lib/gcc/arm-none-eabi/9.2.1/../../../../arm-none-eabi/lib/thumb/v7e-m+fp/hard/libc_nano.a(lib_a-sprintf.o)
                              build/main.o (sprintf)
/usr/local/Cellar/arm-none-eabi-gcc/9-2019-q4-major/gcc/bin/../lib/gcc/arm-none-eabi/9.2.1/../../../../arm-none-eabi/lib/thumb/v7e-m+fp/hard/libc_nano.a(lib_a-mlock.o)
                              /usr/local/Cellar/arm-none-eabi-gcc/9-2019-q4-major/gcc/bin/../lib/gcc/arm-none-eabi/9.2.1/../../../../arm-none-eabi/lib/thumb/v7e-m+fp/hard/libc_nano.a(lib_a-nano-freer.o) (__malloc_lock)
/usr/local/Cellar/arm-none-eabi-gcc/9-2019-q4-major/gcc/bin/../lib/gcc/arm-none-eabi/9.2.1/../../../../arm-none-eabi/lib/thumb/v7e-m+fp/hard/libc_nano.a(lib_a-nano-svfprintf.o)
                              /usr/local/Cellar/arm-none-eabi-gcc/9-2019-q4-major/gcc/bin/../lib/gcc/arm-none-eabi/9.2.1/../../../../arm-none-eabi/lib/thumb/v7e-m+fp/hard/libc_nano.a(lib_a-sprintf.o) (_svfprintf_r)
/usr/local/Cellar/arm-none-eabi-gcc/9-2019-q4-major/gcc/bin/../lib/gcc/arm-none-eabi/9.2.1/../../../../arm-none-eabi/lib/thumb/v7e-m+fp/hard/libc_nano.a(lib_a-nano-vfprintf_i.o)
                              /usr/local/Cellar/arm-none-eabi-gcc/9-2019-q4-major/gcc/bin/../lib/gcc/arm-none-eabi/9.2.1/../../../../arm-none-eabi/lib/thumb/v7e-m+fp/hard/libc_nano.a(lib_a-nano-svfprintf.o) (_printf_i)
/usr/local/Cellar/arm-none-eabi-gcc/9-2019-q4-major/gcc/bin/../lib/gcc/arm-none-eabi/9.2.1/../../../../arm-none-eabi/lib/thumb/v7e-m+fp/hard/libc_nano.a(lib_a-reent.o)
                              /usr/local/Cellar/arm-none-eabi-gcc/9-2019-q4-major/gcc/bin/../lib/gcc/arm-none-eabi/9.2.1/../../../../arm-none-eabi/lib/thumb/v7e-m+fp/hard/libc_nano.a(lib_a-sbrkr.o) (errno)
/usr/local/Cellar/arm-none-eabi-gcc/9-2019-q4-major/gcc/bin/../lib/gcc/arm-none-eabi/9.2.1/../../../../arm-none-eabi/lib/thumb/v7e-m+fp/hard/libc_nano.a(lib_a-lock.o)
[...]
Memory Configuration

Name             Origin             Length             Attributes
RAM              0x0000000020000000 0x0000000000020000 xrw
CCMRAM           0x0000000010000000 0x0000000000010000 xrw
FLASH            0x0000000008000000 0x0000000000100000 xr
*default*        0x0000000000000000 0xffffffffffffffff

Linker script and memory map

LOAD /usr/local/Cellar/arm-none-eabi-gcc/9-2019-q4-major/gcc/bin/../lib/gcc/arm-none-eabi/9.2.1/thumb/v7e-m+fp/hard/crti.o
LOAD /usr/local/Cellar/arm-none-eabi-gcc/9-2019-q4-major/gcc/bin/../lib/gcc/arm-none-eabi/9.2.1/thumb/v7e-m+fp/hard/crtbegin.o
LOAD /usr/local/Cellar/arm-none-eabi-gcc/9-2019-q4-major/gcc/bin/../lib/gcc/arm-none-eabi/9.2.1/../../../../arm-none-eabi/lib/thumb/v7e-m+fp/hard/crt0.o
LOAD build/main.o
LOAD build/stm32f4xx_it.o
LOAD build/stm32f4xx_hal_msp.o
LOAD build/usb_device.o
LOAD build/usbd_desc.o
LOAD build/usbd_cdc_if.o
LOAD build/usbd_conf.o
LOAD build/stm32f4xx_hal_pcd.o
LOAD build/stm32f4xx_hal_pcd_ex.o
LOAD build/stm32f4xx_ll_usb.o
LOAD build/stm32f4xx_hal_rcc.o
LOAD build/stm32f4xx_hal_rcc_ex.o
LOAD build/stm32f4xx_hal_flash.o
LOAD build/stm32f4xx_hal_flash_ex.o
LOAD build/stm32f4xx_hal_flash_ramfunc.o
LOAD build/stm32f4xx_hal_gpio.o
LOAD build/stm32f4xx_hal_dma_ex.o
LOAD build/stm32f4xx_hal_dma.o
LOAD build/stm32f4xx_hal_pwr.o
LOAD build/stm32f4xx_hal_pwr_ex.o
LOAD build/stm32f4xx_hal_cortex.o
LOAD build/stm32f4xx_hal.o
LOAD build/stm32f4xx_hal_exti.o
LOAD build/stm32f4xx_hal_tim.o
LOAD build/stm32f4xx_hal_tim_ex.o
LOAD build/system_stm32f4xx.o
LOAD build/usbd_core.o
LOAD build/usbd_ctlreq.o
LOAD build/usbd_ioreq.o
LOAD build/usbd_cdc.o
LOAD build/startup_stm32f407xx.o
LOAD /usr/local/Cellar/arm-none-eabi-gcc/9-2019-q4-major/gcc/bin/../lib/gcc/arm-none-eabi/9.2.1/../../../../arm-none-eabi/lib/thumb/v7e-m+fp/hard/libc_nano.a
LOAD /usr/local/Cellar/arm-none-eabi-gcc/9-2019-q4-major/gcc/bin/../lib/gcc/arm-none-eabi/9.2.1/../../../../arm-none-eabi/lib/thumb/v7e-m+fp/hard/libm.a
LOAD /usr/local/Cellar/arm-none-eabi-gcc/9-2019-q4-major/gcc/bin/../lib/gcc/arm-none-eabi/9.2.1/../../../../arm-none-eabi/lib/thumb/v7e-m+fp/hard/libnosys.a
START GROUP
LOAD /usr/local/Cellar/arm-none-eabi-gcc/9-2019-q4-major/gcc/bin/../lib/gcc/arm-none-eabi/9.2.1/thumb/v7e-m+fp/hard/libgcc.a
LOAD /usr/local/Cellar/arm-none-eabi-gcc/9-2019-q4-major/gcc/bin/../lib/gcc/arm-none-eabi/9.2.1/../../../../arm-none-eabi/lib/thumb/v7e-m+fp/hard/libc_nano.a
END GROUP
START GROUP
LOAD /usr/local/Cellar/arm-none-eabi-gcc/9-2019-q4-major/gcc/bin/../lib/gcc/arm-none-eabi/9.2.1/thumb/v7e-m+fp/hard/libgcc.a
LOAD /usr/local/Cellar/arm-none-eabi-gcc/9-2019-q4-major/gcc/bin/../lib/gcc/arm-none-eabi/9.2.1/../../../../arm-none-eabi/lib/thumb/v7e-m+fp/hard/libc_nano.a
END GROUP
LOAD /usr/local/Cellar/arm-none-eabi-gcc/9-2019-q4-major/gcc/bin/../lib/gcc/arm-none-eabi/9.2.1/thumb/v7e-m+fp/hard/crtend.o
LOAD /usr/local/Cellar/arm-none-eabi-gcc/9-2019-q4-major/gcc/bin/../lib/gcc/arm-none-eabi/9.2.1/thumb/v7e-m+fp/hard/crtn.o
                0x0000000020020000                _estack = 0x20020000
                0x0000000000000200                _Min_Heap_Size = 0x200
                0x0000000000000400                _Min_Stack_Size = 0x400

.isr_vector     0x0000000008000000      0x188
                0x0000000008000000                . = ALIGN (0x4)
 *(.isr_vector)
 .isr_vector    0x0000000008000000      0x188 build/startup_stm32f407xx.o
                0x0000000008000000                g_pfnVectors
                0x0000000008000188                . = ALIGN (0x4)

.text           0x0000000008000190     0x6ae8
                0x0000000008000190                . = ALIGN (0x4)
 *(.text)
 .text          0x0000000008000190       0x40 /usr/local/Cellar/arm-none-eabi-gcc/9-2019-q4-major/gcc/bin/../lib/gcc/arm-none-eabi/9.2.1/thumb/v7e-m+fp/hard/crtbegin.o
 .text          0x00000000080001d0       0xa0 /usr/local/Cellar/arm-none-eabi-gcc/9-2019-q4-major/gcc/bin/../lib/gcc/arm-none-eabi/9.2.1/../../../../arm-none-eabi/lib/thumb/v7e-m+fp/hard/libc_nano.a(lib_a-memchr.o)
                0x00000000080001d0                memchr
 .text          0x0000000008000270       0x30 /usr/local/Cellar/arm-none-eabi-gcc/9-2019-q4-major/gcc/bin/../lib/gcc/arm-none-eabi/9.2.1/thumb/v7e-m+fp/hard/libgcc.a(_aeabi_uldivmod.o)
                0x0000000008000270                __aeabi_uldivmod
 .text          0x00000000080002a0      0x2c4 /usr/local/Cellar/arm-none-eabi-gcc/9-2019-q4-major/gcc/bin/../lib/gcc/arm-none-eabi/9.2.1/thumb/v7e-m+fp/hard/libgcc.a(_udivmoddi4.o)
                0x00000000080002a0                __udivmoddi4
 .text          0x0000000008000564        0x4 /usr/local/Cellar/arm-none-eabi-gcc/9-2019-q4-major/gcc/bin/../lib/gcc/arm-none-eabi/9.2.1/thumb/v7e-m+fp/hard/libgcc.a(_dvmd_tls.o)
                0x0000000008000564                __aeabi_ldiv0
                0x0000000008000564                __aeabi_idiv0
 *(.text*)
 .text.main     0x0000000008000568       0x88 build/main.o
                0x0000000008000568                main
 .text.SystemClock_Config
                0x00000000080005f0       0xd4 build/main.o
                0x00000000080005f0                SystemClock_Config
 .text.MX_GPIO_Init
                0x00000000080006c4       0x6c build/main.o
 .text.Error_Handler
                0x0000000008000730        0xa build/main.o
                0x0000000008000730                Error_Handler
 .text.NMI_Handler
                0x000000000800073a        0x6 build/stm32f4xx_it.o
                0x000000000800073a                NMI_Handler
 .text.HardFault_Handler
                0x0000000008000740        0x6 build/stm32f4xx_it.o
                0x0000000008000740                HardFault_Handler
 .text.MemManage_Handler
                0x0000000008000746        0x6 build/stm32f4xx_it.o
                0x0000000008000746                MemManage_Handler
 .text.BusFault_Handler
                0x000000000800074c        0x6 build/stm32f4xx_it.o
                0x000000000800074c                BusFault_Handler
 .text.UsageFault_Handler
                0x0000000008000752        0x6 build/stm32f4xx_it.o
                0x0000000008000752                UsageFault_Handler
 .text.SVC_Handler
                0x0000000008000758        0xe build/stm32f4xx_it.o
                0x0000000008000758                SVC_Handler
 .text.DebugMon_Handler
                0x0000000008000766        0xe build/stm32f4xx_it.o
                0x0000000008000766                DebugMon_Handler
 .text.PendSV_Handler
                0x0000000008000774        0xe build/stm32f4xx_it.o
                0x0000000008000774                PendSV_Handler
 .text.SysTick_Handler
                0x0000000008000782        0xc build/stm32f4xx_it.o
                0x0000000008000782                SysTick_Handler
 *fill*         0x000000000800078e        0x2 
 .text.OTG_FS_IRQHandler
                0x0000000008000790       0x14 build/stm32f4xx_it.o
                0x0000000008000790                OTG_FS_IRQHandler
 .text.HAL_MspInit
                0x00000000080007a4       0x50 build/stm32f4xx_hal_msp.o
                0x00000000080007a4                HAL_MspInit
 .text.MX_USB_DEVICE_Init
                0x00000000080007f4       0x60 build/usb_device.o
                0x00000000080007f4                MX_USB_DEVICE_Init
 .text.USBD_FS_DeviceDescriptor
                0x0000000008000854       0x24 build/usbd_desc.o
                0x0000000008000854                USBD_FS_DeviceDescriptor
 .text.USBD_FS_LangIDStrDescriptor
                0x0000000008000878       0x24 build/usbd_desc.o
                0x0000000008000878                USBD_FS_LangIDStrDescriptor
 .text.USBD_FS_ProductStrDescriptor
                0x000000000800089c       0x3c build/usbd_desc.o
                0x000000000800089c                USBD_FS_ProductStrDescriptor
 .text.USBD_FS_ManufacturerStrDescriptor
                0x00000000080008d8       0x28 build/usbd_desc.o
                0x00000000080008d8                USBD_FS_ManufacturerStrDescriptor
 .text.USBD_FS_SerialStrDescriptor
                0x0000000008000900       0x24 build/usbd_desc.o
                0x0000000008000900                USBD_FS_SerialStrDescriptor
 .text.USBD_FS_ConfigStrDescriptor
                0x0000000008000924       0x3c build/usbd_desc.o
                0x0000000008000924                USBD_FS_ConfigStrDescriptor
 .text.USBD_FS_InterfaceStrDescriptor
                0x0000000008000960       0x3c build/usbd_desc.o
                0x0000000008000960                USBD_FS_InterfaceStrDescriptor
 .text.Get_SerialNum
                0x000000000800099c       0x58 build/usbd_desc.o
 .text.IntToUnicode
                0x00000000080009f4       0x7e build/usbd_desc.o
 *fill*         0x0000000008000a72        0x2 
 .text.CDC_Init_FS
                0x0000000008000a74       0x28 build/usbd_cdc_if.o
 .text.CDC_DeInit_FS
                0x0000000008000a9c       0x10 build/usbd_cdc_if.o
 .text.CDC_Control_FS
                0x0000000008000aac       0xbc build/usbd_cdc_if.o
 .text.CDC_Receive_FS
                0x0000000008000b68       0x28 build/usbd_cdc_if.o
 .text.CDC_TransmitCplt_FS
                0x0000000008000b90       0x22 build/usbd_cdc_if.o
 *fill*         0x0000000008000bb2        0x2 
 .text.HAL_PCD_MspInit
                0x0000000008000bb4       0xa8 build/usbd_conf.o
                0x0000000008000bb4                HAL_PCD_MspInit
 .text.HAL_PCD_SetupStageCallback
                0x0000000008000c5c       0x24 build/usbd_conf.o
                0x0000000008000c5c                HAL_PCD_SetupStageCallback
 .text.HAL_PCD_DataOutStageCallback
                0x0000000008000c80       0x36 build/usbd_conf.o
                0x0000000008000c80                HAL_PCD_DataOutStageCallback
 .text.HAL_PCD_DataInStageCallback
                0x0000000008000cb6       0x34 build/usbd_conf.o
                0x0000000008000cb6                HAL_PCD_DataInStageCallback
 .text.HAL_PCD_SOFCallback
                0x0000000008000cea       0x1c build/usbd_conf.o
                0x0000000008000cea                HAL_PCD_SOFCallback
 .text.HAL_PCD_ResetCallback
                0x0000000008000d06       0x50 build/usbd_conf.o
                0x0000000008000d06                HAL_PCD_ResetCallback
 *fill*         0x0000000008000d56        0x2 
 .text.HAL_PCD_SuspendCallback
                0x0000000008000d58       0x4c build/usbd_conf.o
                0x0000000008000d58                HAL_PCD_SuspendCallback
 .text.HAL_PCD_ResumeCallback
                0x0000000008000da4       0x1c build/usbd_conf.o
                0x0000000008000da4                HAL_PCD_ResumeCallback
 .text.HAL_PCD_ISOOUTIncompleteCallback
                0x0000000008000dc0       0x24 build/usbd_conf.o
                0x0000000008000dc0                HAL_PCD_ISOOUTIncompleteCallback
 .text.HAL_PCD_ISOINIncompleteCallback
                0x0000000008000de4       0x24 build/usbd_conf.o
                0x0000000008000de4                HAL_PCD_ISOINIncompleteCallback
 .text.HAL_PCD_ConnectCallback
                0x0000000008000e08       0x1c build/usbd_conf.o
                0x0000000008000e08                HAL_PCD_ConnectCallback
 .text.HAL_PCD_DisconnectCallback
                0x0000000008000e24       0x1c build/usbd_conf.o
                0x0000000008000e24                HAL_PCD_DisconnectCallback
 .text.USBD_LL_Init
                0x0000000008000e40       0x98 build/usbd_conf.o
                0x0000000008000e40                USBD_LL_Init
 .text.USBD_LL_Start
                0x0000000008000ed8       0x36 build/usbd_conf.o
                0x0000000008000ed8                USBD_LL_Start
 .text.USBD_LL_OpenEP
                0x0000000008000f0e       0x4c build/usbd_conf.o
                0x0000000008000f0e                USBD_LL_OpenEP
 .text.USBD_LL_CloseEP
                0x0000000008000f5a       0x3e build/usbd_conf.o
                0x0000000008000f5a                USBD_LL_CloseEP
 .text.USBD_LL_StallEP
                0x0000000008000f98       0x3e build/usbd_conf.o
                0x0000000008000f98                USBD_LL_StallEP
 .text.USBD_LL_ClearStallEP
                0x0000000008000fd6       0x3e build/usbd_conf.o
                0x0000000008000fd6                USBD_LL_ClearStallEP
 .text.USBD_LL_IsStallEP
                0x0000000008001014       0x58 build/usbd_conf.o
                0x0000000008001014                USBD_LL_IsStallEP
 .text.USBD_LL_SetUSBAddress
                0x000000000800106c       0x3e build/usbd_conf.o
                0x000000000800106c                USBD_LL_SetUSBAddress
 .text.USBD_LL_Transmit
                0x00000000080010aa       0x42 build/usbd_conf.o
                0x00000000080010aa                USBD_LL_Transmit
 .text.USBD_LL_PrepareReceive
                0x00000000080010ec       0x42 build/usbd_conf.o
                0x00000000080010ec                USBD_LL_PrepareReceive
 .text.USBD_LL_GetRxDataSize
                0x000000000800112e       0x26 build/usbd_conf.o
                0x000000000800112e                USBD_LL_GetRxDataSize
 .text.USBD_static_malloc
                0x0000000008001154       0x1c build/usbd_conf.o
                0x0000000008001154                USBD_static_malloc
 .text.USBD_static_free
                0x0000000008001170       0x14 build/usbd_conf.o
                0x0000000008001170                USBD_static_free
 .text.USBD_Get_USB_Status
                0x0000000008001184       0x58 build/usbd_conf.o
                0x0000000008001184                USBD_Get_USB_Status
 .text.HAL_PCD_Init
                0x00000000080011dc      0x23a build/stm32f4xx_hal_pcd.o
                0x00000000080011dc                HAL_PCD_Init
 .text.HAL_PCD_Start
                0x0000000008001416       0x66 build/stm32f4xx_hal_pcd.o
                0x0000000008001416                HAL_PCD_Start
 .text.HAL_PCD_IRQHandler
                0x000000000800147c      0x764 build/stm32f4xx_hal_pcd.o
                0x000000000800147c                HAL_PCD_IRQHandler
 .text.HAL_PCD_SetAddress
                0x0000000008001be0       0x4a build/stm32f4xx_hal_pcd.o
                0x0000000008001be0                HAL_PCD_SetAddress
 .text.HAL_PCD_EP_Open
                0x0000000008001c2a       0xd0 build/stm32f4xx_hal_pcd.o
                0x0000000008001c2a                HAL_PCD_EP_Open
 .text.HAL_PCD_EP_Close
                0x0000000008001cfa       0x94 build/stm32f4xx_hal_pcd.o
                0x0000000008001cfa                HAL_PCD_EP_Close
 .text.HAL_PCD_EP_Receive
                0x0000000008001d8e       0x96 build/stm32f4xx_hal_pcd.o
                0x0000000008001d8e                HAL_PCD_EP_Receive
 .text.HAL_PCD_EP_GetRxCount
                0x0000000008001e24       0x30 build/stm32f4xx_hal_pcd.o
                0x0000000008001e24                HAL_PCD_EP_GetRxCount
 .text.HAL_PCD_EP_Transmit
                0x0000000008001e54       0x94 build/stm32f4xx_hal_pcd.o
                0x0000000008001e54                HAL_PCD_EP_Transmit
 .text.HAL_PCD_EP_SetStall
                0x0000000008001ee8       0xc8 build/stm32f4xx_hal_pcd.o
                0x0000000008001ee8                HAL_PCD_EP_SetStall
 .text.HAL_PCD_EP_ClrStall
                0x0000000008001fb0       0xac build/stm32f4xx_hal_pcd.o
                0x0000000008001fb0                HAL_PCD_EP_ClrStall
 .text.PCD_WriteEmptyTxFifo
                0x000000000800205c      0x11a build/stm32f4xx_hal_pcd.o
 *fill*         0x0000000008002176        0x2 
 .text.PCD_EP_OutXfrComplete_int
                0x0000000008002178      0x218 build/stm32f4xx_hal_pcd.o
 .text.PCD_EP_OutSetupPacket_int
                0x0000000008002390       0x8c build/stm32f4xx_hal_pcd.o
 .text.HAL_PCDEx_SetTxFiFo
                0x000000000800241c       0x8e build/stm32f4xx_hal_pcd_ex.o
                0x000000000800241c                HAL_PCDEx_SetTxFiFo
 .text.HAL_PCDEx_SetRxFiFo
                0x00000000080024aa       0x22 build/stm32f4xx_hal_pcd_ex.o
                0x00000000080024aa                HAL_PCDEx_SetRxFiFo
 .text.HAL_PCDEx_LPM_Callback
                0x00000000080024cc       0x18 build/stm32f4xx_hal_pcd_ex.o
                0x00000000080024cc                HAL_PCDEx_LPM_Callback
 .text.USB_CoreInit
                0x00000000080024e4       0xc2 build/stm32f4xx_ll_usb.o
                0x00000000080024e4                USB_CoreInit
 *fill*         0x00000000080025a6        0x2 
 .text.USB_SetTurnaroundTime
                0x00000000080025a8      0x144 build/stm32f4xx_ll_usb.o
                0x00000000080025a8                USB_SetTurnaroundTime
 .text.USB_EnableGlobalInt
                0x00000000080026ec       0x22 build/stm32f4xx_ll_usb.o
                0x00000000080026ec                USB_EnableGlobalInt
 .text.USB_DisableGlobalInt
                0x000000000800270e       0x22 build/stm32f4xx_ll_usb.o
                0x000000000800270e                USB_DisableGlobalInt
 .text.USB_SetCurrentMode
                0x0000000008002730       0x54 build/stm32f4xx_ll_usb.o
                0x0000000008002730                USB_SetCurrentMode
 .text.USB_DevInit
                0x0000000008002784      0x2c8 build/stm32f4xx_ll_usb.o
                0x0000000008002784                USB_DevInit
 .text.USB_FlushTxFifo
                0x0000000008002a4c       0x4c build/stm32f4xx_ll_usb.o
                0x0000000008002a4c                USB_FlushTxFifo
 .text.USB_FlushRxFifo
                0x0000000008002a98       0x44 build/stm32f4xx_ll_usb.o
                0x0000000008002a98                USB_FlushRxFifo
 .text.USB_SetDevSpeed
                0x0000000008002adc       0x32 build/stm32f4xx_ll_usb.o
                0x0000000008002adc                USB_SetDevSpeed
 .text.USB_GetDevSpeed
                0x0000000008002b0e       0x4a build/stm32f4xx_ll_usb.o
                0x0000000008002b0e                USB_GetDevSpeed
 .text.USB_ActivateEndpoint
                0x0000000008002b58      0x10e build/stm32f4xx_ll_usb.o
                0x0000000008002b58                USB_ActivateEndpoint
 *fill*         0x0000000008002c66        0x2 
 .text.USB_DeactivateEndpoint
                0x0000000008002c68      0x1b8 build/stm32f4xx_ll_usb.o
                0x0000000008002c68                USB_DeactivateEndpoint
 .text.USB_EPStartXfer
                0x0000000008002e20      0x488 build/stm32f4xx_ll_usb.o
                0x0000000008002e20                USB_EPStartXfer
 .text.USB_EP0StartXfer
                0x00000000080032a8      0x2a6 build/stm32f4xx_ll_usb.o
                0x00000000080032a8                USB_EP0StartXfer
 .text.USB_WritePacket
                0x000000000800354e       0x6a build/stm32f4xx_ll_usb.o
                0x000000000800354e                USB_WritePacket
 .text.USB_ReadPacket
                0x00000000080035b8       0x52 build/stm32f4xx_ll_usb.o
                0x00000000080035b8                USB_ReadPacket
 .text.USB_EPSetStall
                0x000000000800360a       0xdc build/stm32f4xx_ll_usb.o
                0x000000000800360a                USB_EPSetStall
 .text.USB_EPClearStall
                0x00000000080036e6       0xcc build/stm32f4xx_ll_usb.o
                0x00000000080036e6                USB_EPClearStall
 .text.USB_SetDevAddress
                0x00000000080037b2       0x4c build/stm32f4xx_ll_usb.o
                0x00000000080037b2                USB_SetDevAddress
 .text.USB_DevConnect
                0x00000000080037fe       0x42 build/stm32f4xx_ll_usb.o
                0x00000000080037fe                USB_DevConnect
 .text.USB_DevDisconnect
                0x0000000008003840       0x42 build/stm32f4xx_ll_usb.o
                0x0000000008003840                USB_DevDisconnect
 .text.USB_ReadInterrupts
                0x0000000008003882       0x26 build/stm32f4xx_ll_usb.o
                0x0000000008003882                USB_ReadInterrupts
 .text.USB_ReadDevAllOutEpInterrupt
                0x00000000080038a8       0x34 build/stm32f4xx_ll_usb.o
                0x00000000080038a8                USB_ReadDevAllOutEpInterrupt
 .text.USB_ReadDevAllInEpInterrupt
                0x00000000080038dc       0x34 build/stm32f4xx_ll_usb.o
                0x00000000080038dc                USB_ReadDevAllInEpInterrupt
 .text.USB_ReadDevOutEPInterrupt
                0x0000000008003910       0x3c build/stm32f4xx_ll_usb.o
                0x0000000008003910                USB_ReadDevOutEPInterrupt
 .text.USB_ReadDevInEPInterrupt
                0x000000000800394c       0x5c build/stm32f4xx_ll_usb.o
                0x000000000800394c                USB_ReadDevInEPInterrupt
 .text.USB_GetMode
                0x00000000080039a8       0x1c build/stm32f4xx_ll_usb.o
                0x00000000080039a8                USB_GetMode
 .text.USB_ActivateSetup
                0x00000000080039c4       0x46 build/stm32f4xx_ll_usb.o
                0x00000000080039c4                USB_ActivateSetup
 *fill*         0x0000000008003a0a        0x2 
 .text.USB_EP0_OutStart
                0x0000000008003a0c       0xbc build/stm32f4xx_ll_usb.o
                0x0000000008003a0c                USB_EP0_OutStart
 .text.USB_CoreReset
                0x0000000008003ac8       0x68 build/stm32f4xx_ll_usb.o
 .text.HAL_RCC_OscConfig
                0x0000000008003b30      0x4f0 build/stm32f4xx_hal_rcc.o
                0x0000000008003b30                HAL_RCC_OscConfig
 .text.HAL_RCC_ClockConfig
                0x0000000008004020      0x1cc build/stm32f4xx_hal_rcc.o
                0x0000000008004020                HAL_RCC_ClockConfig
 .text.HAL_RCC_GetSysClockFreq
                0x00000000080041ec      0x1c4 build/stm32f4xx_hal_rcc.o
                0x00000000080041ec                HAL_RCC_GetSysClockFreq
 .text.HAL_RCC_GetHCLKFreq
                0x00000000080043b0       0x18 build/stm32f4xx_hal_rcc.o
                0x00000000080043b0                HAL_RCC_GetHCLKFreq
 .text.HAL_GPIO_Init
                0x00000000080043c8      0x338 build/stm32f4xx_hal_gpio.o
                0x00000000080043c8                HAL_GPIO_Init
 .text.__NVIC_SetPriorityGrouping
                0x0000000008004700       0x48 build/stm32f4xx_hal_cortex.o
 .text.__NVIC_GetPriorityGrouping
                0x0000000008004748       0x1c build/stm32f4xx_hal_cortex.o
 .text.__NVIC_EnableIRQ
                0x0000000008004764       0x3c build/stm32f4xx_hal_cortex.o
 .text.__NVIC_SetPriority
                0x00000000080047a0       0x54 build/stm32f4xx_hal_cortex.o
 .text.NVIC_EncodePriority
                0x00000000080047f4       0x66 build/stm32f4xx_hal_cortex.o
 *fill*         0x000000000800485a        0x2 
 .text.SysTick_Config
                0x000000000800485c       0x44 build/stm32f4xx_hal_cortex.o
 .text.HAL_NVIC_SetPriorityGrouping
                0x00000000080048a0       0x16 build/stm32f4xx_hal_cortex.o
                0x00000000080048a0                HAL_NVIC_SetPriorityGrouping
 .text.HAL_NVIC_SetPriority
                0x00000000080048b6       0x38 build/stm32f4xx_hal_cortex.o
                0x00000000080048b6                HAL_NVIC_SetPriority
 .text.HAL_NVIC_EnableIRQ
                0x00000000080048ee       0x1c build/stm32f4xx_hal_cortex.o
                0x00000000080048ee                HAL_NVIC_EnableIRQ
 .text.HAL_SYSTICK_Config
                0x000000000800490a       0x18 build/stm32f4xx_hal_cortex.o
                0x000000000800490a                HAL_SYSTICK_Config
 *fill*         0x0000000008004922        0x2 
 .text.HAL_Init
                0x0000000008004924       0x44 build/stm32f4xx_hal.o
                0x0000000008004924                HAL_Init
 .text.HAL_InitTick
                0x0000000008004968       0x60 build/stm32f4xx_hal.o
                0x0000000008004968                HAL_InitTick
 .text.HAL_IncTick
                0x00000000080049c8       0x28 build/stm32f4xx_hal.o
                0x00000000080049c8                HAL_IncTick
 .text.HAL_GetTick
                0x00000000080049f0       0x18 build/stm32f4xx_hal.o
                0x00000000080049f0                HAL_GetTick
 .text.HAL_Delay
                0x0000000008004a08       0x48 build/stm32f4xx_hal.o
                0x0000000008004a08                HAL_Delay
 .text.SystemInit
                0x0000000008004a50       0x24 build/system_stm32f4xx.o
                0x0000000008004a50                SystemInit
 .text.USBD_Init
                0x0000000008004a74       0x60 build/usbd_core.o
                0x0000000008004a74                USBD_Init
 .text.USBD_RegisterClass
                0x0000000008004ad4       0x4e build/usbd_core.o
                0x0000000008004ad4                USBD_RegisterClass
 .text.USBD_Start
                0x0000000008004b22       0x18 build/usbd_core.o
                0x0000000008004b22                USBD_Start
 .text.USBD_RunTestMode
                0x0000000008004b3a       0x16 build/usbd_core.o
                0x0000000008004b3a                USBD_RunTestMode
 .text.USBD_SetClassConfig
                0x0000000008004b50       0x38 build/usbd_core.o
                0x0000000008004b50                USBD_SetClassConfig
 .text.USBD_ClrClassConfig
                0x0000000008004b88       0x30 build/usbd_core.o
                0x0000000008004b88                USBD_ClrClassConfig
 .text.USBD_LL_SetupStage
                0x0000000008004bb8       0xaa build/usbd_core.o
                0x0000000008004bb8                USBD_LL_SetupStage
 .text.USBD_LL_DataOutStage
                0x0000000008004c62       0xc6 build/usbd_core.o
                0x0000000008004c62                USBD_LL_DataOutStage
 .text.USBD_LL_DataInStage
                0x0000000008004d28      0x12c build/usbd_core.o
                0x0000000008004d28                USBD_LL_DataInStage
 .text.USBD_LL_Reset
                0x0000000008004e54       0x9c build/usbd_core.o
                0x0000000008004e54                USBD_LL_Reset
 .text.USBD_LL_SetSpeed
                0x0000000008004ef0       0x20 build/usbd_core.o
                0x0000000008004ef0                USBD_LL_SetSpeed
 .text.USBD_LL_Suspend
                0x0000000008004f10       0x2c build/usbd_core.o
                0x0000000008004f10                USBD_LL_Suspend
 .text.USBD_LL_Resume
                0x0000000008004f3c       0x30 build/usbd_core.o
                0x0000000008004f3c                USBD_LL_Resume
 .text.USBD_LL_SOF
                0x0000000008004f6c       0x44 build/usbd_core.o
                0x0000000008004f6c                USBD_LL_SOF
 .text.USBD_LL_IsoINIncomplete
                0x0000000008004fb0       0x4c build/usbd_core.o
                0x0000000008004fb0                USBD_LL_IsoINIncomplete
 .text.USBD_LL_IsoOUTIncomplete
                0x0000000008004ffc       0x4c build/usbd_core.o
                0x0000000008004ffc                USBD_LL_IsoOUTIncomplete
 .text.USBD_LL_DevConnected
                0x0000000008005048       0x16 build/usbd_core.o
                0x0000000008005048                USBD_LL_DevConnected
 .text.USBD_LL_DevDisconnected
                0x000000000800505e       0x38 build/usbd_core.o
                0x000000000800505e                USBD_LL_DevDisconnected
 .text.SWAPBYTE
                0x0000000008005096       0x3c build/usbd_ctlreq.o
 *fill*         0x00000000080050d2        0x2 
 .text.USBD_StdDevReq
                0x00000000080050d4       0xdc build/usbd_ctlreq.o
                0x00000000080050d4                USBD_StdDevReq
 .text.USBD_StdItfReq
                0x00000000080051b0       0x92 build/usbd_ctlreq.o
                0x00000000080051b0                USBD_StdItfReq
 .text.USBD_StdEPReq
                0x0000000008005242      0x2c4 build/usbd_ctlreq.o
                0x0000000008005242                USBD_StdEPReq
 *fill*         0x0000000008005506        0x2 
 .text.USBD_GetDescriptor
                0x0000000008005508      0x2d4 build/usbd_ctlreq.o
 .text.USBD_SetAddress
                0x00000000080057dc       0x88 build/usbd_ctlreq.o
 .text.USBD_SetConfig
                0x0000000008005864      0x14c build/usbd_ctlreq.o
 .text.USBD_GetConfig
                0x00000000080059b0       0x6c build/usbd_ctlreq.o
 .text.USBD_GetStatus
                0x0000000008005a1c       0x68 build/usbd_ctlreq.o
 .text.USBD_SetFeature
                0x0000000008005a84       0x28 build/usbd_ctlreq.o
 .text.USBD_ClrFeature
                0x0000000008005aac       0x44 build/usbd_ctlreq.o
 .text.USBD_ParseSetupRequest
                0x0000000008005af0       0x74 build/usbd_ctlreq.o
                0x0000000008005af0                USBD_ParseSetupRequest
 .text.USBD_CtlError
                0x0000000008005b64       0x22 build/usbd_ctlreq.o
                0x0000000008005b64                USBD_CtlError
 .text.USBD_GetString
                0x0000000008005b86       0x8c build/usbd_ctlreq.o
                0x0000000008005b86                USBD_GetString
 .text.USBD_GetLen
                0x0000000008005c12       0x34 build/usbd_ctlreq.o
 .text.USBD_CtlSendData
                0x0000000008005c46       0x36 build/usbd_ioreq.o
                0x0000000008005c46                USBD_CtlSendData
 .text.USBD_CtlContinueSendData
                0x0000000008005c7c       0x22 build/usbd_ioreq.o
                0x0000000008005c7c                USBD_CtlContinueSendData
 .text.USBD_CtlPrepareRx
                0x0000000008005c9e       0x3a build/usbd_ioreq.o
                0x0000000008005c9e                USBD_CtlPrepareRx
 .text.USBD_CtlContinueRx
                0x0000000008005cd8       0x22 build/usbd_ioreq.o
                0x0000000008005cd8                USBD_CtlContinueRx
 .text.USBD_CtlSendStatus
                0x0000000008005cfa       0x26 build/usbd_ioreq.o
                0x0000000008005cfa                USBD_CtlSendStatus
 .text.USBD_CtlReceiveStatus
                0x0000000008005d20       0x26 build/usbd_ioreq.o
                0x0000000008005d20                USBD_CtlReceiveStatus
 .text.USBD_CDC_Init
                0x0000000008005d46       0xfe build/usbd_cdc.o
 .text.USBD_CDC_DeInit
                0x0000000008005e44       0x74 build/usbd_cdc.o
 .text.USBD_CDC_Setup
                0x0000000008005eb8      0x18c build/usbd_cdc.o
 .text.USBD_CDC_DataIn
                0x0000000008006044       0xca build/usbd_cdc.o
 .text.USBD_CDC_DataOut
                0x000000000800610e       0x56 build/usbd_cdc.o
 .text.USBD_CDC_EP0_RxReady
                0x0000000008006164       0x5a build/usbd_cdc.o
 *fill*         0x00000000080061be        0x2 
 .text.USBD_CDC_GetFSCfgDesc
                0x00000000080061c0       0x20 build/usbd_cdc.o
 .text.USBD_CDC_GetHSCfgDesc
                0x00000000080061e0       0x20 build/usbd_cdc.o
 .text.USBD_CDC_GetOtherSpeedCfgDesc
                0x0000000008006200       0x20 build/usbd_cdc.o
 .text.USBD_CDC_GetDeviceQualifierDescriptor
                0x0000000008006220       0x20 build/usbd_cdc.o
                0x0000000008006220                USBD_CDC_GetDeviceQualifierDescriptor
 .text.USBD_CDC_RegisterInterface
                0x0000000008006240       0x2a build/usbd_cdc.o
                0x0000000008006240                USBD_CDC_RegisterInterface
 .text.USBD_CDC_SetTxBuffer
                0x000000000800626a       0x3c build/usbd_cdc.o
                0x000000000800626a                USBD_CDC_SetTxBuffer
 .text.USBD_CDC_SetRxBuffer
                0x00000000080062a6       0x32 build/usbd_cdc.o
                0x00000000080062a6                USBD_CDC_SetRxBuffer
 .text.USBD_CDC_ReceivePacket
                0x00000000080062d8       0x54 build/usbd_cdc.o
                0x00000000080062d8                USBD_CDC_ReceivePacket
 .text.Reset_Handler
                0x000000000800632c       0x50 build/startup_stm32f407xx.o
                0x000000000800632c                Reset_Handler
 .text.Default_Handler
                0x000000000800637c        0x2 build/startup_stm32f407xx.o
                0x000000000800637c                DMA1_Stream3_IRQHandler
                0x000000000800637c                HASH_RNG_IRQHandler
                0x000000000800637c                EXTI2_IRQHandler
                0x000000000800637c                TIM8_CC_IRQHandler
                0x000000000800637c                TIM1_CC_IRQHandler
                0x000000000800637c                DMA2_Stream5_IRQHandler
                0x000000000800637c                DMA1_Stream5_IRQHandler
                0x000000000800637c                PVD_IRQHandler
                0x000000000800637c                SDIO_IRQHandler
                0x000000000800637c                TAMP_STAMP_IRQHandler
                0x000000000800637c                CAN2_RX1_IRQHandler
                0x000000000800637c                EXTI3_IRQHandler
                0x000000000800637c                TIM8_TRG_COM_TIM14_IRQHandler
                0x000000000800637c                TIM1_UP_TIM10_IRQHandler
                0x000000000800637c                TIM8_UP_TIM13_IRQHandler
                0x000000000800637c                I2C3_ER_IRQHandler
                0x000000000800637c                EXTI0_IRQHandler
                0x000000000800637c                I2C2_EV_IRQHandler
                0x000000000800637c                DMA1_Stream2_IRQHandler
                0x000000000800637c                CAN1_RX0_IRQHandler
                0x000000000800637c                FPU_IRQHandler
                0x000000000800637c                OTG_HS_WKUP_IRQHandler
                0x000000000800637c                CAN2_SCE_IRQHandler
                0x000000000800637c                DMA2_Stream2_IRQHandler
                0x000000000800637c                SPI1_IRQHandler
                0x000000000800637c                TIM6_DAC_IRQHandler
                0x000000000800637c                TIM1_BRK_TIM9_IRQHandler
                0x000000000800637c                DCMI_IRQHandler
                0x000000000800637c                CAN2_RX0_IRQHandler
                0x000000000800637c                DMA2_Stream3_IRQHandler
                0x000000000800637c                USART6_IRQHandler
                0x000000000800637c                USART3_IRQHandler
                0x000000000800637c                CAN1_RX1_IRQHandler
                0x000000000800637c                UART5_IRQHandler
                0x000000000800637c                DMA2_Stream0_IRQHandler
                0x000000000800637c                TIM4_IRQHandler
                0x000000000800637c                I2C1_EV_IRQHandler
                0x000000000800637c                DMA1_Stream6_IRQHandler
                0x000000000800637c                DMA1_Stream1_IRQHandler
                0x000000000800637c                UART4_IRQHandler
                0x000000000800637c                TIM3_IRQHandler
                0x000000000800637c                RCC_IRQHandler
                0x000000000800637c                TIM8_BRK_TIM12_IRQHandler
                0x000000000800637c                Default_Handler
                0x000000000800637c                EXTI15_10_IRQHandler
                0x000000000800637c                ADC_IRQHandler
                0x000000000800637c                DMA1_Stream7_IRQHandler
                0x000000000800637c                TIM7_IRQHandler
                0x000000000800637c                CAN2_TX_IRQHandler
                0x000000000800637c                TIM5_IRQHandler
                0x000000000800637c                DMA2_Stream7_IRQHandler
                0x000000000800637c                I2C3_EV_IRQHandler
                0x000000000800637c                EXTI9_5_IRQHandler
                0x000000000800637c                RTC_WKUP_IRQHandler
                0x000000000800637c                ETH_WKUP_IRQHandler
                0x000000000800637c                SPI2_IRQHandler
                0x000000000800637c                OTG_HS_EP1_IN_IRQHandler
                0x000000000800637c                DMA1_Stream0_IRQHandler
                0x000000000800637c                CAN1_TX_IRQHandler
                0x000000000800637c                EXTI4_IRQHandler
                0x000000000800637c                FSMC_IRQHandler
                0x000000000800637c                ETH_IRQHandler
                0x000000000800637c                OTG_HS_EP1_OUT_IRQHandler
                0x000000000800637c                WWDG_IRQHandler
                0x000000000800637c                TIM2_IRQHandler
                0x000000000800637c                OTG_FS_WKUP_IRQHandler
                0x000000000800637c                TIM1_TRG_COM_TIM11_IRQHandler
                0x000000000800637c                OTG_HS_IRQHandler
                0x000000000800637c                EXTI1_IRQHandler
                0x000000000800637c                USART2_IRQHandler
                0x000000000800637c                I2C2_ER_IRQHandler
                0x000000000800637c                DMA2_Stream1_IRQHandler
                0x000000000800637c                CAN1_SCE_IRQHandler
                0x000000000800637c                FLASH_IRQHandler
                0x000000000800637c                DMA2_Stream4_IRQHandler
                0x000000000800637c                USART1_IRQHandler
                0x000000000800637c                SPI3_IRQHandler
                0x000000000800637c                DMA1_Stream4_IRQHandler
                0x000000000800637c                I2C1_ER_IRQHandler
                0x000000000800637c                DMA2_Stream6_IRQHandler
                0x000000000800637c                RTC_Alarm_IRQHandler
 *fill*         0x000000000800637e        0x2 
 .text.__libc_init_array
                0x0000000008006380       0x48 /usr/local/Cellar/arm-none-eabi-gcc/9-2019-q4-major/gcc/bin/../lib/gcc/arm-none-eabi/9.2.1/../../../../arm-none-eabi/lib/thumb/v7e-m+fp/hard/libc_nano.a(lib_a-init.o)
                0x0000000008006380                __libc_init_array
 .text.malloc   0x00000000080063c8       0x10 /usr/local/Cellar/arm-none-eabi-gcc/9-2019-q4-major/gcc/bin/../lib/gcc/arm-none-eabi/9.2.1/../../../../arm-none-eabi/lib/thumb/v7e-m+fp/hard/libc_nano.a(lib_a-malloc.o)
                0x00000000080063c8                malloc
 .text.memset   0x00000000080063d8       0x10 /usr/local/Cellar/arm-none-eabi-gcc/9-2019-q4-major/gcc/bin/../lib/gcc/arm-none-eabi/9.2.1/../../../../arm-none-eabi/lib/thumb/v7e-m+fp/hard/libc_nano.a(lib_a-memset.o)
                0x00000000080063d8                memset
 .text._free_r  0x00000000080063e8       0xa0 /usr/local/Cellar/arm-none-eabi-gcc/9-2019-q4-major/gcc/bin/../lib/gcc/arm-none-eabi/9.2.1/../../../../arm-none-eabi/lib/thumb/v7e-m+fp/hard/libc_nano.a(lib_a-nano-freer.o)
                0x00000000080063e8                _free_r
 .text._malloc_r
                0x0000000008006488       0xb4 /usr/local/Cellar/arm-none-eabi-gcc/9-2019-q4-major/gcc/bin/../lib/gcc/arm-none-eabi/9.2.1/../../../../arm-none-eabi/lib/thumb/v7e-m+fp/hard/libc_nano.a(lib_a-nano-mallocr.o)
                0x0000000008006488                _malloc_r
 .text._sbrk_r  0x000000000800653c       0x20 /usr/local/Cellar/arm-none-eabi-gcc/9-2019-q4-major/gcc/bin/../lib/gcc/arm-none-eabi/9.2.1/../../../../arm-none-eabi/lib/thumb/v7e-m+fp/hard/libc_nano.a(lib_a-sbrkr.o)
                0x000000000800653c                _sbrk_r
 .text.sprintf  0x000000000800655c       0x40 /usr/local/Cellar/arm-none-eabi-gcc/9-2019-q4-major/gcc/bin/../lib/gcc/arm-none-eabi/9.2.1/../../../../arm-none-eabi/lib/thumb/v7e-m+fp/hard/libc_nano.a(lib_a-sprintf.o)
                0x000000000800655c                sprintf
                0x000000000800655c                siprintf
 .text.__malloc_lock
                0x000000000800659c        0xc /usr/local/Cellar/arm-none-eabi-gcc/9-2019-q4-major/gcc/bin/../lib/gcc/arm-none-eabi/9.2.1/../../../../arm-none-eabi/lib/thumb/v7e-m+fp/hard/libc_nano.a(lib_a-mlock.o)
                0x000000000800659c                __malloc_lock
 .text.__malloc_unlock
                0x00000000080065a8        0xc /usr/local/Cellar/arm-none-eabi-gcc/9-2019-q4-major/gcc/bin/../lib/gcc/arm-none-eabi/9.2.1/../../../../arm-none-eabi/lib/thumb/v7e-m+fp/hard/libc_nano.a(lib_a-mlock.o)
                0x00000000080065a8                __malloc_unlock
 .text.__ssputs_r
                0x00000000080065b4       0xb6 /usr/local/Cellar/arm-none-eabi-gcc/9-2019-q4-major/gcc/bin/../lib/gcc/arm-none-eabi/9.2.1/../../../../arm-none-eabi/lib/thumb/v7e-m+fp/hard/libc_nano.a(lib_a-nano-svfprintf.o)
                0x00000000080065b4                __ssputs_r
 *fill*         0x000000000800666a        0x2 
 .text._svfprintf_r
                0x000000000800666c      0x200 /usr/local/Cellar/arm-none-eabi-gcc/9-2019-q4-major/gcc/bin/../lib/gcc/arm-none-eabi/9.2.1/../../../../arm-none-eabi/lib/thumb/v7e-m+fp/hard/libc_nano.a(lib_a-nano-svfprintf.o)
                0x000000000800666c                _svfprintf_r
                0x000000000800666c                _svfiprintf_r
 .text._printf_common
                0x000000000800686c       0xda /usr/local/Cellar/arm-none-eabi-gcc/9-2019-q4-major/gcc/bin/../lib/gcc/arm-none-eabi/9.2.1/../../../../arm-none-eabi/lib/thumb/v7e-m+fp/hard/libc_nano.a(lib_a-nano-vfprintf_i.o)
                0x000000000800686c                _printf_common
 *fill*         0x0000000008006946        0x2 
 .text._printf_i
                0x0000000008006948      0x24c /usr/local/Cellar/arm-none-eabi-gcc/9-2019-q4-major/gcc/bin/../lib/gcc/arm-none-eabi/9.2.1/../../../../arm-none-eabi/lib/thumb/v7e-m+fp/hard/libc_nano.a(lib_a-nano-vfprintf_i.o)
                0x0000000008006948                _printf_i
 .text.__retarget_lock_acquire_recursive
                0x0000000008006b94        0x2 /usr/local/Cellar/arm-none-eabi-gcc/9-2019-q4-major/gcc/bin/../lib/gcc/arm-none-eabi/9.2.1/../../../../arm-none-eabi/lib/thumb/v7e-m+fp/hard/libc_nano.a(lib_a-lock.o)
                0x0000000008006b94                __retarget_lock_acquire_recursive
 .text.__retarget_lock_release_recursive
                0x0000000008006b96        0x2 /usr/local/Cellar/arm-none-eabi-gcc/9-2019-q4-major/gcc/bin/../lib/gcc/arm-none-eabi/9.2.1/../../../../arm-none-eabi/lib/thumb/v7e-m+fp/hard/libc_nano.a(lib_a-lock.o)
                0x0000000008006b96                __retarget_lock_release_recursive
 .text.memcpy   0x0000000008006b98       0x1c /usr/local/Cellar/arm-none-eabi-gcc/9-2019-q4-major/gcc/bin/../lib/gcc/arm-none-eabi/9.2.1/../../../../arm-none-eabi/lib/thumb/v7e-m+fp/hard/libc_nano.a(lib_a-memcpy-stub.o)
                0x0000000008006b98                memcpy
 .text.memmove  0x0000000008006bb4       0x34 /usr/local/Cellar/arm-none-eabi-gcc/9-2019-q4-major/gcc/bin/../lib/gcc/arm-none-eabi/9.2.1/../../../../arm-none-eabi/lib/thumb/v7e-m+fp/hard/libc_nano.a(lib_a-memmove.o)
                0x0000000008006bb4                memmove
 .text._realloc_r
                0x0000000008006be8       0x4c /usr/local/Cellar/arm-none-eabi-gcc/9-2019-q4-major/gcc/bin/../lib/gcc/arm-none-eabi/9.2.1/../../../../arm-none-eabi/lib/thumb/v7e-m+fp/hard/libc_nano.a(lib_a-nano-reallocr.o)
                0x0000000008006be8                _realloc_r
 .text._malloc_usable_size_r
                0x0000000008006c34       0x10 /usr/local/Cellar/arm-none-eabi-gcc/9-2019-q4-major/gcc/bin/../lib/gcc/arm-none-eabi/9.2.1/../../../../arm-none-eabi/lib/thumb/v7e-m+fp/hard/libc_nano.a(lib_a-nano-msizer.o)
                0x0000000008006c34                _malloc_usable_size_r
 .text._sbrk    0x0000000008006c44       0x1c /usr/local/Cellar/arm-none-eabi-gcc/9-2019-q4-major/gcc/bin/../lib/gcc/arm-none-eabi/9.2.1/../../../../arm-none-eabi/lib/thumb/v7e-m+fp/hard/libnosys.a(sbrk.o)
                0x0000000008006c44                _sbrk
 *(.glue_7)
 .glue_7        0x0000000008006c60        0x0 linker stubs
 *(.glue_7t)
 .glue_7t       0x0000000008006c60        0x0 linker stubs
 *(.eh_frame)
 .eh_frame      0x0000000008006c60        0x0 /usr/local/Cellar/arm-none-eabi-gcc/9-2019-q4-major/gcc/bin/../lib/gcc/arm-none-eabi/9.2.1/thumb/v7e-m+fp/hard/crtbegin.o
 *(.init)
 .init          0x0000000008006c60        0x4 /usr/local/Cellar/arm-none-eabi-gcc/9-2019-q4-major/gcc/bin/../lib/gcc/arm-none-eabi/9.2.1/thumb/v7e-m+fp/hard/crti.o
                0x0000000008006c60                _init
 .init          0x0000000008006c64        0x8 /usr/local/Cellar/arm-none-eabi-gcc/9-2019-q4-major/gcc/bin/../lib/gcc/arm-none-eabi/9.2.1/thumb/v7e-m+fp/hard/crtn.o
 *(.fini)
 .fini          0x0000000008006c6c        0x4 /usr/local/Cellar/arm-none-eabi-gcc/9-2019-q4-major/gcc/bin/../lib/gcc/arm-none-eabi/9.2.1/thumb/v7e-m+fp/hard/crti.o
                0x0000000008006c6c                _fini
 .fini          0x0000000008006c70        0x8 /usr/local/Cellar/arm-none-eabi-gcc/9-2019-q4-major/gcc/bin/../lib/gcc/arm-none-eabi/9.2.1/thumb/v7e-m+fp/hard/crtn.o
                0x0000000008006c78                . = ALIGN (0x4)
                0x0000000008006c78                _etext = .

.vfp11_veneer   0x0000000008006c78        0x0
 .vfp11_veneer  0x0000000008006c78        0x0 linker stubs

.v4_bx          0x0000000008006c78        0x0
 .v4_bx         0x0000000008006c78        0x0 linker stubs

.iplt           0x0000000008006c78        0x0
 .iplt          0x0000000008006c78        0x0 /usr/local/Cellar/arm-none-eabi-gcc/9-2019-q4-major/gcc/bin/../lib/gcc/arm-none-eabi/9.2.1/thumb/v7e-m+fp/hard/crtbegin.o

.rodata         0x0000000008006c78       0x98
                0x0000000008006c78                . = ALIGN (0x4)
 *(.rodata)
 .rodata        0x0000000008006c78        0xb build/main.o
 *fill*         0x0000000008006c83        0x1 
 .rodata        0x0000000008006c84       0x46 build/usbd_desc.o
 *(.rodata*)
 *fill*         0x0000000008006cca        0x2 
 .rodata.AHBPrescTable
                0x0000000008006ccc       0x10 build/system_stm32f4xx.o
                0x0000000008006ccc                AHBPrescTable
 .rodata._svfprintf_r.str1.1
                0x0000000008006cdc       0x11 /usr/local/Cellar/arm-none-eabi-gcc/9-2019-q4-major/gcc/bin/../lib/gcc/arm-none-eabi/9.2.1/../../../../arm-none-eabi/lib/thumb/v7e-m+fp/hard/libc_nano.a(lib_a-nano-svfprintf.o)
 .rodata._printf_i.str1.1
                0x0000000008006ced       0x22 /usr/local/Cellar/arm-none-eabi-gcc/9-2019-q4-major/gcc/bin/../lib/gcc/arm-none-eabi/9.2.1/../../../../arm-none-eabi/lib/thumb/v7e-m+fp/hard/libc_nano.a(lib_a-nano-vfprintf_i.o)
                0x0000000008006d10                . = ALIGN (0x4)
 *fill*         0x0000000008006d0f        0x1 

.ARM.extab
 *(.ARM.extab* .gnu.linkonce.armextab.*)

.ARM            0x0000000008006d10        0x8
                0x0000000008006d10                __exidx_start = .
 *(.ARM.exidx*)
 .ARM.exidx     0x0000000008006d10        0x8 /usr/local/Cellar/arm-none-eabi-gcc/9-2019-q4-major/gcc/bin/../lib/gcc/arm-none-eabi/9.2.1/thumb/v7e-m+fp/hard/libgcc.a(_udivmoddi4.o)
                0x0000000008006d18                __exidx_end = .

.rel.dyn        0x0000000008006d18        0x0
 .rel.iplt      0x0000000008006d18        0x0 /usr/local/Cellar/arm-none-eabi-gcc/9-2019-q4-major/gcc/bin/../lib/gcc/arm-none-eabi/9.2.1/thumb/v7e-m+fp/hard/crtbegin.o

.preinit_array  0x0000000008006d18        0x0
                0x0000000008006d18                PROVIDE (__preinit_array_start = .)
 *(.preinit_array*)
                0x0000000008006d18                PROVIDE (__preinit_array_end = .)

.init_array     0x0000000008006d18        0x4
                0x0000000008006d18                PROVIDE (__init_array_start = .)
 *(SORT_BY_NAME(.init_array.*))
 *(.init_array*)
 .init_array    0x0000000008006d18        0x4 /usr/local/Cellar/arm-none-eabi-gcc/9-2019-q4-major/gcc/bin/../lib/gcc/arm-none-eabi/9.2.1/thumb/v7e-m+fp/hard/crtbegin.o
                0x0000000008006d1c                PROVIDE (__init_array_end = .)

.fini_array     0x0000000008006d1c        0x4
                [!provide]                        PROVIDE (__fini_array_start = .)
 *(SORT_BY_NAME(.fini_array.*))
 *(.fini_array*)
 .fini_array    0x0000000008006d1c        0x4 /usr/local/Cellar/arm-none-eabi-gcc/9-2019-q4-major/gcc/bin/../lib/gcc/arm-none-eabi/9.2.1/thumb/v7e-m+fp/hard/crtbegin.o
                [!provide]                        PROVIDE (__fini_array_end = .)
                0x0000000008006d20                _sidata = LOADADDR (.data)

.data           0x0000000020000000      0x1e4 load address 0x0000000008006d20
                0x0000000020000000                . = ALIGN (0x4)
                0x0000000020000000                _sdata = .
 *(.data)
 *(.data*)
 .data.FS_Desc  0x0000000020000000       0x1c build/usbd_desc.o
                0x0000000020000000                FS_Desc
 .data.USBD_FS_DeviceDesc
                0x000000002000001c       0x12 build/usbd_desc.o
                0x000000002000001c                USBD_FS_DeviceDesc
 *fill*         0x000000002000002e        0x2 
 .data.USBD_LangIDDesc
                0x0000000020000030        0x4 build/usbd_desc.o
                0x0000000020000030                USBD_LangIDDesc
 .data.USBD_StringSerial
                0x0000000020000034       0x1a build/usbd_desc.o
                0x0000000020000034                USBD_StringSerial
 *fill*         0x000000002000004e        0x2 
 .data.USBD_Interface_fops_FS
                0x0000000020000050       0x14 build/usbd_cdc_if.o
                0x0000000020000050                USBD_Interface_fops_FS
 .data.uwTickPrio
                0x0000000020000064        0x4 build/stm32f4xx_hal.o
                0x0000000020000064                uwTickPrio
 .data.uwTickFreq
                0x0000000020000068        0x1 build/stm32f4xx_hal.o
                0x0000000020000068                uwTickFreq
 *fill*         0x0000000020000069        0x3 
 .data.SystemCoreClock
                0x000000002000006c        0x4 build/system_stm32f4xx.o
                0x000000002000006c                SystemCoreClock
 .data.USBD_CDC_DeviceQualifierDesc
                0x0000000020000070        0xa build/usbd_cdc.o
 *fill*         0x000000002000007a        0x2 
 .data.USBD_CDC
                0x000000002000007c       0x38 build/usbd_cdc.o
                0x000000002000007c                USBD_CDC
 .data.USBD_CDC_CfgHSDesc
                0x00000000200000b4       0x43 build/usbd_cdc.o
 *fill*         0x00000000200000f7        0x1 
 .data.USBD_CDC_CfgFSDesc
                0x00000000200000f8       0x43 build/usbd_cdc.o
 *fill*         0x000000002000013b        0x1 
 .data.USBD_CDC_OtherSpeedCfgDesc
                0x000000002000013c       0x43 build/usbd_cdc.o
 *fill*         0x000000002000017f        0x1 
 .data._impure_ptr
                0x0000000020000180        0x4 /usr/local/Cellar/arm-none-eabi-gcc/9-2019-q4-major/gcc/bin/../lib/gcc/arm-none-eabi/9.2.1/../../../../arm-none-eabi/lib/thumb/v7e-m+fp/hard/libc_nano.a(lib_a-impure.o)
                0x0000000020000180                _impure_ptr
 .data.impure_data
                0x0000000020000184       0x60 /usr/local/Cellar/arm-none-eabi-gcc/9-2019-q4-major/gcc/bin/../lib/gcc/arm-none-eabi/9.2.1/../../../../arm-none-eabi/lib/thumb/v7e-m+fp/hard/libc_nano.a(lib_a-impure.o)
                0x00000000200001e4                . = ALIGN (0x4)
                0x00000000200001e4                _edata = .
                0x0000000008006f04                _siccmram = LOADADDR (.ccmram)

.igot.plt       0x00000000200001e4        0x0 load address 0x0000000008006f04
 .igot.plt      0x00000000200001e4        0x0 /usr/local/Cellar/arm-none-eabi-gcc/9-2019-q4-major/gcc/bin/../lib/gcc/arm-none-eabi/9.2.1/thumb/v7e-m+fp/hard/crtbegin.o

.ccmram         0x0000000010000000        0x0 load address 0x0000000008006f04
                0x0000000010000000                . = ALIGN (0x4)
                0x0000000010000000                _sccmram = .
 *(.ccmram)
 *(.ccmram*)
                0x0000000010000000                . = ALIGN (0x4)
                0x0000000010000000                _eccmram = .
                0x0000000010000000                . = ALIGN (0x4)

.bss            0x00000000200001e4     0x1b38
                0x00000000200001e4                _sbss = .
                0x00000000200001e4                __bss_start__ = _sbss
 *(.bss)
 .bss           0x00000000200001e4       0x1c /usr/local/Cellar/arm-none-eabi-gcc/9-2019-q4-major/gcc/bin/../lib/gcc/arm-none-eabi/9.2.1/thumb/v7e-m+fp/hard/crtbegin.o
 *(.bss*)
 .bss.mem.9970  0x0000000020000200      0x220 build/usbd_conf.o
 .bss.cfgidx.9901
                0x0000000020000420        0x1 build/usbd_ctlreq.o
 *fill*         0x0000000020000421        0x3 
 .bss.__malloc_free_list
                0x0000000020000424        0x4 /usr/local/Cellar/arm-none-eabi-gcc/9-2019-q4-major/gcc/bin/../lib/gcc/arm-none-eabi/9.2.1/../../../../arm-none-eabi/lib/thumb/v7e-m+fp/hard/libc_nano.a(lib_a-nano-mallocr.o)
                0x0000000020000424                __malloc_free_list
 .bss.__malloc_sbrk_start
                0x0000000020000428        0x4 /usr/local/Cellar/arm-none-eabi-gcc/9-2019-q4-major/gcc/bin/../lib/gcc/arm-none-eabi/9.2.1/../../../../arm-none-eabi/lib/thumb/v7e-m+fp/hard/libc_nano.a(lib_a-nano-mallocr.o)
                0x0000000020000428                __malloc_sbrk_start
 .bss.heap_end.5507
                0x000000002000042c        0x4 /usr/local/Cellar/arm-none-eabi-gcc/9-2019-q4-major/gcc/bin/../lib/gcc/arm-none-eabi/9.2.1/../../../../arm-none-eabi/lib/thumb/v7e-m+fp/hard/libnosys.a(sbrk.o)
 *(COMMON)
 COMMON         0x0000000020000430      0x2d0 build/usb_device.o
                0x0000000020000430                hUsbDeviceFS
 COMMON         0x0000000020000700      0x200 build/usbd_desc.o
                0x0000000020000700                USBD_StrDesc
 COMMON         0x0000000020000900     0x1000 build/usbd_cdc_if.o
                0x0000000020000900                UserRxBufferFS
                0x0000000020001100                UserTxBufferFS
 COMMON         0x0000000020001900      0x408 build/usbd_conf.o
                0x0000000020001900                hpcd_USB_OTG_FS
 COMMON         0x0000000020001d08        0x4 build/stm32f4xx_hal.o
                0x0000000020001d08                uwTick
 COMMON         0x0000000020001d0c        0x4 /usr/local/Cellar/arm-none-eabi-gcc/9-2019-q4-major/gcc/bin/../lib/gcc/arm-none-eabi/9.2.1/../../../../arm-none-eabi/lib/thumb/v7e-m+fp/hard/libc_nano.a(lib_a-reent.o)
                0x0000000020001d0c                errno
 COMMON         0x0000000020001d10        0x9 /usr/local/Cellar/arm-none-eabi-gcc/9-2019-q4-major/gcc/bin/../lib/gcc/arm-none-eabi/9.2.1/../../../../arm-none-eabi/lib/thumb/v7e-m+fp/hard/libc_nano.a(lib_a-lock.o)
                0x0000000020001d10                __lock___atexit_recursive_mutex
                0x0000000020001d11                __lock___arc4random_mutex
                0x0000000020001d12                __lock___env_recursive_mutex
                0x0000000020001d13                __lock___sinit_recursive_mutex
                0x0000000020001d14                __lock___malloc_recursive_mutex
                0x0000000020001d15                __lock___at_quick_exit_mutex
                0x0000000020001d16                __lock___dd_hash_mutex
                0x0000000020001d17                __lock___tz_mutex
                0x0000000020001d18                __lock___sfp_recursive_mutex
                0x0000000020001d1c                . = ALIGN (0x4)
 *fill*         0x0000000020001d19        0x3 
                0x0000000020001d1c                _ebss = .
                0x0000000020001d1c                __bss_end__ = _ebss

._user_heap_stack
                0x0000000020001d1c      0x604
                0x0000000020001d20                . = ALIGN (0x8)
 *fill*         0x0000000020001d1c        0x4 
                0x0000000020001d20                PROVIDE (end = .)
                [!provide]                        PROVIDE (_end = .)
                0x0000000020001f20                . = (. + _Min_Heap_Size)
 *fill*         0x0000000020001d20      0x200 
                0x0000000020002320                . = (. + _Min_Stack_Size)
 *fill*         0x0000000020001f20      0x400 
                0x0000000020002320                . = ALIGN (0x8)

/DISCARD/
 libc.a(*)
 libm.a(*)
 libgcc.a(*)

.ARM.attributes
                0x0000000000000000       0x30
 *(.ARM.attributes)
 .ARM.attributes
                0x0000000000000000       0x1e /usr/local/Cellar/arm-none-eabi-gcc/9-2019-q4-major/gcc/bin/../lib/gcc/arm-none-eabi/9.2.1/thumb/v7e-m+fp/hard/crti.o
 .ARM.attributes
                0x000000000000001e       0x34 /usr/local/Cellar/arm-none-eabi-gcc/9-2019-q4-major/gcc/bin/../lib/gcc/arm-none-eabi/9.2.1/thumb/v7e-m+fp/hard/crtbegin.o
 .ARM.attributes
                0x0000000000000052       0x34 build/main.o
 .ARM.attributes
                0x0000000000000086       0x34 build/stm32f4xx_it.o
 .ARM.attributes
                0x00000000000000ba       0x34 build/stm32f4xx_hal_msp.o
 .ARM.attributes
                0x00000000000000ee       0x34 build/usb_device.o
 .ARM.attributes
                0x0000000000000122       0x34 build/usbd_desc.o
 .ARM.attributes
                0x0000000000000156       0x34 build/usbd_cdc_if.o
 .ARM.attributes
                0x000000000000018a       0x34 build/usbd_conf.o
 .ARM.attributes
                0x00000000000001be       0x34 build/stm32f4xx_hal_pcd.o
 .ARM.attributes
                0x00000000000001f2       0x34 build/stm32f4xx_hal_pcd_ex.o
 .ARM.attributes
                0x0000000000000226       0x34 build/stm32f4xx_ll_usb.o
 .ARM.attributes
                0x000000000000025a       0x34 build/stm32f4xx_hal_rcc.o
 .ARM.attributes
                0x000000000000028e       0x34 build/stm32f4xx_hal_gpio.o
 .ARM.attributes
                0x00000000000002c2       0x34 build/stm32f4xx_hal_cortex.o
 .ARM.attributes
                0x00000000000002f6       0x34 build/stm32f4xx_hal.o
 .ARM.attributes
                0x000000000000032a       0x34 build/system_stm32f4xx.o
 .ARM.attributes
                0x000000000000035e       0x34 build/usbd_core.o
 .ARM.attributes
                0x0000000000000392       0x34 build/usbd_ctlreq.o
 .ARM.attributes
                0x00000000000003c6       0x34 build/usbd_ioreq.o
 .ARM.attributes
                0x00000000000003fa       0x34 build/usbd_cdc.o
 .ARM.attributes
                0x000000000000042e       0x21 build/startup_stm32f407xx.o
 .ARM.attributes
                0x000000000000044f       0x32 /usr/local/Cellar/arm-none-eabi-gcc/9-2019-q4-major/gcc/bin/../lib/gcc/arm-none-eabi/9.2.1/../../../../arm-none-eabi/lib/thumb/v7e-m+fp/hard/libc_nano.a(lib_a-impure.o)
 .ARM.attributes
                0x0000000000000481       0x34 /usr/local/Cellar/arm-none-eabi-gcc/9-2019-q4-major/gcc/bin/../lib/gcc/arm-none-eabi/9.2.1/../../../../arm-none-eabi/lib/thumb/v7e-m+fp/hard/libc_nano.a(lib_a-init.o)
 .ARM.attributes
                0x00000000000004b5       0x34 /usr/local/Cellar/arm-none-eabi-gcc/9-2019-q4-major/gcc/bin/../lib/gcc/arm-none-eabi/9.2.1/../../../../arm-none-eabi/lib/thumb/v7e-m+fp/hard/libc_nano.a(lib_a-malloc.o)
 .ARM.attributes
                0x00000000000004e9       0x34 /usr/local/Cellar/arm-none-eabi-gcc/9-2019-q4-major/gcc/bin/../lib/gcc/arm-none-eabi/9.2.1/../../../../arm-none-eabi/lib/thumb/v7e-m+fp/hard/libc_nano.a(lib_a-memset.o)
 .ARM.attributes
                0x000000000000051d       0x34 /usr/local/Cellar/arm-none-eabi-gcc/9-2019-q4-major/gcc/bin/../lib/gcc/arm-none-eabi/9.2.1/../../../../arm-none-eabi/lib/thumb/v7e-m+fp/hard/libc_nano.a(lib_a-nano-freer.o)
 .ARM.attributes
                0x0000000000000551       0x34 /usr/local/Cellar/arm-none-eabi-gcc/9-2019-q4-major/gcc/bin/../lib/gcc/arm-none-eabi/9.2.1/../../../../arm-none-eabi/lib/thumb/v7e-m+fp/hard/libc_nano.a(lib_a-nano-mallocr.o)
 .ARM.attributes
                0x0000000000000585       0x34 /usr/local/Cellar/arm-none-eabi-gcc/9-2019-q4-major/gcc/bin/../lib/gcc/arm-none-eabi/9.2.1/../../../../arm-none-eabi/lib/thumb/v7e-m+fp/hard/libc_nano.a(lib_a-sbrkr.o)
 .ARM.attributes
                0x00000000000005b9       0x34 /usr/local/Cellar/arm-none-eabi-gcc/9-2019-q4-major/gcc/bin/../lib/gcc/arm-none-eabi/9.2.1/../../../../arm-none-eabi/lib/thumb/v7e-m+fp/hard/libc_nano.a(lib_a-sprintf.o)
 .ARM.attributes
                0x00000000000005ed       0x34 /usr/local/Cellar/arm-none-eabi-gcc/9-2019-q4-major/gcc/bin/../lib/gcc/arm-none-eabi/9.2.1/../../../../arm-none-eabi/lib/thumb/v7e-m+fp/hard/libc_nano.a(lib_a-mlock.o)
 .ARM.attributes
                0x0000000000000621       0x34 /usr/local/Cellar/arm-none-eabi-gcc/9-2019-q4-major/gcc/bin/../lib/gcc/arm-none-eabi/9.2.1/../../../../arm-none-eabi/lib/thumb/v7e-m+fp/hard/libc_nano.a(lib_a-nano-svfprintf.o)
 .ARM.attributes
                0x0000000000000655       0x34 /usr/local/Cellar/arm-none-eabi-gcc/9-2019-q4-major/gcc/bin/../lib/gcc/arm-none-eabi/9.2.1/../../../../arm-none-eabi/lib/thumb/v7e-m+fp/hard/libc_nano.a(lib_a-nano-vfprintf_i.o)
 .ARM.attributes
                0x0000000000000689       0x34 /usr/local/Cellar/arm-none-eabi-gcc/9-2019-q4-major/gcc/bin/../lib/gcc/arm-none-eabi/9.2.1/../../../../arm-none-eabi/lib/thumb/v7e-m+fp/hard/libc_nano.a(lib_a-reent.o)
 .ARM.attributes
                0x00000000000006bd       0x34 /usr/local/Cellar/arm-none-eabi-gcc/9-2019-q4-major/gcc/bin/../lib/gcc/arm-none-eabi/9.2.1/../../../../arm-none-eabi/lib/thumb/v7e-m+fp/hard/libc_nano.a(lib_a-lock.o)
 .ARM.attributes
                0x00000000000006f1       0x1c /usr/local/Cellar/arm-none-eabi-gcc/9-2019-q4-major/gcc/bin/../lib/gcc/arm-none-eabi/9.2.1/../../../../arm-none-eabi/lib/thumb/v7e-m+fp/hard/libc_nano.a(lib_a-memchr.o)
 .ARM.attributes
                0x000000000000070d       0x34 /usr/local/Cellar/arm-none-eabi-gcc/9-2019-q4-major/gcc/bin/../lib/gcc/arm-none-eabi/9.2.1/../../../../arm-none-eabi/lib/thumb/v7e-m+fp/hard/libc_nano.a(lib_a-memcpy-stub.o)
 .ARM.attributes
                0x0000000000000741       0x34 /usr/local/Cellar/arm-none-eabi-gcc/9-2019-q4-major/gcc/bin/../lib/gcc/arm-none-eabi/9.2.1/../../../../arm-none-eabi/lib/thumb/v7e-m+fp/hard/libc_nano.a(lib_a-memmove.o)
 .ARM.attributes
                0x0000000000000775       0x34 /usr/local/Cellar/arm-none-eabi-gcc/9-2019-q4-major/gcc/bin/../lib/gcc/arm-none-eabi/9.2.1/../../../../arm-none-eabi/lib/thumb/v7e-m+fp/hard/libc_nano.a(lib_a-nano-reallocr.o)
 .ARM.attributes
                0x00000000000007a9       0x34 /usr/local/Cellar/arm-none-eabi-gcc/9-2019-q4-major/gcc/bin/../lib/gcc/arm-none-eabi/9.2.1/../../../../arm-none-eabi/lib/thumb/v7e-m+fp/hard/libc_nano.a(lib_a-nano-msizer.o)
 .ARM.attributes
                0x00000000000007dd       0x34 /usr/local/Cellar/arm-none-eabi-gcc/9-2019-q4-major/gcc/bin/../lib/gcc/arm-none-eabi/9.2.1/../../../../arm-none-eabi/lib/thumb/v7e-m+fp/hard/libnosys.a(sbrk.o)
 .ARM.attributes
                0x0000000000000811       0x1e /usr/local/Cellar/arm-none-eabi-gcc/9-2019-q4-major/gcc/bin/../lib/gcc/arm-none-eabi/9.2.1/thumb/v7e-m+fp/hard/libgcc.a(_aeabi_uldivmod.o)
 .ARM.attributes
                0x000000000000082f       0x34 /usr/local/Cellar/arm-none-eabi-gcc/9-2019-q4-major/gcc/bin/../lib/gcc/arm-none-eabi/9.2.1/thumb/v7e-m+fp/hard/libgcc.a(_udivmoddi4.o)
 .ARM.attributes
                0x0000000000000863       0x1e /usr/local/Cellar/arm-none-eabi-gcc/9-2019-q4-major/gcc/bin/../lib/gcc/arm-none-eabi/9.2.1/thumb/v7e-m+fp/hard/libgcc.a(_dvmd_tls.o)
 .ARM.attributes
                0x0000000000000881       0x1e /usr/local/Cellar/arm-none-eabi-gcc/9-2019-q4-major/gcc/bin/../lib/gcc/arm-none-eabi/9.2.1/thumb/v7e-m+fp/hard/crtn.o
OUTPUT(build/VulnerableFirmwareF4.elf elf32-littlearm)

.debug_info     0x0000000000000000    0x142e2
 .debug_info    0x0000000000000000     0x16d8 build/main.o
 .debug_info    0x00000000000016d8      0x78f build/stm32f4xx_it.o
 .debug_info    0x0000000000001e67      0x3e5 build/stm32f4xx_hal_msp.o
 .debug_info    0x000000000000224c     0x117d build/usb_device.o
 .debug_info    0x00000000000033c9      0xf2a build/usbd_desc.o
 .debug_info    0x00000000000042f3     0x13d5 build/usbd_cdc_if.o
 .debug_info    0x00000000000056c8     0x259b build/usbd_conf.o
 .debug_info    0x0000000000007c63     0x1461 build/stm32f4xx_hal_pcd.o
 .debug_info    0x00000000000090c4      0x857 build/stm32f4xx_hal_pcd_ex.o
 .debug_info    0x000000000000991b     0x1c6e build/stm32f4xx_ll_usb.o
 .debug_info    0x000000000000b589      0xa7a build/stm32f4xx_hal_rcc.o
 .debug_info    0x000000000000c003      0x8e4 build/stm32f4xx_hal_gpio.o
 .debug_info    0x000000000000c8e7      0xff6 build/stm32f4xx_hal_cortex.o
 .debug_info    0x000000000000d8dd      0xaa3 build/stm32f4xx_hal.o
 .debug_info    0x000000000000e380      0x625 build/system_stm32f4xx.o
 .debug_info    0x000000000000e9a5     0x1570 build/usbd_core.o
 .debug_info    0x000000000000ff15     0x151a build/usbd_ctlreq.o
 .debug_info    0x000000000001142f     0x121d build/usbd_ioreq.o
 .debug_info    0x000000000001264c     0x1c74 build/usbd_cdc.o
 .debug_info    0x00000000000142c0       0x22 build/startup_stm32f407xx.o

.debug_abbrev   0x0000000000000000     0x2c6a
 .debug_abbrev  0x0000000000000000      0x29a build/main.o
 .debug_abbrev  0x000000000000029a      0x161 build/stm32f4xx_it.o
 .debug_abbrev  0x00000000000003fb      0x11c build/stm32f4xx_hal_msp.o
 .debug_abbrev  0x0000000000000517      0x1ff build/usb_device.o
 .debug_abbrev  0x0000000000000716      0x2b6 build/usbd_desc.o
 .debug_abbrev  0x00000000000009cc      0x307 build/usbd_cdc_if.o
 .debug_abbrev  0x0000000000000cd3      0x327 build/usbd_conf.o
 .debug_abbrev  0x0000000000000ffa      0x27d build/stm32f4xx_hal_pcd.o
 .debug_abbrev  0x0000000000001277      0x1d8 build/stm32f4xx_hal_pcd_ex.o
 .debug_abbrev  0x000000000000144f      0x295 build/stm32f4xx_ll_usb.o
 .debug_abbrev  0x00000000000016e4      0x274 build/stm32f4xx_hal_rcc.o
 .debug_abbrev  0x0000000000001958      0x1f0 build/stm32f4xx_hal_gpio.o
 .debug_abbrev  0x0000000000001b48      0x319 build/stm32f4xx_hal_cortex.o
 .debug_abbrev  0x0000000000001e61      0x1ec build/stm32f4xx_hal.o
 .debug_abbrev  0x000000000000204d      0x144 build/system_stm32f4xx.o
 .debug_abbrev  0x0000000000002191      0x2b2 build/usbd_core.o
 .debug_abbrev  0x0000000000002443      0x2f7 build/usbd_ctlreq.o
 .debug_abbrev  0x000000000000273a      0x225 build/usbd_ioreq.o
 .debug_abbrev  0x000000000000295f      0x2f9 build/usbd_cdc.o
 .debug_abbrev  0x0000000000002c58       0x12 build/startup_stm32f407xx.o

.debug_loc      0x0000000000000000     0x5bad
 .debug_loc     0x0000000000000000      0x112 build/main.o
 .debug_loc     0x0000000000000112      0x200 build/stm32f4xx_it.o
 .debug_loc     0x0000000000000312       0x5c build/stm32f4xx_hal_msp.o
 .debug_loc     0x000000000000036e       0x2c build/usb_device.o
 .debug_loc     0x000000000000039a      0x2f4 build/usbd_desc.o
 .debug_loc     0x000000000000068e      0x1c8 build/usbd_cdc_if.o
 .debug_loc     0x0000000000000856      0x9e0 build/usbd_conf.o
 .debug_loc     0x0000000000001236      0xc03 build/stm32f4xx_hal_pcd.o
 .debug_loc     0x0000000000001e39      0x170 build/stm32f4xx_hal_pcd_ex.o
 .debug_loc     0x0000000000001fa9     0x1134 build/stm32f4xx_ll_usb.o
 .debug_loc     0x00000000000030dd      0x3d0 build/stm32f4xx_hal_rcc.o
 .debug_loc     0x00000000000034ad      0x2d4 build/stm32f4xx_hal_gpio.o
 .debug_loc     0x0000000000003781      0x9f4 build/stm32f4xx_hal_cortex.o
 .debug_loc     0x0000000000004175      0x720 build/stm32f4xx_hal.o
 .debug_loc     0x0000000000004895       0xa0 build/system_stm32f4xx.o
 .debug_loc     0x0000000000004935      0x67c build/usbd_core.o
 .debug_loc     0x0000000000004fb1      0x4c8 build/usbd_ctlreq.o
 .debug_loc     0x0000000000005479      0x230 build/usbd_ioreq.o
 .debug_loc     0x00000000000056a9      0x504 build/usbd_cdc.o

.debug_aranges  0x0000000000000000      0xb00
 .debug_aranges
                0x0000000000000000       0x38 build/main.o
 .debug_aranges
                0x0000000000000038       0x68 build/stm32f4xx_it.o
 .debug_aranges
                0x00000000000000a0       0x20 build/stm32f4xx_hal_msp.o
 .debug_aranges
                0x00000000000000c0       0x20 build/usb_device.o
 .debug_aranges
                0x00000000000000e0       0x60 build/usbd_desc.o
 .debug_aranges
                0x0000000000000140       0x48 build/usbd_cdc_if.o
 .debug_aranges
                0x0000000000000188      0x110 build/usbd_conf.o
 .debug_aranges
                0x0000000000000298      0x138 build/stm32f4xx_hal_pcd.o
 .debug_aranges
                0x00000000000003d0       0x38 build/stm32f4xx_hal_pcd_ex.o
 .debug_aranges
                0x0000000000000408      0x198 build/stm32f4xx_ll_usb.o
 .debug_aranges
                0x00000000000005a0       0x88 build/stm32f4xx_hal_rcc.o
 .debug_aranges
                0x0000000000000628       0x58 build/stm32f4xx_hal_gpio.o
 .debug_aranges
                0x0000000000000680      0x118 build/stm32f4xx_hal_cortex.o
 .debug_aranges
                0x0000000000000798       0xf0 build/stm32f4xx_hal.o
 .debug_aranges
                0x0000000000000888       0x28 build/system_stm32f4xx.o
 .debug_aranges
                0x00000000000008b0       0xb8 build/usbd_core.o
 .debug_aranges
                0x0000000000000968       0x90 build/usbd_ctlreq.o
 .debug_aranges
                0x00000000000009f8       0x50 build/usbd_ioreq.o
 .debug_aranges
                0x0000000000000a48       0x90 build/usbd_cdc.o
 .debug_aranges
                0x0000000000000ad8       0x28 build/startup_stm32f407xx.o

.debug_ranges   0x0000000000000000      0x9c8
 .debug_ranges  0x0000000000000000       0x28 build/main.o
 .debug_ranges  0x0000000000000028       0x58 build/stm32f4xx_it.o
 .debug_ranges  0x0000000000000080       0x10 build/stm32f4xx_hal_msp.o
 .debug_ranges  0x0000000000000090       0x10 build/usb_device.o
 .debug_ranges  0x00000000000000a0       0x50 build/usbd_desc.o
 .debug_ranges  0x00000000000000f0       0x38 build/usbd_cdc_if.o
 .debug_ranges  0x0000000000000128      0x100 build/usbd_conf.o
 .debug_ranges  0x0000000000000228      0x128 build/stm32f4xx_hal_pcd.o
 .debug_ranges  0x0000000000000350       0x28 build/stm32f4xx_hal_pcd_ex.o
 .debug_ranges  0x0000000000000378      0x188 build/stm32f4xx_ll_usb.o
 .debug_ranges  0x0000000000000500       0x78 build/stm32f4xx_hal_rcc.o
 .debug_ranges  0x0000000000000578       0x48 build/stm32f4xx_hal_gpio.o
 .debug_ranges  0x00000000000005c0      0x108 build/stm32f4xx_hal_cortex.o
 .debug_ranges  0x00000000000006c8       0xe0 build/stm32f4xx_hal.o
 .debug_ranges  0x00000000000007a8       0x18 build/system_stm32f4xx.o
 .debug_ranges  0x00000000000007c0       0xa8 build/usbd_core.o
 .debug_ranges  0x0000000000000868       0x80 build/usbd_ctlreq.o
 .debug_ranges  0x00000000000008e8       0x40 build/usbd_ioreq.o
 .debug_ranges  0x0000000000000928       0x80 build/usbd_cdc.o
 .debug_ranges  0x00000000000009a8       0x20 build/startup_stm32f407xx.o

.debug_line     0x0000000000000000     0x7b7c
 .debug_line    0x0000000000000000      0x445 build/main.o
 .debug_line    0x0000000000000445      0x2d4 build/stm32f4xx_it.o
 .debug_line    0x0000000000000719      0x1c8 build/stm32f4xx_hal_msp.o
 .debug_line    0x00000000000008e1      0x35c build/usb_device.o
 .debug_line    0x0000000000000c3d      0x438 build/usbd_desc.o
 .debug_line    0x0000000000001075      0x3cf build/usbd_cdc_if.o
 .debug_line    0x0000000000001444      0x7e3 build/usbd_conf.o
 .debug_line    0x0000000000001c27      0xe48 build/stm32f4xx_hal_pcd.o
 .debug_line    0x0000000000002a6f      0x2e0 build/stm32f4xx_hal_pcd_ex.o
 .debug_line    0x0000000000002d4f     0x13c6 build/stm32f4xx_ll_usb.o
 .debug_line    0x0000000000004115      0x8a4 build/stm32f4xx_hal_rcc.o
 .debug_line    0x00000000000049b9      0x66f build/stm32f4xx_hal_gpio.o
 .debug_line    0x0000000000005028      0x7a0 build/stm32f4xx_hal_cortex.o
 .debug_line    0x00000000000057c8      0x4df build/stm32f4xx_hal.o
 .debug_line    0x0000000000005ca7      0x253 build/system_stm32f4xx.o
 .debug_line    0x0000000000005efa      0x75c build/usbd_core.o
 .debug_line    0x0000000000006656      0x9dc build/usbd_ctlreq.o
 .debug_line    0x0000000000007032      0x3b3 build/usbd_ioreq.o
 .debug_line    0x00000000000073e5      0x721 build/usbd_cdc.o
 .debug_line    0x0000000000007b06       0x76 build/startup_stm32f407xx.o

.debug_str      0x0000000000000000     0x38d8
 .debug_str     0x0000000000000000      0xcce build/main.o
                                        0xdd6 (size before relaxing)
 .debug_str     0x0000000000000cce      0x417 build/stm32f4xx_it.o
                                        0x760 (size before relaxing)
 .debug_str     0x00000000000010e5       0x29 build/stm32f4xx_hal_msp.o
                                        0x42f (size before relaxing)
 .debug_str     0x000000000000110e       0x6a build/usb_device.o
                                        0xb86 (size before relaxing)
 .debug_str     0x0000000000001178      0x172 build/usbd_desc.o
                                        0x997 (size before relaxing)
 .debug_str     0x00000000000012ea       0xef build/usbd_cdc_if.o
                                        0xc68 (size before relaxing)
 .debug_str     0x00000000000013d9      0x888 build/usbd_conf.o
                                       0x1854 (size before relaxing)
 .debug_str     0x0000000000001c61      0x40c build/stm32f4xx_hal_pcd.o
                                        0xc47 (size before relaxing)
 .debug_str     0x000000000000206d      0x164 build/stm32f4xx_hal_pcd_ex.o
                                        0x860 (size before relaxing)
 .debug_str     0x00000000000021d1      0x684 build/stm32f4xx_ll_usb.o
                                        0xdb6 (size before relaxing)
 .debug_str     0x0000000000002855      0x1f4 build/stm32f4xx_hal_rcc.o
                                        0x7f9 (size before relaxing)
 .debug_str     0x0000000000002a49      0x14f build/stm32f4xx_hal_gpio.o
                                        0x642 (size before relaxing)
 .debug_str     0x0000000000002b98      0x4bf build/stm32f4xx_hal_cortex.o
                                        0xd7c (size before relaxing)
 .debug_str     0x0000000000003057      0x257 build/stm32f4xx_hal.o
                                        0xbf8 (size before relaxing)
 .debug_str     0x00000000000032ae       0x47 build/system_stm32f4xx.o
                                        0x4ab (size before relaxing)
 .debug_str     0x00000000000032f5      0x1b2 build/usbd_core.o
                                        0xcb0 (size before relaxing)
 .debug_str     0x00000000000034a7      0x14a build/usbd_ctlreq.o
                                        0xc6e (size before relaxing)
 .debug_str     0x00000000000035f1       0xc6 build/usbd_ioreq.o
                                        0xbbe (size before relaxing)
 .debug_str     0x00000000000036b7      0x1fd build/usbd_cdc.o
                                       0x115e (size before relaxing)
 .debug_str     0x00000000000038b4       0x24 build/startup_stm32f407xx.o
                                         0xde (size before relaxing)

.comment        0x0000000000000000       0x79
 .comment       0x0000000000000000       0x79 build/main.o
                                         0x7a (size before relaxing)
 .comment       0x0000000000000079       0x7a build/stm32f4xx_it.o
 .comment       0x0000000000000079       0x7a build/stm32f4xx_hal_msp.o
 .comment       0x0000000000000079       0x7a build/usb_device.o
 .comment       0x0000000000000079       0x7a build/usbd_desc.o
 .comment       0x0000000000000079       0x7a build/usbd_cdc_if.o
 .comment       0x0000000000000079       0x7a build/usbd_conf.o
 .comment       0x0000000000000079       0x7a build/stm32f4xx_hal_pcd.o
 .comment       0x0000000000000079       0x7a build/stm32f4xx_hal_pcd_ex.o
 .comment       0x0000000000000079       0x7a build/stm32f4xx_ll_usb.o
 .comment       0x0000000000000079       0x7a build/stm32f4xx_hal_rcc.o
 .comment       0x0000000000000079       0x7a build/stm32f4xx_hal_gpio.o
 .comment       0x0000000000000079       0x7a build/stm32f4xx_hal_cortex.o
 .comment       0x0000000000000079       0x7a build/stm32f4xx_hal.o
 .comment       0x0000000000000079       0x7a build/system_stm32f4xx.o
 .comment       0x0000000000000079       0x7a build/usbd_core.o
 .comment       0x0000000000000079       0x7a build/usbd_ctlreq.o
 .comment       0x0000000000000079       0x7a build/usbd_ioreq.o
 .comment       0x0000000000000079       0x7a build/usbd_cdc.o

.debug_frame    0x0000000000000000     0x3228
 .debug_frame   0x0000000000000000       0x9c build/main.o
 .debug_frame   0x000000000000009c      0x140 build/stm32f4xx_it.o
 .debug_frame   0x00000000000001dc       0x38 build/stm32f4xx_hal_msp.o
 .debug_frame   0x0000000000000214       0x2c build/usb_device.o
 .debug_frame   0x0000000000000240      0x178 build/usbd_desc.o
 .debug_frame   0x00000000000003b8       0xf0 build/usbd_cdc_if.o
 .debug_frame   0x00000000000004a8      0x4e8 build/usbd_conf.o
 .debug_frame   0x0000000000000990      0x5c0 build/stm32f4xx_hal_pcd.o
 .debug_frame   0x0000000000000f50       0xb0 build/stm32f4xx_hal_pcd_ex.o
 .debug_frame   0x0000000000001000      0x7bc build/stm32f4xx_ll_usb.o
 .debug_frame   0x00000000000017bc      0x214 build/stm32f4xx_hal_rcc.o
 .debug_frame   0x00000000000019d0      0x154 build/stm32f4xx_hal_gpio.o
 .debug_frame   0x0000000000001b24      0x4d4 build/stm32f4xx_hal_cortex.o
 .debug_frame   0x0000000000001ff8      0x3d8 build/stm32f4xx_hal.o
 .debug_frame   0x00000000000023d0       0x5c build/system_stm32f4xx.o
 .debug_frame   0x000000000000242c      0x330 build/usbd_core.o
 .debug_frame   0x000000000000275c      0x268 build/usbd_ctlreq.o
 .debug_frame   0x00000000000029c4      0x128 build/usbd_ioreq.o
 .debug_frame   0x0000000000002aec      0x268 build/usbd_cdc.o
 .debug_frame   0x0000000000002d54       0x2c /usr/local/Cellar/arm-none-eabi-gcc/9-2019-q4-major/gcc/bin/../lib/gcc/arm-none-eabi/9.2.1/../../../../arm-none-eabi/lib/thumb/v7e-m+fp/hard/libc_nano.a(lib_a-init.o)
 .debug_frame   0x0000000000002d80       0x30 /usr/local/Cellar/arm-none-eabi-gcc/9-2019-q4-major/gcc/bin/../lib/gcc/arm-none-eabi/9.2.1/../../../../arm-none-eabi/lib/thumb/v7e-m+fp/hard/libc_nano.a(lib_a-malloc.o)
 .debug_frame   0x0000000000002db0       0x20 /usr/local/Cellar/arm-none-eabi-gcc/9-2019-q4-major/gcc/bin/../lib/gcc/arm-none-eabi/9.2.1/../../../../arm-none-eabi/lib/thumb/v7e-m+fp/hard/libc_nano.a(lib_a-memset.o)
 .debug_frame   0x0000000000002dd0       0x38 /usr/local/Cellar/arm-none-eabi-gcc/9-2019-q4-major/gcc/bin/../lib/gcc/arm-none-eabi/9.2.1/../../../../arm-none-eabi/lib/thumb/v7e-m+fp/hard/libc_nano.a(lib_a-nano-freer.o)
 .debug_frame   0x0000000000002e08       0x30 /usr/local/Cellar/arm-none-eabi-gcc/9-2019-q4-major/gcc/bin/../lib/gcc/arm-none-eabi/9.2.1/../../../../arm-none-eabi/lib/thumb/v7e-m+fp/hard/libc_nano.a(lib_a-nano-mallocr.o)
 .debug_frame   0x0000000000002e38       0x2c /usr/local/Cellar/arm-none-eabi-gcc/9-2019-q4-major/gcc/bin/../lib/gcc/arm-none-eabi/9.2.1/../../../../arm-none-eabi/lib/thumb/v7e-m+fp/hard/libc_nano.a(lib_a-sbrkr.o)
 .debug_frame   0x0000000000002e64       0x6c /usr/local/Cellar/arm-none-eabi-gcc/9-2019-q4-major/gcc/bin/../lib/gcc/arm-none-eabi/9.2.1/../../../../arm-none-eabi/lib/thumb/v7e-m+fp/hard/libc_nano.a(lib_a-sprintf.o)
 .debug_frame   0x0000000000002ed0       0x30 /usr/local/Cellar/arm-none-eabi-gcc/9-2019-q4-major/gcc/bin/../lib/gcc/arm-none-eabi/9.2.1/../../../../arm-none-eabi/lib/thumb/v7e-m+fp/hard/libc_nano.a(lib_a-mlock.o)
 .debug_frame   0x0000000000002f00       0x90 /usr/local/Cellar/arm-none-eabi-gcc/9-2019-q4-major/gcc/bin/../lib/gcc/arm-none-eabi/9.2.1/../../../../arm-none-eabi/lib/thumb/v7e-m+fp/hard/libc_nano.a(lib_a-nano-svfprintf.o)
 .debug_frame   0x0000000000002f90       0x60 /usr/local/Cellar/arm-none-eabi-gcc/9-2019-q4-major/gcc/bin/../lib/gcc/arm-none-eabi/9.2.1/../../../../arm-none-eabi/lib/thumb/v7e-m+fp/hard/libc_nano.a(lib_a-nano-vfprintf_i.o)
 .debug_frame   0x0000000000002ff0       0x5c /usr/local/Cellar/arm-none-eabi-gcc/9-2019-q4-major/gcc/bin/../lib/gcc/arm-none-eabi/9.2.1/../../../../arm-none-eabi/lib/thumb/v7e-m+fp/hard/libc_nano.a(lib_a-reent.o)
 .debug_frame   0x000000000000304c       0xb0 /usr/local/Cellar/arm-none-eabi-gcc/9-2019-q4-major/gcc/bin/../lib/gcc/arm-none-eabi/9.2.1/../../../../arm-none-eabi/lib/thumb/v7e-m+fp/hard/libc_nano.a(lib_a-lock.o)
 .debug_frame   0x00000000000030fc       0x28 /usr/local/Cellar/arm-none-eabi-gcc/9-2019-q4-major/gcc/bin/../lib/gcc/arm-none-eabi/9.2.1/../../../../arm-none-eabi/lib/thumb/v7e-m+fp/hard/libc_nano.a(lib_a-memcpy-stub.o)
 .debug_frame   0x0000000000003124       0x28 /usr/local/Cellar/arm-none-eabi-gcc/9-2019-q4-major/gcc/bin/../lib/gcc/arm-none-eabi/9.2.1/../../../../arm-none-eabi/lib/thumb/v7e-m+fp/hard/libc_nano.a(lib_a-memmove.o)
 .debug_frame   0x000000000000314c       0x3c /usr/local/Cellar/arm-none-eabi-gcc/9-2019-q4-major/gcc/bin/../lib/gcc/arm-none-eabi/9.2.1/../../../../arm-none-eabi/lib/thumb/v7e-m+fp/hard/libc_nano.a(lib_a-nano-reallocr.o)
 .debug_frame   0x0000000000003188       0x20 /usr/local/Cellar/arm-none-eabi-gcc/9-2019-q4-major/gcc/bin/../lib/gcc/arm-none-eabi/9.2.1/../../../../arm-none-eabi/lib/thumb/v7e-m+fp/hard/libc_nano.a(lib_a-nano-msizer.o)
 .debug_frame   0x00000000000031a8       0x20 /usr/local/Cellar/arm-none-eabi-gcc/9-2019-q4-major/gcc/bin/../lib/gcc/arm-none-eabi/9.2.1/../../../../arm-none-eabi/lib/thumb/v7e-m+fp/hard/libnosys.a(sbrk.o)
 .debug_frame   0x00000000000031c8       0x2c /usr/local/Cellar/arm-none-eabi-gcc/9-2019-q4-major/gcc/bin/../lib/gcc/arm-none-eabi/9.2.1/thumb/v7e-m+fp/hard/libgcc.a(_aeabi_uldivmod.o)
 .debug_frame   0x00000000000031f4       0x34 /usr/local/Cellar/arm-none-eabi-gcc/9-2019-q4-major/gcc/bin/../lib/gcc/arm-none-eabi/9.2.1/thumb/v7e-m+fp/hard/libgcc.a(_udivmoddi4.o)

Cross Reference Table

Symbol                                            File
ADC_IRQHandler                                    build/startup_stm32f407xx.o
AHBPrescTable                                     build/system_stm32f4xx.o
                                                  build/stm32f4xx_hal_rcc.o
APBPrescTable                                     build/system_stm32f4xx.o
                                                  build/stm32f4xx_hal_rcc.o
BusFault_Handler                                  build/stm32f4xx_it.o
CAN1_RX0_IRQHandler                               build/startup_stm32f407xx.o
CAN1_RX1_IRQHandler                               build/startup_stm32f407xx.o
CAN1_SCE_IRQHandler                               build/startup_stm32f407xx.o
CAN1_TX_IRQHandler                                build/startup_stm32f407xx.o
CAN2_RX0_IRQHandler                               build/startup_stm32f407xx.o
CAN2_RX1_IRQHandler                               build/startup_stm32f407xx.o
CAN2_SCE_IRQHandler                               build/startup_stm32f407xx.o
CAN2_TX_IRQHandler                                build/startup_stm32f407xx.o
CDC_Transmit_FS                                   build/usbd_cdc_if.o
DCMI_IRQHandler                                   build/startup_stm32f407xx.o
DMA1_Stream0_IRQHandler                           build/startup_stm32f407xx.o
DMA1_Stream1_IRQHandler                           build/startup_stm32f407xx.o
DMA1_Stream2_IRQHandler                           build/startup_stm32f407xx.o
DMA1_Stream3_IRQHandler                           build/startup_stm32f407xx.o
DMA1_Stream4_IRQHandler                           build/startup_stm32f407xx.o
DMA1_Stream5_IRQHandler                           build/startup_stm32f407xx.o
DMA1_Stream6_IRQHandler                           build/startup_stm32f407xx.o
DMA1_Stream7_IRQHandler                           build/startup_stm32f407xx.o
DMA2_Stream0_IRQHandler                           build/startup_stm32f407xx.o
DMA2_Stream1_IRQHandler                           build/startup_stm32f407xx.o
DMA2_Stream2_IRQHandler                           build/startup_stm32f407xx.o
DMA2_Stream3_IRQHandler                           build/startup_stm32f407xx.o
DMA2_Stream4_IRQHandler                           build/startup_stm32f407xx.o
DMA2_Stream5_IRQHandler                           build/startup_stm32f407xx.o
DMA2_Stream6_IRQHandler                           build/startup_stm32f407xx.o
DMA2_Stream7_IRQHandler                           build/startup_stm32f407xx.o
DebugMon_Handler                                  build/stm32f4xx_it.o
Default_Handler                                   build/startup_stm32f407xx.o
ETH_IRQHandler                                    build/startup_stm32f407xx.o
ETH_WKUP_IRQHandler                               build/startup_stm32f407xx.o
EXTI0_IRQHandler                                  build/startup_stm32f407xx.o
EXTI15_10_IRQHandler                              build/startup_stm32f407xx.o
EXTI1_IRQHandler                                  build/startup_stm32f407xx.o
EXTI2_IRQHandler                                  build/startup_stm32f407xx.o
EXTI3_IRQHandler                                  build/startup_stm32f407xx.o
EXTI4_IRQHandler                                  build/startup_stm32f407xx.o
EXTI9_5_IRQHandler                                build/startup_stm32f407xx.o
Error_Handler                                     build/main.o
                                                  build/usbd_conf.o
                                                  build/usb_device.o
FLASH_Erase_Sector                                build/stm32f4xx_hal_flash_ex.o
                                                  build/stm32f4xx_hal_flash.o
FLASH_FlushCaches                                 build/stm32f4xx_hal_flash_ex.o
                                                  build/stm32f4xx_hal_flash.o
FLASH_IRQHandler                                  build/startup_stm32f407xx.o
FLASH_WaitForLastOperation                        build/stm32f4xx_hal_flash.o
                                                  build/stm32f4xx_hal_flash_ex.o
FPU_IRQHandler                                    build/startup_stm32f407xx.o
FSMC_IRQHandler                                   build/startup_stm32f407xx.o
FS_Desc                                           build/usbd_desc.o
                                                  build/usb_device.o
HAL_DBGMCU_DisableDBGSleepMode                    build/stm32f4xx_hal.o
HAL_DBGMCU_DisableDBGStandbyMode                  build/stm32f4xx_hal.o
HAL_DBGMCU_DisableDBGStopMode                     build/stm32f4xx_hal.o
HAL_DBGMCU_EnableDBGSleepMode                     build/stm32f4xx_hal.o
HAL_DBGMCU_EnableDBGStandbyMode                   build/stm32f4xx_hal.o
HAL_DBGMCU_EnableDBGStopMode                      build/stm32f4xx_hal.o
HAL_DMAEx_ChangeMemory                            build/stm32f4xx_hal_dma_ex.o
HAL_DMAEx_MultiBufferStart                        build/stm32f4xx_hal_dma_ex.o
HAL_DMAEx_MultiBufferStart_IT                     build/stm32f4xx_hal_dma_ex.o
HAL_DMA_Abort                                     build/stm32f4xx_hal_dma.o
HAL_DMA_Abort_IT                                  build/stm32f4xx_hal_dma.o
HAL_DMA_DeInit                                    build/stm32f4xx_hal_dma.o
HAL_DMA_GetError                                  build/stm32f4xx_hal_dma.o
HAL_DMA_GetState                                  build/stm32f4xx_hal_dma.o
HAL_DMA_IRQHandler                                build/stm32f4xx_hal_dma.o
HAL_DMA_Init                                      build/stm32f4xx_hal_dma.o
HAL_DMA_PollForTransfer                           build/stm32f4xx_hal_dma.o
HAL_DMA_RegisterCallback                          build/stm32f4xx_hal_dma.o
HAL_DMA_Start                                     build/stm32f4xx_hal_dma.o
HAL_DMA_Start_IT                                  build/stm32f4xx_hal_dma.o
HAL_DMA_UnRegisterCallback                        build/stm32f4xx_hal_dma.o
HAL_DeInit                                        build/stm32f4xx_hal.o
HAL_Delay                                         build/stm32f4xx_hal.o
                                                  build/stm32f4xx_ll_usb.o
                                                  build/usbd_conf.o
HAL_DisableCompensationCell                       build/stm32f4xx_hal.o
HAL_EXTI_ClearConfigLine                          build/stm32f4xx_hal_exti.o
HAL_EXTI_ClearPending                             build/stm32f4xx_hal_exti.o
HAL_EXTI_GenerateSWI                              build/stm32f4xx_hal_exti.o
HAL_EXTI_GetConfigLine                            build/stm32f4xx_hal_exti.o
HAL_EXTI_GetHandle                                build/stm32f4xx_hal_exti.o
HAL_EXTI_GetPending                               build/stm32f4xx_hal_exti.o
HAL_EXTI_IRQHandler                               build/stm32f4xx_hal_exti.o
HAL_EXTI_RegisterCallback                         build/stm32f4xx_hal_exti.o
HAL_EXTI_SetConfigLine                            build/stm32f4xx_hal_exti.o
HAL_EnableCompensationCell                        build/stm32f4xx_hal.o
HAL_FLASHEx_Erase                                 build/stm32f4xx_hal_flash_ex.o
HAL_FLASHEx_Erase_IT                              build/stm32f4xx_hal_flash_ex.o
HAL_FLASHEx_OBGetConfig                           build/stm32f4xx_hal_flash_ex.o
HAL_FLASHEx_OBProgram                             build/stm32f4xx_hal_flash_ex.o
HAL_FLASH_EndOfOperationCallback                  build/stm32f4xx_hal_flash.o
HAL_FLASH_GetError                                build/stm32f4xx_hal_flash.o
HAL_FLASH_IRQHandler                              build/stm32f4xx_hal_flash.o
HAL_FLASH_Lock                                    build/stm32f4xx_hal_flash.o
HAL_FLASH_OB_Launch                               build/stm32f4xx_hal_flash.o
HAL_FLASH_OB_Lock                                 build/stm32f4xx_hal_flash.o
HAL_FLASH_OB_Unlock                               build/stm32f4xx_hal_flash.o
HAL_FLASH_OperationErrorCallback                  build/stm32f4xx_hal_flash.o
HAL_FLASH_Program                                 build/stm32f4xx_hal_flash.o
HAL_FLASH_Program_IT                              build/stm32f4xx_hal_flash.o
HAL_FLASH_Unlock                                  build/stm32f4xx_hal_flash.o
HAL_GPIO_DeInit                                   build/stm32f4xx_hal_gpio.o
                                                  build/usbd_conf.o
HAL_GPIO_EXTI_Callback                            build/stm32f4xx_hal_gpio.o
HAL_GPIO_EXTI_IRQHandler                          build/stm32f4xx_hal_gpio.o
HAL_GPIO_Init                                     build/stm32f4xx_hal_gpio.o
                                                  build/stm32f4xx_hal_rcc.o
                                                  build/usbd_conf.o
HAL_GPIO_LockPin                                  build/stm32f4xx_hal_gpio.o
HAL_GPIO_ReadPin                                  build/stm32f4xx_hal_gpio.o
HAL_GPIO_TogglePin                                build/stm32f4xx_hal_gpio.o
HAL_GPIO_WritePin                                 build/stm32f4xx_hal_gpio.o
HAL_GetDEVID                                      build/stm32f4xx_hal.o
HAL_GetHalVersion                                 build/stm32f4xx_hal.o
HAL_GetREVID                                      build/stm32f4xx_hal.o
HAL_GetTick                                       build/stm32f4xx_hal.o
                                                  build/stm32f4xx_hal_pwr_ex.o
                                                  build/stm32f4xx_hal_dma.o
                                                  build/stm32f4xx_hal_flash.o
                                                  build/stm32f4xx_hal_rcc_ex.o
                                                  build/stm32f4xx_hal_rcc.o
HAL_GetTickFreq                                   build/stm32f4xx_hal.o
HAL_GetTickPrio                                   build/stm32f4xx_hal.o
HAL_GetUIDw0                                      build/stm32f4xx_hal.o
HAL_GetUIDw1                                      build/stm32f4xx_hal.o
HAL_GetUIDw2                                      build/stm32f4xx_hal.o
HAL_IncTick                                       build/stm32f4xx_hal.o
                                                  build/stm32f4xx_it.o
HAL_Init                                          build/stm32f4xx_hal.o
                                                  build/main.o
HAL_InitTick                                      build/stm32f4xx_hal.o
                                                  build/stm32f4xx_hal_rcc_ex.o
                                                  build/stm32f4xx_hal_rcc.o
HAL_MPU_ConfigRegion                              build/stm32f4xx_hal_cortex.o
HAL_MPU_Disable                                   build/stm32f4xx_hal_cortex.o
HAL_MPU_Enable                                    build/stm32f4xx_hal_cortex.o
HAL_MspDeInit                                     build/stm32f4xx_hal.o
HAL_MspInit                                       build/stm32f4xx_hal_msp.o
HAL_NVIC_ClearPendingIRQ                          build/stm32f4xx_hal_cortex.o
HAL_NVIC_DisableIRQ                               build/stm32f4xx_hal_cortex.o
                                                  build/usbd_conf.o
HAL_NVIC_EnableIRQ                                build/stm32f4xx_hal_cortex.o
                                                  build/usbd_conf.o
HAL_NVIC_GetActive                                build/stm32f4xx_hal_cortex.o
HAL_NVIC_GetPendingIRQ                            build/stm32f4xx_hal_cortex.o
HAL_NVIC_GetPriority                              build/stm32f4xx_hal_cortex.o
HAL_NVIC_GetPriorityGrouping                      build/stm32f4xx_hal_cortex.o
HAL_NVIC_SetPendingIRQ                            build/stm32f4xx_hal_cortex.o
HAL_NVIC_SetPriority                              build/stm32f4xx_hal_cortex.o
                                                  build/stm32f4xx_hal.o
                                                  build/usbd_conf.o
HAL_NVIC_SetPriorityGrouping                      build/stm32f4xx_hal_cortex.o
                                                  build/stm32f4xx_hal.o
HAL_NVIC_SystemReset                              build/stm32f4xx_hal_cortex.o
HAL_PCDEx_BCD_Callback                            build/stm32f4xx_hal_pcd_ex.o
HAL_PCDEx_LPM_Callback                            build/stm32f4xx_hal_pcd_ex.o
                                                  build/stm32f4xx_hal_pcd.o
HAL_PCDEx_SetRxFiFo                               build/stm32f4xx_hal_pcd_ex.o
                                                  build/usbd_conf.o
HAL_PCDEx_SetTxFiFo                               build/stm32f4xx_hal_pcd_ex.o
                                                  build/usbd_conf.o